Archive member included to satisfy reference by file (symbol)

c:/program files (x86)/atollic/truestudio for stm32 9.3.0/armtools/bin/../lib/gcc/arm-atollic-eabi/6.3.1/../../../../arm-atollic-eabi/lib/armv6-m\libc.a(lib_a-atoi.o)
                              Sinteck\GUI\screen_frequency.o (atoi)
c:/program files (x86)/atollic/truestudio for stm32 9.3.0/armtools/bin/../lib/gcc/arm-atollic-eabi/6.3.1/../../../../arm-atollic-eabi/lib/armv6-m\libc.a(lib_a-errno.o)
                              Core\Src\syscalls.o (__errno)
c:/program files (x86)/atollic/truestudio for stm32 9.3.0/armtools/bin/../lib/gcc/arm-atollic-eabi/6.3.1/../../../../arm-atollic-eabi/lib/armv6-m\libc.a(lib_a-impure.o)
                              c:/program files (x86)/atollic/truestudio for stm32 9.3.0/armtools/bin/../lib/gcc/arm-atollic-eabi/6.3.1/../../../../arm-atollic-eabi/lib/armv6-m\libc.a(lib_a-errno.o) (_impure_ptr)
c:/program files (x86)/atollic/truestudio for stm32 9.3.0/armtools/bin/../lib/gcc/arm-atollic-eabi/6.3.1/../../../../arm-atollic-eabi/lib/armv6-m\libc.a(lib_a-init.o)
                              startup\startup_stm32g070xx.o (__libc_init_array)
c:/program files (x86)/atollic/truestudio for stm32 9.3.0/armtools/bin/../lib/gcc/arm-atollic-eabi/6.3.1/../../../../arm-atollic-eabi/lib/armv6-m\libc.a(lib_a-malloc.o)
                              Core\Src\stm32_adafruit_sd.o (malloc)
c:/program files (x86)/atollic/truestudio for stm32 9.3.0/armtools/bin/../lib/gcc/arm-atollic-eabi/6.3.1/../../../../arm-atollic-eabi/lib/armv6-m\libc.a(lib_a-mallocr.o)
                              c:/program files (x86)/atollic/truestudio for stm32 9.3.0/armtools/bin/../lib/gcc/arm-atollic-eabi/6.3.1/../../../../arm-atollic-eabi/lib/armv6-m\libc.a(lib_a-malloc.o) (_malloc_r)
c:/program files (x86)/atollic/truestudio for stm32 9.3.0/armtools/bin/../lib/gcc/arm-atollic-eabi/6.3.1/../../../../arm-atollic-eabi/lib/armv6-m\libc.a(lib_a-memcpy-stub.o)
                              lvgl\src\lv_core\lv_obj.o (memcpy)
c:/program files (x86)/atollic/truestudio for stm32 9.3.0/armtools/bin/../lib/gcc/arm-atollic-eabi/6.3.1/../../../../arm-atollic-eabi/lib/armv6-m\libc.a(lib_a-memset.o)
                              Core\Src\main.o (memset)
c:/program files (x86)/atollic/truestudio for stm32 9.3.0/armtools/bin/../lib/gcc/arm-atollic-eabi/6.3.1/../../../../arm-atollic-eabi/lib/armv6-m\libc.a(lib_a-mlock.o)
                              c:/program files (x86)/atollic/truestudio for stm32 9.3.0/armtools/bin/../lib/gcc/arm-atollic-eabi/6.3.1/../../../../arm-atollic-eabi/lib/armv6-m\libc.a(lib_a-mallocr.o) (__malloc_lock)
c:/program files (x86)/atollic/truestudio for stm32 9.3.0/armtools/bin/../lib/gcc/arm-atollic-eabi/6.3.1/../../../../arm-atollic-eabi/lib/armv6-m\libc.a(lib_a-sbrkr.o)
                              c:/program files (x86)/atollic/truestudio for stm32 9.3.0/armtools/bin/../lib/gcc/arm-atollic-eabi/6.3.1/../../../../arm-atollic-eabi/lib/armv6-m\libc.a(lib_a-mallocr.o) (_sbrk_r)
c:/program files (x86)/atollic/truestudio for stm32 9.3.0/armtools/bin/../lib/gcc/arm-atollic-eabi/6.3.1/../../../../arm-atollic-eabi/lib/armv6-m\libc.a(lib_a-sprintf.o)
                              Core\Src\key.o (sprintf)
c:/program files (x86)/atollic/truestudio for stm32 9.3.0/armtools/bin/../lib/gcc/arm-atollic-eabi/6.3.1/../../../../arm-atollic-eabi/lib/armv6-m\libc.a(lib_a-strcmp.o)
                              Core\Src\lv_fs_fatfs.o (strcmp)
c:/program files (x86)/atollic/truestudio for stm32 9.3.0/armtools/bin/../lib/gcc/arm-atollic-eabi/6.3.1/../../../../arm-atollic-eabi/lib/armv6-m\libc.a(lib_a-strcpy.o)
                              Core\Src\lv_fs_fatfs.o (strcpy)
c:/program files (x86)/atollic/truestudio for stm32 9.3.0/armtools/bin/../lib/gcc/arm-atollic-eabi/6.3.1/../../../../arm-atollic-eabi/lib/armv6-m\libc.a(lib_a-strlen.o)
                              Core\Src\key.o (strlen)
c:/program files (x86)/atollic/truestudio for stm32 9.3.0/armtools/bin/../lib/gcc/arm-atollic-eabi/6.3.1/../../../../arm-atollic-eabi/lib/armv6-m\libc.a(lib_a-strtol.o)
                              c:/program files (x86)/atollic/truestudio for stm32 9.3.0/armtools/bin/../lib/gcc/arm-atollic-eabi/6.3.1/../../../../arm-atollic-eabi/lib/armv6-m\libc.a(lib_a-atoi.o) (_strtol_r)
c:/program files (x86)/atollic/truestudio for stm32 9.3.0/armtools/bin/../lib/gcc/arm-atollic-eabi/6.3.1/../../../../arm-atollic-eabi/lib/armv6-m\libc.a(lib_a-svfprintf.o)
                              c:/program files (x86)/atollic/truestudio for stm32 9.3.0/armtools/bin/../lib/gcc/arm-atollic-eabi/6.3.1/../../../../arm-atollic-eabi/lib/armv6-m\libc.a(lib_a-sprintf.o) (_svfprintf_r)
c:/program files (x86)/atollic/truestudio for stm32 9.3.0/armtools/bin/../lib/gcc/arm-atollic-eabi/6.3.1/../../../../arm-atollic-eabi/lib/armv6-m\libc.a(lib_a-dtoa.o)
[...]
Memory Configuration

Name             Origin             Length             Attributes
RAM              0x20000000         0x00009000         xrw
FLASH            0x08000000         0x00020000         xr
*default*        0x00000000         0xffffffff

Linker script and memory map

LOAD c:/program files (x86)/atollic/truestudio for stm32 9.3.0/armtools/bin/../lib/gcc/arm-atollic-eabi/6.3.1/armv6-m/crti.o
LOAD c:/program files (x86)/atollic/truestudio for stm32 9.3.0/armtools/bin/../lib/gcc/arm-atollic-eabi/6.3.1/armv6-m/crtbegin.o
LOAD Core\Src\ST7735.o
LOAD Core\Src\key.o
LOAD Core\Src\lv_fs_fatfs.o
LOAD Core\Src\main.o
LOAD Core\Src\misc.o
LOAD Core\Src\stm32_adafruit_sd.o
LOAD Core\Src\stm32g0xx_hal_msp.o
LOAD Core\Src\stm32g0xx_hal_timebase_tim.o
LOAD Core\Src\stm32g0xx_it.o
LOAD Core\Src\stm32g0xx_nucleo.o
LOAD Core\Src\syscalls.o
LOAD Core\Src\system_stm32g0xx.o
LOAD Core\Src\w25qxx.o
LOAD Drivers\STM32G0xx_HAL_Driver\Src\stm32g0xx_hal.o
LOAD Drivers\STM32G0xx_HAL_Driver\Src\stm32g0xx_hal_adc.o
LOAD Drivers\STM32G0xx_HAL_Driver\Src\stm32g0xx_hal_adc_ex.o
LOAD Drivers\STM32G0xx_HAL_Driver\Src\stm32g0xx_hal_cortex.o
LOAD Drivers\STM32G0xx_HAL_Driver\Src\stm32g0xx_hal_dma.o
LOAD Drivers\STM32G0xx_HAL_Driver\Src\stm32g0xx_hal_dma_ex.o
LOAD Drivers\STM32G0xx_HAL_Driver\Src\stm32g0xx_hal_exti.o
LOAD Drivers\STM32G0xx_HAL_Driver\Src\stm32g0xx_hal_flash.o
LOAD Drivers\STM32G0xx_HAL_Driver\Src\stm32g0xx_hal_flash_ex.o
LOAD Drivers\STM32G0xx_HAL_Driver\Src\stm32g0xx_hal_gpio.o
LOAD Drivers\STM32G0xx_HAL_Driver\Src\stm32g0xx_hal_i2c.o
LOAD Drivers\STM32G0xx_HAL_Driver\Src\stm32g0xx_hal_i2c_ex.o
LOAD Drivers\STM32G0xx_HAL_Driver\Src\stm32g0xx_hal_pwr.o
LOAD Drivers\STM32G0xx_HAL_Driver\Src\stm32g0xx_hal_pwr_ex.o
LOAD Drivers\STM32G0xx_HAL_Driver\Src\stm32g0xx_hal_rcc.o
LOAD Drivers\STM32G0xx_HAL_Driver\Src\stm32g0xx_hal_rcc_ex.o
LOAD Drivers\STM32G0xx_HAL_Driver\Src\stm32g0xx_hal_rtc.o
LOAD Drivers\STM32G0xx_HAL_Driver\Src\stm32g0xx_hal_rtc_ex.o
LOAD Drivers\STM32G0xx_HAL_Driver\Src\stm32g0xx_hal_spi.o
LOAD Drivers\STM32G0xx_HAL_Driver\Src\stm32g0xx_hal_spi_ex.o
LOAD Drivers\STM32G0xx_HAL_Driver\Src\stm32g0xx_hal_tim.o
LOAD Drivers\STM32G0xx_HAL_Driver\Src\stm32g0xx_hal_tim_ex.o
LOAD Drivers\STM32G0xx_HAL_Driver\Src\stm32g0xx_hal_uart.o
LOAD Drivers\STM32G0xx_HAL_Driver\Src\stm32g0xx_hal_uart_ex.o
LOAD Drivers\STM32G0xx_HAL_Driver\Src\stm32g0xx_ll_adc.o
LOAD Drivers\STM32G0xx_HAL_Driver\Src\stm32g0xx_ll_rcc.o
LOAD FATFS\App\app_fatfs.o
LOAD FATFS\Target\sd_diskio.o
LOAD Middlewares\Third_Party\FatFs\src\diskio.o
LOAD Middlewares\Third_Party\FatFs\src\ff.o
LOAD Middlewares\Third_Party\FatFs\src\ff_gen_drv.o
LOAD Middlewares\Third_Party\FatFs\src\option\syscall.o
LOAD Sinteck\Fonts\lv_font_eurostile_10.o
LOAD Sinteck\Fonts\lv_font_eurostile_24.o
LOAD Sinteck\GUI\main_screen.o
LOAD Sinteck\GUI\screen_audio.o
LOAD Sinteck\GUI\screen_frequency.o
LOAD Sinteck\GUI\screen_mpx.o
LOAD Sinteck\GUI\screen_reading_efic.o
LOAD Sinteck\GUI\screen_reading_status.o
LOAD Sinteck\GUI\screen_reading_temp.o
LOAD Sinteck\GUI\screen_reading_vpa.o
LOAD Sinteck\GUI\screen_readings.o
LOAD Sinteck\GUI\screen_rf.o
LOAD Sinteck\GUI\screen_sel.o
LOAD Sinteck\img_inc\Btn_50u.o
LOAD Sinteck\img_inc\Btn_50u_am.o
LOAD Sinteck\img_inc\Btn_75u.o
LOAD Sinteck\img_inc\Btn_75u_am.o
LOAD Sinteck\img_inc\Btn_Audio.o
LOAD Sinteck\img_inc\Btn_Audio_am.o
LOAD Sinteck\img_inc\Btn_Frequency.o
LOAD Sinteck\img_inc\Btn_Frequency_am.o
LOAD Sinteck\img_inc\Btn_RF.o
LOAD Sinteck\img_inc\Btn_RF_am.o
LOAD Sinteck\img_inc\Btn_Readings.o
LOAD Sinteck\img_inc\Btn_Readings_am.o
LOAD Sinteck\img_inc\Btn_mic.o
LOAD Sinteck\img_inc\Btn_mic_am.o
LOAD Sinteck\img_inc\Btn_mono.o
LOAD Sinteck\img_inc\Btn_mono_am.o
LOAD Sinteck\img_inc\Btn_mp3.o
LOAD Sinteck\img_inc\Btn_mp3Next.o
LOAD Sinteck\img_inc\Btn_mp3Next_am.o
LOAD Sinteck\img_inc\Btn_mp3Next_vd.o
LOAD Sinteck\img_inc\Btn_mp3Pause.o
LOAD Sinteck\img_inc\Btn_mp3Pause_am.o
LOAD Sinteck\img_inc\Btn_mp3Pause_vd.o
LOAD Sinteck\img_inc\Btn_mp3Play.o
LOAD Sinteck\img_inc\Btn_mp3Play_am.o
LOAD Sinteck\img_inc\Btn_mp3Play_vd.o
LOAD Sinteck\img_inc\Btn_mp3Prev.o
LOAD Sinteck\img_inc\Btn_mp3Prev_am.o
LOAD Sinteck\img_inc\Btn_mp3Prev_vd.o
LOAD Sinteck\img_inc\Btn_mp3Stop.o
LOAD Sinteck\img_inc\Btn_mp3Stop_am.o
LOAD Sinteck\img_inc\Btn_mp3Stop_vd.o
LOAD Sinteck\img_inc\Btn_mp3_am.o
LOAD Sinteck\img_inc\Btn_mpxext.o
LOAD Sinteck\img_inc\Btn_mpxext_am.o
LOAD Sinteck\img_inc\Btn_mpxint.o
LOAD Sinteck\img_inc\Btn_mpxint_am.o
LOAD Sinteck\img_inc\Btn_next.o
LOAD Sinteck\img_inc\Btn_off.o
LOAD Sinteck\img_inc\Btn_off_am.o
LOAD Sinteck\img_inc\Btn_on.o
LOAD Sinteck\img_inc\Btn_on_am.o
LOAD Sinteck\img_inc\Btn_poweroff.o
LOAD Sinteck\img_inc\Btn_poweroff_am.o
LOAD Sinteck\img_inc\Btn_poweroff_vm.o
LOAD Sinteck\img_inc\Btn_poweron.o
LOAD Sinteck\img_inc\Btn_poweron_am.o
LOAD Sinteck\img_inc\Btn_poweron_vd.o
LOAD Sinteck\img_inc\Btn_prev.o
LOAD Sinteck\img_inc\Btn_stereo.o
LOAD Sinteck\img_inc\Btn_stereo_am.o
LOAD Sinteck\img_inc\stereo_off.o
LOAD Sinteck\img_inc\stereo_vd.o
LOAD Sinteck\img_inc\tela_0.o
LOAD Sinteck\img_inc\tela_audio.o
LOAD Sinteck\img_inc\tela_audio_1.o
LOAD Sinteck\img_inc\tela_audio_2.o
LOAD Sinteck\img_inc\tela_freq.o
LOAD Sinteck\img_inc\tela_reading_audio.o
LOAD Sinteck\img_inc\tela_reading_efic.o
LOAD Sinteck\img_inc\tela_reading_rf.o
LOAD Sinteck\img_inc\tela_reading_temp.o
LOAD Sinteck\img_inc\tela_reading_vpa.o
LOAD Sinteck\img_inc\tela_rf.o
LOAD Sinteck\img_inc\tela_rf_1.o
LOAD Sinteck\img_inc\tela_rf_2.o
LOAD Sinteck\img_inc\tela_sel.o
LOAD Sinteck\img_inc\tela_status.o
LOAD lvgl\porting\lv_port_disp_template.o
LOAD lvgl\porting\lv_port_fs_template.o
LOAD lvgl\porting\lv_port_indev_template.o
LOAD lvgl\src\lv_core\lv_disp.o
LOAD lvgl\src\lv_core\lv_group.o
LOAD lvgl\src\lv_core\lv_indev.o
LOAD lvgl\src\lv_core\lv_obj.o
LOAD lvgl\src\lv_core\lv_refr.o
LOAD lvgl\src\lv_core\lv_style.o
LOAD lvgl\src\lv_draw\lv_draw.o
LOAD lvgl\src\lv_draw\lv_draw_arc.o
LOAD lvgl\src\lv_draw\lv_draw_basic.o
LOAD lvgl\src\lv_draw\lv_draw_img.o
LOAD lvgl\src\lv_draw\lv_draw_label.o
LOAD lvgl\src\lv_draw\lv_draw_line.o
LOAD lvgl\src\lv_draw\lv_draw_rect.o
LOAD lvgl\src\lv_draw\lv_draw_triangle.o
LOAD lvgl\src\lv_draw\lv_img_cache.o
LOAD lvgl\src\lv_draw\lv_img_decoder.o
LOAD lvgl\src\lv_font\lv_font.o
LOAD lvgl\src\lv_font\lv_font_fmt_txt.o
LOAD lvgl\src\lv_font\lv_font_roboto_12.o
LOAD lvgl\src\lv_font\lv_font_roboto_16.o
LOAD lvgl\src\lv_font\lv_font_roboto_22.o
LOAD lvgl\src\lv_font\lv_font_roboto_28.o
LOAD lvgl\src\lv_font\lv_font_unscii_8.o
LOAD lvgl\src\lv_hal\lv_hal_disp.o
LOAD lvgl\src\lv_hal\lv_hal_indev.o
LOAD lvgl\src\lv_hal\lv_hal_tick.o
LOAD lvgl\src\lv_misc\lv_anim.o
LOAD lvgl\src\lv_misc\lv_area.o
LOAD lvgl\src\lv_misc\lv_async.o
LOAD lvgl\src\lv_misc\lv_circ.o
LOAD lvgl\src\lv_misc\lv_color.o
LOAD lvgl\src\lv_misc\lv_fs.o
LOAD lvgl\src\lv_misc\lv_gc.o
LOAD lvgl\src\lv_misc\lv_ll.o
LOAD lvgl\src\lv_misc\lv_log.o
LOAD lvgl\src\lv_misc\lv_math.o
LOAD lvgl\src\lv_misc\lv_mem.o
LOAD lvgl\src\lv_misc\lv_task.o
LOAD lvgl\src\lv_misc\lv_templ.o
LOAD lvgl\src\lv_misc\lv_txt.o
LOAD lvgl\src\lv_misc\lv_utils.o
LOAD lvgl\src\lv_objx\lv_arc.o
LOAD lvgl\src\lv_objx\lv_bar.o
LOAD lvgl\src\lv_objx\lv_btn.o
LOAD lvgl\src\lv_objx\lv_btnm.o
LOAD lvgl\src\lv_objx\lv_calendar.o
LOAD lvgl\src\lv_objx\lv_canvas.o
LOAD lvgl\src\lv_objx\lv_cb.o
LOAD lvgl\src\lv_objx\lv_chart.o
LOAD lvgl\src\lv_objx\lv_cont.o
LOAD lvgl\src\lv_objx\lv_ddlist.o
LOAD lvgl\src\lv_objx\lv_gauge.o
LOAD lvgl\src\lv_objx\lv_img.o
LOAD lvgl\src\lv_objx\lv_imgbtn.o
LOAD lvgl\src\lv_objx\lv_kb.o
LOAD lvgl\src\lv_objx\lv_label.o
LOAD lvgl\src\lv_objx\lv_led.o
LOAD lvgl\src\lv_objx\lv_line.o
LOAD lvgl\src\lv_objx\lv_list.o
LOAD lvgl\src\lv_objx\lv_lmeter.o
LOAD lvgl\src\lv_objx\lv_mbox.o
LOAD lvgl\src\lv_objx\lv_objx_templ.o
LOAD lvgl\src\lv_objx\lv_page.o
LOAD lvgl\src\lv_objx\lv_preload.o
LOAD lvgl\src\lv_objx\lv_roller.o
LOAD lvgl\src\lv_objx\lv_slider.o
LOAD lvgl\src\lv_objx\lv_spinbox.o
LOAD lvgl\src\lv_objx\lv_sw.o
LOAD lvgl\src\lv_objx\lv_ta.o
LOAD lvgl\src\lv_objx\lv_table.o
LOAD lvgl\src\lv_objx\lv_tabview.o
LOAD lvgl\src\lv_objx\lv_tileview.o
LOAD lvgl\src\lv_objx\lv_win.o
LOAD lvgl\src\lv_themes\lv_theme.o
LOAD lvgl\src\lv_themes\lv_theme_alien.o
LOAD lvgl\src\lv_themes\lv_theme_default.o
LOAD lvgl\src\lv_themes\lv_theme_material.o
LOAD lvgl\src\lv_themes\lv_theme_mono.o
LOAD lvgl\src\lv_themes\lv_theme_nemo.o
LOAD lvgl\src\lv_themes\lv_theme_night.o
LOAD lvgl\src\lv_themes\lv_theme_templ.o
LOAD lvgl\src\lv_themes\lv_theme_zen.o
LOAD startup\startup_stm32g070xx.o
                0x00000080                malloc_getpagesize_P = 0x80
START GROUP
LOAD c:/program files (x86)/atollic/truestudio for stm32 9.3.0/armtools/bin/../lib/gcc/arm-atollic-eabi/6.3.1/../../../../arm-atollic-eabi/lib/armv6-m\libc.a
LOAD c:/program files (x86)/atollic/truestudio for stm32 9.3.0/armtools/bin/../lib/gcc/arm-atollic-eabi/6.3.1/../../../../arm-atollic-eabi/lib/armv6-m\libm.a
END GROUP
START GROUP
LOAD c:/program files (x86)/atollic/truestudio for stm32 9.3.0/armtools/bin/../lib/gcc/arm-atollic-eabi/6.3.1/armv6-m\libgcc.a
LOAD c:/program files (x86)/atollic/truestudio for stm32 9.3.0/armtools/bin/../lib/gcc/arm-atollic-eabi/6.3.1/../../../../arm-atollic-eabi/lib/armv6-m\libc.a
END GROUP
START GROUP
LOAD c:/program files (x86)/atollic/truestudio for stm32 9.3.0/armtools/bin/../lib/gcc/arm-atollic-eabi/6.3.1/armv6-m\libgcc.a
LOAD c:/program files (x86)/atollic/truestudio for stm32 9.3.0/armtools/bin/../lib/gcc/arm-atollic-eabi/6.3.1/../../../../arm-atollic-eabi/lib/armv6-m\libc.a
LOAD c:/program files (x86)/atollic/truestudio for stm32 9.3.0/armtools/bin/../lib/gcc/arm-atollic-eabi/6.3.1/../../../../arm-atollic-eabi/lib/armv6-m\libnosys.a
END GROUP
LOAD c:/program files (x86)/atollic/truestudio for stm32 9.3.0/armtools/bin/../lib/gcc/arm-atollic-eabi/6.3.1/armv6-m/crtend.o
LOAD c:/program files (x86)/atollic/truestudio for stm32 9.3.0/armtools/bin/../lib/gcc/arm-atollic-eabi/6.3.1/armv6-m/crtn.o
                0x20009000                _estack = 0x20009000
                0x00000200                _Min_Heap_Size = 0x200
                0x00000400                _Min_Stack_Size = 0x400

.isr_vector     0x08000000       0xb8
                0x08000000                . = ALIGN (0x4)
 *(.isr_vector)
 .isr_vector    0x08000000       0xb8 startup\startup_stm32g070xx.o
                0x08000000                g_pfnVectors
                0x080000b8                . = ALIGN (0x4)

.text           0x080000b8    0x16384
                0x080000b8                . = ALIGN (0x4)
 *(.text)
 .text          0x080000b8       0x48 c:/program files (x86)/atollic/truestudio for stm32 9.3.0/armtools/bin/../lib/gcc/arm-atollic-eabi/6.3.1/armv6-m/crtbegin.o
 .text          0x08000100       0x14 c:/program files (x86)/atollic/truestudio for stm32 9.3.0/armtools/bin/../lib/gcc/arm-atollic-eabi/6.3.1/../../../../arm-atollic-eabi/lib/armv6-m\libc.a(lib_a-strcmp.o)
                0x08000100                strcmp
 .text          0x08000114        0xe c:/program files (x86)/atollic/truestudio for stm32 9.3.0/armtools/bin/../lib/gcc/arm-atollic-eabi/6.3.1/../../../../arm-atollic-eabi/lib/armv6-m\libc.a(lib_a-strlen.o)
                0x08000114                strlen
 *fill*         0x08000122        0x2 
 .text          0x08000124       0x14 c:/program files (x86)/atollic/truestudio for stm32 9.3.0/armtools/bin/../lib/gcc/arm-atollic-eabi/6.3.1/armv6-m\libgcc.a(_thumb1_case_uqi.o)
                0x08000124                __gnu_thumb1_case_uqi
 .text          0x08000138       0x14 c:/program files (x86)/atollic/truestudio for stm32 9.3.0/armtools/bin/../lib/gcc/arm-atollic-eabi/6.3.1/armv6-m\libgcc.a(_thumb1_case_shi.o)
                0x08000138                __gnu_thumb1_case_shi
 .text          0x0800014c       0x14 c:/program files (x86)/atollic/truestudio for stm32 9.3.0/armtools/bin/../lib/gcc/arm-atollic-eabi/6.3.1/armv6-m\libgcc.a(_thumb1_case_uhi.o)
                0x0800014c                __gnu_thumb1_case_uhi
 .text          0x08000160      0x114 c:/program files (x86)/atollic/truestudio for stm32 9.3.0/armtools/bin/../lib/gcc/arm-atollic-eabi/6.3.1/armv6-m\libgcc.a(_udivsi3.o)
                0x08000160                __aeabi_uidiv
                0x08000160                __udivsi3
                0x0800026c                __aeabi_uidivmod
 .text          0x08000274      0x1d4 c:/program files (x86)/atollic/truestudio for stm32 9.3.0/armtools/bin/../lib/gcc/arm-atollic-eabi/6.3.1/armv6-m\libgcc.a(_divsi3.o)
                0x08000274                __divsi3
                0x08000274                __aeabi_idiv
                0x08000440                __aeabi_idivmod
 .text          0x08000448        0x4 c:/program files (x86)/atollic/truestudio for stm32 9.3.0/armtools/bin/../lib/gcc/arm-atollic-eabi/6.3.1/armv6-m\libgcc.a(_dvmd_tls.o)
                0x08000448                __aeabi_idiv0
                0x08000448                __aeabi_ldiv0
 .text          0x0800044c       0x7c c:/program files (x86)/atollic/truestudio for stm32 9.3.0/armtools/bin/../lib/gcc/arm-atollic-eabi/6.3.1/armv6-m\libgcc.a(_arm_cmpdf2.o)
                0x0800044c                __aeabi_cdrcmple
                0x0800045c                __aeabi_cdcmple
                0x0800045c                __aeabi_cdcmpeq
                0x0800046c                __aeabi_dcmpeq
                0x08000478                __aeabi_dcmplt
                0x0800048c                __aeabi_dcmple
                0x080004a0                __aeabi_dcmpgt
                0x080004b4                __aeabi_dcmpge
 .text          0x080004c8       0x40 c:/program files (x86)/atollic/truestudio for stm32 9.3.0/armtools/bin/../lib/gcc/arm-atollic-eabi/6.3.1/armv6-m\libgcc.a(_aeabi_uldivmod.o)
                0x080004c8                __aeabi_uldivmod
 .text          0x08000508       0x3c c:/program files (x86)/atollic/truestudio for stm32 9.3.0/armtools/bin/../lib/gcc/arm-atollic-eabi/6.3.1/armv6-m\libgcc.a(_fixunsdfsi.o)
                0x08000508                __aeabi_d2uiz
                0x08000508                __fixunsdfsi
 .text          0x08000544      0x180 c:/program files (x86)/atollic/truestudio for stm32 9.3.0/armtools/bin/../lib/gcc/arm-atollic-eabi/6.3.1/armv6-m\libgcc.a(_udivmoddi4.o)
                0x08000544                __udivmoddi4
 .text          0x080006c4      0x620 c:/program files (x86)/atollic/truestudio for stm32 9.3.0/armtools/bin/../lib/gcc/arm-atollic-eabi/6.3.1/armv6-m\libgcc.a(adddf3.o)
                0x080006c4                __aeabi_dadd
 .text          0x08000ce4      0x668 c:/program files (x86)/atollic/truestudio for stm32 9.3.0/armtools/bin/../lib/gcc/arm-atollic-eabi/6.3.1/armv6-m\libgcc.a(divdf3.o)
                0x08000ce4                __aeabi_ddiv
 .text          0x0800134c       0x74 c:/program files (x86)/atollic/truestudio for stm32 9.3.0/armtools/bin/../lib/gcc/arm-atollic-eabi/6.3.1/armv6-m\libgcc.a(eqdf2.o)
                0x0800134c                __nedf2
                0x0800134c                __eqdf2
 .text          0x080013c0       0xc8 c:/program files (x86)/atollic/truestudio for stm32 9.3.0/armtools/bin/../lib/gcc/arm-atollic-eabi/6.3.1/armv6-m\libgcc.a(gedf2.o)
                0x080013c0                __gedf2
                0x080013c0                __gtdf2
 .text          0x08001488       0xc4 c:/program files (x86)/atollic/truestudio for stm32 9.3.0/armtools/bin/../lib/gcc/arm-atollic-eabi/6.3.1/armv6-m\libgcc.a(ledf2.o)
                0x08001488                __ledf2
                0x08001488                __ltdf2
 .text          0x0800154c      0x500 c:/program files (x86)/atollic/truestudio for stm32 9.3.0/armtools/bin/../lib/gcc/arm-atollic-eabi/6.3.1/armv6-m\libgcc.a(muldf3.o)
                0x0800154c                __aeabi_dmul
 .text          0x08001a4c      0x62c c:/program files (x86)/atollic/truestudio for stm32 9.3.0/armtools/bin/../lib/gcc/arm-atollic-eabi/6.3.1/armv6-m\libgcc.a(subdf3.o)
                0x08001a4c                __aeabi_dsub
 .text          0x08002078       0x40 c:/program files (x86)/atollic/truestudio for stm32 9.3.0/armtools/bin/../lib/gcc/arm-atollic-eabi/6.3.1/armv6-m\libgcc.a(unorddf2.o)
                0x08002078                __aeabi_dcmpun
 .text          0x080020b8       0x68 c:/program files (x86)/atollic/truestudio for stm32 9.3.0/armtools/bin/../lib/gcc/arm-atollic-eabi/6.3.1/armv6-m\libgcc.a(fixdfsi.o)
                0x080020b8                __aeabi_d2iz
 .text          0x08002120       0x84 c:/program files (x86)/atollic/truestudio for stm32 9.3.0/armtools/bin/../lib/gcc/arm-atollic-eabi/6.3.1/armv6-m\libgcc.a(floatsidf.o)
                0x08002120                __aeabi_i2d
 .text          0x080021a4       0x70 c:/program files (x86)/atollic/truestudio for stm32 9.3.0/armtools/bin/../lib/gcc/arm-atollic-eabi/6.3.1/armv6-m\libgcc.a(floatunsidf.o)
                0x080021a4                __aeabi_ui2d
 .text          0x08002214       0xa4 c:/program files (x86)/atollic/truestudio for stm32 9.3.0/armtools/bin/../lib/gcc/arm-atollic-eabi/6.3.1/armv6-m\libgcc.a(extendsfdf2.o)
                0x08002214                __aeabi_f2d
 .text          0x080022b8       0x3c c:/program files (x86)/atollic/truestudio for stm32 9.3.0/armtools/bin/../lib/gcc/arm-atollic-eabi/6.3.1/armv6-m\libgcc.a(_clzsi2.o)
                0x080022b8                __clzsi2
 .text          0x080022f4       0x18 c:/program files (x86)/atollic/truestudio for stm32 9.3.0/armtools/bin/../lib/gcc/arm-atollic-eabi/6.3.1/armv6-m\libgcc.a(_clzdi2.o)
                0x080022f4                __clzdi2
 *(.text*)
 .text.ST7735_write
                0x0800230c       0x1c Core\Src\ST7735.o
                0x0800230c                ST7735_write
 .text.ST7735_cmd
                0x08002328       0x1c Core\Src\ST7735.o
                0x08002328                ST7735_cmd
 .text.ST7735_data
                0x08002344       0x1c Core\Src\ST7735.o
                0x08002344                ST7735_data
 .text.ST7735_Orientation
                0x08002360       0x64 Core\Src\ST7735.o
                0x08002360                ST7735_Orientation
 .text.ST7735_Init
                0x080023c4      0x118 Core\Src\ST7735.o
                0x080023c4                ST7735_Init
 .text.ST7735_AddrSet
                0x080024dc       0x6c Core\Src\ST7735.o
                0x080024dc                ST7735_AddrSet
 .text.ST7735_Clear
                0x08002548       0x6c Core\Src\ST7735.o
                0x08002548                ST7735_Clear
 .text.ST7735_Flush_2
                0x080025b4       0xd8 Core\Src\ST7735.o
                0x080025b4                ST7735_Flush_2
 .text.ST7735_Flush_3
                0x0800268c        0x8 Core\Src\ST7735.o
                0x0800268c                ST7735_Flush_3
 .text.ClearLog
                0x08002694       0x1c Core\Src\key.o
                0x08002694                ClearLog
 .text.KeyboardInit
                0x080026b0       0x34 Core\Src\key.o
                0x080026b0                KeyboardInit
 .text.KeyboardSetMode
                0x080026e4       0x38 Core\Src\key.o
                0x080026e4                KeyboardSetMode
 .text.PushButton_Read
                0x0800271c       0x40 Core\Src\key.o
                0x0800271c                PushButton_Read
 .text.Evt_EnQueue
                0x0800275c       0x38 Core\Src\key.o
                0x0800275c                Evt_EnQueue
 .text.KeyboardRead
                0x08002794      0x10c Core\Src\key.o
                0x08002794                KeyboardRead
 .text.Key_Read
                0x080028a0       0x14 Core\Src\key.o
                0x080028a0                Key_Read
 .text.Evt_DeQueue
                0x080028b4       0x3c Core\Src\key.o
                0x080028b4                Evt_DeQueue
 .text.Evt_InitQueue
                0x080028f0       0x14 Core\Src\key.o
                0x080028f0                Evt_InitQueue
 .text.KeyboardEvent
                0x08002904       0x50 Core\Src\key.o
                0x08002904                KeyboardEvent
 .text.ButtonEvent
                0x08002954        0x8 Core\Src\key.o
                0x08002954                ButtonEvent
 .text.fs_size  0x0800295c        0x8 Core\Src\lv_fs_fatfs.o
 .text.fs_tell  0x08002964        0x8 Core\Src\lv_fs_fatfs.o
 .text.fs_remove
                0x0800296c        0x4 Core\Src\lv_fs_fatfs.o
 .text.fs_free  0x08002970        0x4 Core\Src\lv_fs_fatfs.o
 .text.fs_dir_read
                0x08002974       0x68 Core\Src\lv_fs_fatfs.o
 .text.fs_dir_open
                0x080029dc       0x14 Core\Src\lv_fs_fatfs.o
 .text.fs_dir_close
                0x080029f0        0xc Core\Src\lv_fs_fatfs.o
 .text.fs_trunc
                0x080029fc       0x14 Core\Src\lv_fs_fatfs.o
 .text.fs_rename
                0x08002a10       0x14 Core\Src\lv_fs_fatfs.o
 .text.fs_seek  0x08002a24        0xe Core\Src\lv_fs_fatfs.o
 .text.fs_write
                0x08002a32       0x18 Core\Src\lv_fs_fatfs.o
 .text.fs_read  0x08002a4a       0x18 Core\Src\lv_fs_fatfs.o
 .text.fs_close
                0x08002a62        0xc Core\Src\lv_fs_fatfs.o
 .text.fs_open  0x08002a6e       0x34 Core\Src\lv_fs_fatfs.o
 *fill*         0x08002aa2        0x2 
 .text.lv_fs_if_fatfs_init
                0x08002aa4       0x98 Core\Src\lv_fs_fatfs.o
                0x08002aa4                lv_fs_if_fatfs_init
 .text.SystemClock_Config
                0x08002b3c       0xa4 Core\Src\main.o
                0x08002b3c                SystemClock_Config
 .text.startup.main
                0x08002be0      0x6fc Core\Src\main.o
                0x08002be0                main
 .text.HAL_TIM_PeriodElapsedCallback
                0x080032dc       0x44 Core\Src\main.o
                0x080032dc                HAL_TIM_PeriodElapsedCallback
 .text.my_print
                0x08003320       0x70 Core\Src\misc.o
                0x08003320                my_print
 .text.tft_backlight
                0x08003390       0x20 Core\Src\misc.o
                0x08003390                tft_backlight
 .text.SD_ReadData
                0x080033b0       0x18 Core\Src\stm32_adafruit_sd.o
 .text.SD_SendCmd
                0x080033c8       0xdc Core\Src\stm32_adafruit_sd.o
 .text.SD_WaitData.constprop.0
                0x080034a4       0x28 Core\Src\stm32_adafruit_sd.o
 .text.BSP_SD_Init
                0x080034cc      0x184 Core\Src\stm32_adafruit_sd.o
                0x080034cc                BSP_SD_Init
 .text.BSP_SD_GetCardInfo
                0x08003650      0x38c Core\Src\stm32_adafruit_sd.o
                0x08003650                BSP_SD_GetCardInfo
 .text.BSP_SD_ReadBlocks
                0x080039dc       0xe4 Core\Src\stm32_adafruit_sd.o
                0x080039dc                BSP_SD_ReadBlocks
 .text.BSP_SD_WriteBlocks
                0x08003ac0      0x118 Core\Src\stm32_adafruit_sd.o
                0x08003ac0                BSP_SD_WriteBlocks
 .text.BSP_SD_GetCardState
                0x08003bd8       0x34 Core\Src\stm32_adafruit_sd.o
                0x08003bd8                BSP_SD_GetCardState
 .text.HAL_MspInit
                0x08003c0c       0x30 Core\Src\stm32g0xx_hal_msp.o
                0x08003c0c                HAL_MspInit
 .text.HAL_ADC_MspInit
                0x08003c3c       0x58 Core\Src\stm32g0xx_hal_msp.o
                0x08003c3c                HAL_ADC_MspInit
 .text.HAL_I2C_MspInit
                0x08003c94       0x68 Core\Src\stm32g0xx_hal_msp.o
                0x08003c94                HAL_I2C_MspInit
 .text.HAL_RTC_MspInit
                0x08003cfc       0x34 Core\Src\stm32g0xx_hal_msp.o
                0x08003cfc                HAL_RTC_MspInit
 .text.HAL_SPI_MspInit
                0x08003d30       0xcc Core\Src\stm32g0xx_hal_msp.o
                0x08003d30                HAL_SPI_MspInit
 .text.HAL_SPI_MspDeInit
                0x08003dfc       0x60 Core\Src\stm32g0xx_hal_msp.o
                0x08003dfc                HAL_SPI_MspDeInit
 .text.HAL_TIM_Base_MspInit
                0x08003e5c       0x84 Core\Src\stm32g0xx_hal_msp.o
                0x08003e5c                HAL_TIM_Base_MspInit
 .text.HAL_TIM_MspPostInit
                0x08003ee0       0x4c Core\Src\stm32g0xx_hal_msp.o
                0x08003ee0                HAL_TIM_MspPostInit
 .text.HAL_UART_MspInit
                0x08003f2c       0xa0 Core\Src\stm32g0xx_hal_msp.o
                0x08003f2c                HAL_UART_MspInit
 .text.HAL_InitTick
                0x08003fcc       0x7c Core\Src\stm32g0xx_hal_timebase_tim.o
                0x08003fcc                HAL_InitTick
 .text.NMI_Handler
                0x08004048        0x8 Core\Src\stm32g0xx_it.o
                0x08004048                NMI_Handler
 .text.HardFault_Handler
                0x08004050        0x2 Core\Src\stm32g0xx_it.o
                0x08004050                HardFault_Handler
 .text.SVC_Handler
                0x08004052        0x2 Core\Src\stm32g0xx_it.o
                0x08004052                SVC_Handler
 .text.PendSV_Handler
                0x08004054        0x2 Core\Src\stm32g0xx_it.o
                0x08004054                PendSV_Handler
 .text.SysTick_Handler
                0x08004056        0x2 Core\Src\stm32g0xx_it.o
                0x08004056                SysTick_Handler
 .text.TIM6_IRQHandler
                0x08004058       0x10 Core\Src\stm32g0xx_it.o
                0x08004058                TIM6_IRQHandler
 .text.SPIx_Init
                0x08004068       0xd4 Core\Src\stm32g0xx_nucleo.o
 .text.SPIx_WriteReadData
                0x0800413c       0x30 Core\Src\stm32g0xx_nucleo.o
 .text.SD_IO_CSState
                0x0800416c       0x1a Core\Src\stm32g0xx_nucleo.o
                0x0800416c                SD_IO_CSState
 .text.SD_IO_WriteReadData
                0x08004186        0x8 Core\Src\stm32g0xx_nucleo.o
                0x08004186                SD_IO_WriteReadData
 .text.SD_IO_WriteByte
                0x0800418e       0x1c Core\Src\stm32g0xx_nucleo.o
                0x0800418e                SD_IO_WriteByte
 *fill*         0x080041aa        0x2 
 .text.SD_IO_Init
                0x080041ac       0x8c Core\Src\stm32g0xx_nucleo.o
                0x080041ac                SD_IO_Init
 .text._sbrk    0x08004238       0x34 Core\Src\syscalls.o
                0x08004238                _sbrk
 .text.SystemInit
                0x0800426c       0x10 Core\Src\system_stm32g0xx.o
                0x0800426c                SystemInit
 .text.HAL_Init
                0x0800427c       0x28 Drivers\STM32G0xx_HAL_Driver\Src\stm32g0xx_hal.o
                0x0800427c                HAL_Init
 .text.HAL_IncTick
                0x080042a4       0x18 Drivers\STM32G0xx_HAL_Driver\Src\stm32g0xx_hal.o
                0x080042a4                HAL_IncTick
 .text.HAL_GetTick
                0x080042bc        0xc Drivers\STM32G0xx_HAL_Driver\Src\stm32g0xx_hal.o
                0x080042bc                HAL_GetTick
 .text.HAL_Delay
                0x080042c8       0x24 Drivers\STM32G0xx_HAL_Driver\Src\stm32g0xx_hal.o
                0x080042c8                HAL_Delay
 .text.LL_ADC_REG_IsConversionOngoing
                0x080042ec        0x8 Drivers\STM32G0xx_HAL_Driver\Src\stm32g0xx_hal_adc.o
 .text.HAL_ADC_Init
                0x080042f4      0x270 Drivers\STM32G0xx_HAL_Driver\Src\stm32g0xx_hal_adc.o
                0x080042f4                HAL_ADC_Init
 .text.HAL_ADC_ConfigChannel
                0x08004564      0x238 Drivers\STM32G0xx_HAL_Driver\Src\stm32g0xx_hal_adc.o
                0x08004564                HAL_ADC_ConfigChannel
 .text.HAL_NVIC_SetPriority
                0x0800479c       0x60 Drivers\STM32G0xx_HAL_Driver\Src\stm32g0xx_hal_cortex.o
                0x0800479c                HAL_NVIC_SetPriority
 .text.HAL_NVIC_EnableIRQ
                0x080047fc       0x18 Drivers\STM32G0xx_HAL_Driver\Src\stm32g0xx_hal_cortex.o
                0x080047fc                HAL_NVIC_EnableIRQ
 .text.HAL_GPIO_Init
                0x08004814      0x150 Drivers\STM32G0xx_HAL_Driver\Src\stm32g0xx_hal_gpio.o
                0x08004814                HAL_GPIO_Init
 .text.HAL_GPIO_DeInit
                0x08004964       0xec Drivers\STM32G0xx_HAL_Driver\Src\stm32g0xx_hal_gpio.o
                0x08004964                HAL_GPIO_DeInit
 .text.HAL_GPIO_ReadPin
                0x08004a50        0xc Drivers\STM32G0xx_HAL_Driver\Src\stm32g0xx_hal_gpio.o
                0x08004a50                HAL_GPIO_ReadPin
 .text.HAL_GPIO_WritePin
                0x08004a5c        0xc Drivers\STM32G0xx_HAL_Driver\Src\stm32g0xx_hal_gpio.o
                0x08004a5c                HAL_GPIO_WritePin
 .text.HAL_GPIO_TogglePin
                0x08004a68        0xe Drivers\STM32G0xx_HAL_Driver\Src\stm32g0xx_hal_gpio.o
                0x08004a68                HAL_GPIO_TogglePin
 *fill*         0x08004a76        0x2 
 .text.HAL_I2C_Init
                0x08004a78       0xac Drivers\STM32G0xx_HAL_Driver\Src\stm32g0xx_hal_i2c.o
                0x08004a78                HAL_I2C_Init
 .text.HAL_I2CEx_ConfigAnalogFilter
                0x08004b24       0x4c Drivers\STM32G0xx_HAL_Driver\Src\stm32g0xx_hal_i2c_ex.o
                0x08004b24                HAL_I2CEx_ConfigAnalogFilter
 .text.HAL_I2CEx_ConfigDigitalFilter
                0x08004b70       0x48 Drivers\STM32G0xx_HAL_Driver\Src\stm32g0xx_hal_i2c_ex.o
                0x08004b70                HAL_I2CEx_ConfigDigitalFilter
 .text.HAL_PWREx_ControlVoltageScaling
                0x08004bb8       0x54 Drivers\STM32G0xx_HAL_Driver\Src\stm32g0xx_hal_pwr_ex.o
                0x08004bb8                HAL_PWREx_ControlVoltageScaling
 .text.HAL_RCC_OscConfig
                0x08004c0c      0x440 Drivers\STM32G0xx_HAL_Driver\Src\stm32g0xx_hal_rcc.o
                0x08004c0c                HAL_RCC_OscConfig
 .text.HAL_RCC_GetSysClockFreq
                0x0800504c       0x8c Drivers\STM32G0xx_HAL_Driver\Src\stm32g0xx_hal_rcc.o
                0x0800504c                HAL_RCC_GetSysClockFreq
 .text.HAL_RCC_ClockConfig
                0x080050d8      0x15c Drivers\STM32G0xx_HAL_Driver\Src\stm32g0xx_hal_rcc.o
                0x080050d8                HAL_RCC_ClockConfig
 .text.HAL_RCC_GetPCLK1Freq
                0x08005234       0x28 Drivers\STM32G0xx_HAL_Driver\Src\stm32g0xx_hal_rcc.o
                0x08005234                HAL_RCC_GetPCLK1Freq
 .text.HAL_RCC_GetClockConfig
                0x0800525c       0x34 Drivers\STM32G0xx_HAL_Driver\Src\stm32g0xx_hal_rcc.o
                0x0800525c                HAL_RCC_GetClockConfig
 .text.HAL_RCC_EnableCSS
                0x08005290       0x14 Drivers\STM32G0xx_HAL_Driver\Src\stm32g0xx_hal_rcc.o
                0x08005290                HAL_RCC_EnableCSS
 .text.HAL_RCC_EnableLSECSS
                0x080052a4       0x10 Drivers\STM32G0xx_HAL_Driver\Src\stm32g0xx_hal_rcc.o
                0x080052a4                HAL_RCC_EnableLSECSS
 .text.HAL_RCC_CSSCallback
                0x080052b4        0x2 Drivers\STM32G0xx_HAL_Driver\Src\stm32g0xx_hal_rcc.o
                0x080052b4                HAL_RCC_CSSCallback
 .text.HAL_RCC_LSECSSCallback
                0x080052b6        0x2 Drivers\STM32G0xx_HAL_Driver\Src\stm32g0xx_hal_rcc.o
                0x080052b6                HAL_RCC_LSECSSCallback
 .text.HAL_RCC_NMI_IRQHandler
                0x080052b8       0x24 Drivers\STM32G0xx_HAL_Driver\Src\stm32g0xx_hal_rcc.o
                0x080052b8                HAL_RCC_NMI_IRQHandler
 .text.HAL_RCCEx_PeriphCLKConfig
                0x080052dc      0x160 Drivers\STM32G0xx_HAL_Driver\Src\stm32g0xx_hal_rcc_ex.o
                0x080052dc                HAL_RCCEx_PeriphCLKConfig
 .text.HAL_RTC_WaitForSynchro
                0x0800543c       0x34 Drivers\STM32G0xx_HAL_Driver\Src\stm32g0xx_hal_rtc.o
                0x0800543c                HAL_RTC_WaitForSynchro
 .text.RTC_EnterInitMode
                0x08005470       0x46 Drivers\STM32G0xx_HAL_Driver\Src\stm32g0xx_hal_rtc.o
                0x08005470                RTC_EnterInitMode
 *fill*         0x080054b6        0x2 
 .text.RTC_ExitInitMode
                0x080054b8       0x48 Drivers\STM32G0xx_HAL_Driver\Src\stm32g0xx_hal_rtc.o
                0x080054b8                RTC_ExitInitMode
 .text.HAL_RTC_Init
                0x08005500       0xa0 Drivers\STM32G0xx_HAL_Driver\Src\stm32g0xx_hal_rtc.o
                0x08005500                HAL_RTC_Init
 .text.SPI_WaitFifoStateUntilTimeout.part.1
                0x080055a0       0x60 Drivers\STM32G0xx_HAL_Driver\Src\stm32g0xx_hal_spi.o
 .text.SPI_WaitFlagStateUntilTimeout.constprop.10
                0x08005600       0x28 Drivers\STM32G0xx_HAL_Driver\Src\stm32g0xx_hal_spi.o
 .text.SPI_WaitFifoStateUntilTimeout.constprop.11
                0x08005628       0x34 Drivers\STM32G0xx_HAL_Driver\Src\stm32g0xx_hal_spi.o
 .text.SPI_EndRxTxTransaction
                0x0800565c       0x46 Drivers\STM32G0xx_HAL_Driver\Src\stm32g0xx_hal_spi.o
 *fill*         0x080056a2        0x2 
 .text.HAL_SPI_Init
                0x080056a4       0xbc Drivers\STM32G0xx_HAL_Driver\Src\stm32g0xx_hal_spi.o
                0x080056a4                HAL_SPI_Init
 .text.HAL_SPI_DeInit
                0x08005760       0x2e Drivers\STM32G0xx_HAL_Driver\Src\stm32g0xx_hal_spi.o
                0x08005760                HAL_SPI_DeInit
 .text.HAL_SPI_Transmit
                0x0800578e      0x19e Drivers\STM32G0xx_HAL_Driver\Src\stm32g0xx_hal_spi.o
                0x0800578e                HAL_SPI_Transmit
 .text.HAL_SPI_TransmitReceive
                0x0800592c      0x264 Drivers\STM32G0xx_HAL_Driver\Src\stm32g0xx_hal_spi.o
                0x0800592c                HAL_SPI_TransmitReceive
 .text.HAL_SPI_GetState
                0x08005b90        0x8 Drivers\STM32G0xx_HAL_Driver\Src\stm32g0xx_hal_spi.o
                0x08005b90                HAL_SPI_GetState
 .text.TIM_OC1_SetConfig
                0x08005b98       0x8c Drivers\STM32G0xx_HAL_Driver\Src\stm32g0xx_hal_tim.o
 .text.TIM_OC3_SetConfig
                0x08005c24       0x8c Drivers\STM32G0xx_HAL_Driver\Src\stm32g0xx_hal_tim.o
 .text.TIM_OC4_SetConfig
                0x08005cb0       0x74 Drivers\STM32G0xx_HAL_Driver\Src\stm32g0xx_hal_tim.o
 .text.TIM_OC5_SetConfig
                0x08005d24       0x6c Drivers\STM32G0xx_HAL_Driver\Src\stm32g0xx_hal_tim.o
 .text.TIM_OC6_SetConfig
                0x08005d90       0x74 Drivers\STM32G0xx_HAL_Driver\Src\stm32g0xx_hal_tim.o
 .text.HAL_TIM_Base_Start_IT
                0x08005e04       0x28 Drivers\STM32G0xx_HAL_Driver\Src\stm32g0xx_hal_tim.o
                0x08005e04                HAL_TIM_Base_Start_IT
 .text.HAL_TIM_PWM_MspInit
                0x08005e2c        0x2 Drivers\STM32G0xx_HAL_Driver\Src\stm32g0xx_hal_tim.o
                0x08005e2c                HAL_TIM_PWM_MspInit
 .text.HAL_TIM_IC_MspInit
                0x08005e2e        0x2 Drivers\STM32G0xx_HAL_Driver\Src\stm32g0xx_hal_tim.o
                0x08005e2e                HAL_TIM_IC_MspInit
 .text.HAL_TIM_OC_DelayElapsedCallback
                0x08005e30        0x2 Drivers\STM32G0xx_HAL_Driver\Src\stm32g0xx_hal_tim.o
                0x08005e30                HAL_TIM_OC_DelayElapsedCallback
 .text.HAL_TIM_IC_CaptureCallback
                0x08005e32        0x2 Drivers\STM32G0xx_HAL_Driver\Src\stm32g0xx_hal_tim.o
                0x08005e32                HAL_TIM_IC_CaptureCallback
 .text.HAL_TIM_PWM_PulseFinishedCallback
                0x08005e34        0x2 Drivers\STM32G0xx_HAL_Driver\Src\stm32g0xx_hal_tim.o
                0x08005e34                HAL_TIM_PWM_PulseFinishedCallback
 .text.HAL_TIM_TriggerCallback
                0x08005e36        0x2 Drivers\STM32G0xx_HAL_Driver\Src\stm32g0xx_hal_tim.o
                0x08005e36                HAL_TIM_TriggerCallback
 .text.HAL_TIM_IRQHandler
                0x08005e38      0x168 Drivers\STM32G0xx_HAL_Driver\Src\stm32g0xx_hal_tim.o
                0x08005e38                HAL_TIM_IRQHandler
 .text.TIM_Base_SetConfig
                0x08005fa0       0x90 Drivers\STM32G0xx_HAL_Driver\Src\stm32g0xx_hal_tim.o
                0x08005fa0                TIM_Base_SetConfig
 .text.HAL_TIM_Base_Init
                0x08006030       0x36 Drivers\STM32G0xx_HAL_Driver\Src\stm32g0xx_hal_tim.o
                0x08006030                HAL_TIM_Base_Init
 .text.HAL_TIM_PWM_Init
                0x08006066       0x36 Drivers\STM32G0xx_HAL_Driver\Src\stm32g0xx_hal_tim.o
                0x08006066                HAL_TIM_PWM_Init
 .text.HAL_TIM_IC_Init
                0x0800609c       0x36 Drivers\STM32G0xx_HAL_Driver\Src\stm32g0xx_hal_tim.o
                0x0800609c                HAL_TIM_IC_Init
 *fill*         0x080060d2        0x2 
 .text.TIM_OC2_SetConfig
                0x080060d4       0x80 Drivers\STM32G0xx_HAL_Driver\Src\stm32g0xx_hal_tim.o
                0x080060d4                TIM_OC2_SetConfig
 .text.HAL_TIM_PWM_ConfigChannel
                0x08006154      0x118 Drivers\STM32G0xx_HAL_Driver\Src\stm32g0xx_hal_tim.o
                0x08006154                HAL_TIM_PWM_ConfigChannel
 .text.TIM_TI1_SetConfig
                0x0800626c       0x50 Drivers\STM32G0xx_HAL_Driver\Src\stm32g0xx_hal_tim.o
                0x0800626c                TIM_TI1_SetConfig
 .text.HAL_TIM_IC_ConfigChannel
                0x080062bc      0x13c Drivers\STM32G0xx_HAL_Driver\Src\stm32g0xx_hal_tim.o
                0x080062bc                HAL_TIM_IC_ConfigChannel
 .text.TIM_ETR_SetConfig
                0x080063f8       0x18 Drivers\STM32G0xx_HAL_Driver\Src\stm32g0xx_hal_tim.o
                0x080063f8                TIM_ETR_SetConfig
 .text.HAL_TIM_ConfigClockSource
                0x08006410      0x12c Drivers\STM32G0xx_HAL_Driver\Src\stm32g0xx_hal_tim.o
                0x08006410                HAL_TIM_ConfigClockSource
 .text.TIM_CCxChannelCmd
                0x0800653c       0x1a Drivers\STM32G0xx_HAL_Driver\Src\stm32g0xx_hal_tim.o
                0x0800653c                TIM_CCxChannelCmd
 *fill*         0x08006556        0x2 
 .text.HAL_TIM_PWM_Start
                0x08006558       0x64 Drivers\STM32G0xx_HAL_Driver\Src\stm32g0xx_hal_tim.o
                0x08006558                HAL_TIM_PWM_Start
 .text.HAL_TIMEx_MasterConfigSynchronization
                0x080065bc       0x54 Drivers\STM32G0xx_HAL_Driver\Src\stm32g0xx_hal_tim_ex.o
                0x080065bc                HAL_TIMEx_MasterConfigSynchronization
 .text.HAL_TIMEx_CommutCallback
                0x08006610        0x2 Drivers\STM32G0xx_HAL_Driver\Src\stm32g0xx_hal_tim_ex.o
                0x08006610                HAL_TIMEx_CommutCallback
 .text.HAL_TIMEx_BreakCallback
                0x08006612        0x2 Drivers\STM32G0xx_HAL_Driver\Src\stm32g0xx_hal_tim_ex.o
                0x08006612                HAL_TIMEx_BreakCallback
 .text.HAL_TIMEx_Break2Callback
                0x08006614        0x2 Drivers\STM32G0xx_HAL_Driver\Src\stm32g0xx_hal_tim_ex.o
                0x08006614                HAL_TIMEx_Break2Callback
 *fill*         0x08006616        0x2 
 .text.UART_SetConfig
                0x08006618      0x404 Drivers\STM32G0xx_HAL_Driver\Src\stm32g0xx_hal_uart.o
                0x08006618                UART_SetConfig
 .text.UART_AdvFeatureConfig
                0x08006a1c       0xd0 Drivers\STM32G0xx_HAL_Driver\Src\stm32g0xx_hal_uart.o
                0x08006a1c                UART_AdvFeatureConfig
 .text.UART_WaitOnFlagUntilTimeout
                0x08006aec       0x64 Drivers\STM32G0xx_HAL_Driver\Src\stm32g0xx_hal_uart.o
                0x08006aec                UART_WaitOnFlagUntilTimeout
 .text.HAL_UART_Transmit
                0x08006b50       0xd6 Drivers\STM32G0xx_HAL_Driver\Src\stm32g0xx_hal_uart.o
                0x08006b50                HAL_UART_Transmit
 *fill*         0x08006c26        0x2 
 .text.UART_CheckIdleState
                0x08006c28       0x68 Drivers\STM32G0xx_HAL_Driver\Src\stm32g0xx_hal_uart.o
                0x08006c28                UART_CheckIdleState
 .text.HAL_UART_Init
                0x08006c90       0x68 Drivers\STM32G0xx_HAL_Driver\Src\stm32g0xx_hal_uart.o
                0x08006c90                HAL_UART_Init
 .text.UARTEx_SetNbDataToProcess
                0x08006cf8       0x7c Drivers\STM32G0xx_HAL_Driver\Src\stm32g0xx_hal_uart_ex.o
 .text.HAL_UARTEx_EnableFifoMode
                0x08006d74       0x3c Drivers\STM32G0xx_HAL_Driver\Src\stm32g0xx_hal_uart_ex.o
                0x08006d74                HAL_UARTEx_EnableFifoMode
 .text.HAL_UARTEx_SetTxFifoThreshold
                0x08006db0       0x42 Drivers\STM32G0xx_HAL_Driver\Src\stm32g0xx_hal_uart_ex.o
                0x08006db0                HAL_UARTEx_SetTxFifoThreshold
 *fill*         0x08006df2        0x2 
 .text.HAL_UARTEx_SetRxFifoThreshold
                0x08006df4       0x48 Drivers\STM32G0xx_HAL_Driver\Src\stm32g0xx_hal_uart_ex.o
                0x08006df4                HAL_UARTEx_SetRxFifoThreshold
 .text.MX_FATFS_Init
                0x08006e3c       0x28 FATFS\App\app_fatfs.o
                0x08006e3c                MX_FATFS_Init
 .text.MX_FATFS_Process
                0x08006e64        0x4 FATFS\App\app_fatfs.o
                0x08006e64                MX_FATFS_Process
 .text.SD_CheckStatus.isra.0
                0x08006e68       0x20 FATFS\Target\sd_diskio.o
 .text.SD_initialize
                0x08006e88       0x20 FATFS\Target\sd_diskio.o
                0x08006e88                SD_initialize
 .text.SD_status
                0x08006ea8        0x8 FATFS\Target\sd_diskio.o
                0x08006ea8                SD_status
 .text.SD_read  0x08006eb0       0x24 FATFS\Target\sd_diskio.o
                0x08006eb0                SD_read
 .text.SD_ioctl
                0x08006ed4       0x4c FATFS\Target\sd_diskio.o
                0x08006ed4                SD_ioctl
 .text.SD_write
                0x08006f20       0x24 FATFS\Target\sd_diskio.o
                0x08006f20                SD_write
 .text.disk_status
                0x08006f44       0x1c Middlewares\Third_Party\FatFs\src\diskio.o
                0x08006f44                disk_status
 .text.disk_initialize
                0x08006f60       0x28 Middlewares\Third_Party\FatFs\src\diskio.o
                0x08006f60                disk_initialize
 .text.disk_read
                0x08006f88       0x1c Middlewares\Third_Party\FatFs\src\diskio.o
                0x08006f88                disk_read
 .text.disk_write
                0x08006fa4       0x1c Middlewares\Third_Party\FatFs\src\diskio.o
                0x08006fa4                disk_write
 .text.disk_ioctl
                0x08006fc0       0x1c Middlewares\Third_Party\FatFs\src\diskio.o
                0x08006fc0                disk_ioctl
 .text.ld_dword
                0x08006fdc       0x16 Middlewares\Third_Party\FatFs\src\ff.o
 .text.st_dword
                0x08006ff2       0x10 Middlewares\Third_Party\FatFs\src\ff.o
 .text.mem_set  0x08007002        0xc Middlewares\Third_Party\FatFs\src\ff.o
 *fill*         0x0800700e        0x2 
 .text.chk_lock
                0x08007010       0x5c Middlewares\Third_Party\FatFs\src\ff.o
 .text.inc_lock
                0x0800706c       0x84 Middlewares\Third_Party\FatFs\src\ff.o
 .text.dec_lock
                0x080070f0       0x34 Middlewares\Third_Party\FatFs\src\ff.o
 .text.clust2sect
                0x08007124       0x18 Middlewares\Third_Party\FatFs\src\ff.o
 .text.clmt_clust
                0x0800713c       0x2a Middlewares\Third_Party\FatFs\src\ff.o
 .text.get_ldnumber
                0x08007166       0x2c Middlewares\Third_Party\FatFs\src\ff.o
 .text.validate
                0x08007192       0x36 Middlewares\Third_Party\FatFs\src\ff.o
 .text.mem_cpy.part.0
                0x080071c8       0x10 Middlewares\Third_Party\FatFs\src\ff.o
 .text.ld_clust.isra.1
                0x080071d8       0x1e Middlewares\Third_Party\FatFs\src\ff.o
 .text.st_clust.isra.2
                0x080071f6       0x16 Middlewares\Third_Party\FatFs\src\ff.o
 .text.get_fileinfo.part.3
                0x0800720c       0x56 Middlewares\Third_Party\FatFs\src\ff.o
 .text.sync_window.part.4
                0x08007262       0x48 Middlewares\Third_Party\FatFs\src\ff.o
 .text.sync_window
                0x080072aa       0x14 Middlewares\Third_Party\FatFs\src\ff.o
 *fill*         0x080072be        0x2 
 .text.sync_fs  0x080072c0       0xb0 Middlewares\Third_Party\FatFs\src\ff.o
 .text.move_window
                0x08007370       0x34 Middlewares\Third_Party\FatFs\src\ff.o
 .text.check_fs
                0x080073a4       0x8c Middlewares\Third_Party\FatFs\src\ff.o
 .text.find_volume
                0x08007430      0x2e4 Middlewares\Third_Party\FatFs\src\ff.o
 .text.put_fat  0x08007714      0x108 Middlewares\Third_Party\FatFs\src\ff.o
 .text.get_fat.isra.8
                0x0800781c       0xc0 Middlewares\Third_Party\FatFs\src\ff.o
 .text.create_chain
                0x080078dc       0xb0 Middlewares\Third_Party\FatFs\src\ff.o
 .text.remove_chain
                0x0800798c       0x72 Middlewares\Third_Party\FatFs\src\ff.o
 .text.dir_sdi.constprop.11
                0x080079fe       0x6e Middlewares\Third_Party\FatFs\src\ff.o
 .text.dir_next
                0x08007a6c       0xf0 Middlewares\Third_Party\FatFs\src\ff.o
 .text.follow_path
                0x08007b5c      0x16c Middlewares\Third_Party\FatFs\src\ff.o
 .text.dir_read.constprop.9
                0x08007cc8       0x5c Middlewares\Third_Party\FatFs\src\ff.o
 .text.dir_register
                0x08007d24       0x62 Middlewares\Third_Party\FatFs\src\ff.o
 *fill*         0x08007d86        0x2 
 .text.f_mount  0x08007d88       0x68 Middlewares\Third_Party\FatFs\src\ff.o
                0x08007d88                f_mount
 .text.f_open   0x08007df0      0x214 Middlewares\Third_Party\FatFs\src\ff.o
                0x08007df0                f_open
 .text.f_read   0x08008004      0x16c Middlewares\Third_Party\FatFs\src\ff.o
                0x08008004                f_read
 .text.f_write  0x08008170      0x1a2 Middlewares\Third_Party\FatFs\src\ff.o
                0x08008170                f_write
 .text.putc_bfd
                0x08008312       0x42 Middlewares\Third_Party\FatFs\src\ff.o
 .text.putc_flush
                0x08008354       0x2c Middlewares\Third_Party\FatFs\src\ff.o
 .text.f_sync   0x08008380       0x8a Middlewares\Third_Party\FatFs\src\ff.o
                0x08008380                f_sync
 .text.f_close  0x0800840a       0x26 Middlewares\Third_Party\FatFs\src\ff.o
                0x0800840a                f_close
 .text.f_lseek  0x08008430      0x23e Middlewares\Third_Party\FatFs\src\ff.o
                0x08008430                f_lseek
 .text.f_opendir
                0x0800866e       0x8a Middlewares\Third_Party\FatFs\src\ff.o
                0x0800866e                f_opendir
 .text.f_closedir
                0x080086f8       0x28 Middlewares\Third_Party\FatFs\src\ff.o
                0x080086f8                f_closedir
 .text.f_readdir
                0x08008720       0x46 Middlewares\Third_Party\FatFs\src\ff.o
                0x08008720                f_readdir
 .text.f_getfree
                0x08008766       0xdc Middlewares\Third_Party\FatFs\src\ff.o
                0x08008766                f_getfree
 .text.f_truncate
                0x08008842       0xa4 Middlewares\Third_Party\FatFs\src\ff.o
                0x08008842                f_truncate
 .text.f_rename
                0x080088e6      0x13a Middlewares\Third_Party\FatFs\src\ff.o
                0x080088e6                f_rename
 .text.f_gets   0x08008a20       0x4e Middlewares\Third_Party\FatFs\src\ff.o
                0x08008a20                f_gets
 .text.f_puts   0x08008a6e       0x28 Middlewares\Third_Party\FatFs\src\ff.o
                0x08008a6e                f_puts
 *fill*         0x08008a96        0x2 
 .text.FATFS_LinkDriverEx
                0x08008a98       0x44 Middlewares\Third_Party\FatFs\src\ff_gen_drv.o
                0x08008a98                FATFS_LinkDriverEx
 .text.FATFS_LinkDriver
                0x08008adc        0xa Middlewares\Third_Party\FatFs\src\ff_gen_drv.o
                0x08008adc                FATFS_LinkDriver
 *fill*         0x08008ae6        0x2 
 .text.update_main_screen
                0x08008ae8      0x184 Sinteck\GUI\main_screen.o
 .text.print_frequencia
                0x08008c6c       0xf4 Sinteck\GUI\main_screen.o
                0x08008c6c                print_frequencia
 .text.print_pot
                0x08008d60      0x1fc Sinteck\GUI\main_screen.o
                0x08008d60                print_pot
 .text.print_audio
                0x08008f5c      0x11c Sinteck\GUI\main_screen.o
                0x08008f5c                print_audio
 .text.print_temperatura
                0x08009078       0x98 Sinteck\GUI\main_screen.o
                0x08009078                print_temperatura
 .text.print_alarme
                0x08009110      0x1b0 Sinteck\GUI\main_screen.o
                0x08009110                print_alarme
 .text.print_status
                0x080092c0       0xc8 Sinteck\GUI\main_screen.o
                0x080092c0                print_status
 .text.create_vumeter
                0x08009388      0x1b8 Sinteck\GUI\main_screen.o
                0x08009388                create_vumeter
 .text.main_screen
                0x08009540       0xf4 Sinteck\GUI\main_screen.o
                0x08009540                main_screen
 .text.main_screen_exit
                0x08009634       0x20 Sinteck\GUI\main_screen.o
                0x08009634                main_screen_exit
 .text.btn_event_btn1
                0x08009654       0x18 Sinteck\GUI\screen_sel.o
 .text.create_buttons
                0x0800966c      0x19c Sinteck\GUI\screen_sel.o
                0x0800966c                create_buttons
 .text.screen_sel
                0x08009808       0x58 Sinteck\GUI\screen_sel.o
                0x08009808                screen_sel
 .text.lv_disp_get_scr_act
                0x08009860       0x2c lvgl\src\lv_core\lv_disp.o
                0x08009860                lv_disp_get_scr_act
 .text.lv_disp_load_scr
                0x0800988c       0x12 lvgl\src\lv_core\lv_disp.o
                0x0800988c                lv_disp_load_scr
 *fill*         0x0800989e        0x2 
 .text.lv_disp_get_layer_top
                0x080098a0       0x2c lvgl\src\lv_core\lv_disp.o
                0x080098a0                lv_disp_get_layer_top
 .text.lv_disp_get_layer_sys
                0x080098cc       0x2c lvgl\src\lv_core\lv_disp.o
                0x080098cc                lv_disp_get_layer_sys
 .text.obj_to_foreground
                0x080098f8       0x28 lvgl\src\lv_core\lv_group.o
 .text.focus_next_core.part.0
                0x08009920       0xda lvgl\src\lv_core\lv_group.o
 *fill*         0x080099fa        0x2 
 .text.lv_group_init
                0x080099fc       0x10 lvgl\src\lv_core\lv_group.o
                0x080099fc                lv_group_init
 .text.lv_group_focus_next
                0x08009a0c       0x20 lvgl\src\lv_core\lv_group.o
                0x08009a0c                lv_group_focus_next
 .text.lv_group_focus_prev
                0x08009a2c       0x20 lvgl\src\lv_core\lv_group.o
                0x08009a2c                lv_group_focus_prev
 .text.lv_group_refocus
                0x08009a4c       0x2e lvgl\src\lv_core\lv_group.o
 *fill*         0x08009a7a        0x2 
 .text.lv_group_add_obj
                0x08009a7c       0x90 lvgl\src\lv_core\lv_group.o
                0x08009a7c                lv_group_add_obj
 .text.lv_group_remove_obj
                0x08009b0c       0x76 lvgl\src\lv_core\lv_group.o
                0x08009b0c                lv_group_remove_obj
 .text.lv_group_mod_style
                0x08009b82       0x2c lvgl\src\lv_core\lv_group.o
                0x08009b82                lv_group_mod_style
 .text.lv_group_get_focused
                0x08009bae       0x10 lvgl\src\lv_core\lv_group.o
                0x08009bae                lv_group_get_focused
 .text.lv_indev_reset.part.1
                0x08009bbe       0x20 lvgl\src\lv_core\lv_indev.o
 .text.lv_indev_init
                0x08009bde        0x8 lvgl\src\lv_core\lv_indev.o
                0x08009bde                lv_indev_init
 *fill*         0x08009be6        0x2 
 .text.lv_indev_get_act
                0x08009be8        0xc lvgl\src\lv_core\lv_indev.o
                0x08009be8                lv_indev_get_act
 .text.lv_indev_reset
                0x08009bf4       0x18 lvgl\src\lv_core\lv_indev.o
                0x08009bf4                lv_indev_reset
 .text.lv_indev_is_dragging
                0x08009c0c       0x1a lvgl\src\lv_core\lv_indev.o
                0x08009c0c                lv_indev_is_dragging
 *fill*         0x08009c26        0x2 
 .text.lv_indev_get_obj_act
                0x08009c28        0xc lvgl\src\lv_core\lv_indev.o
                0x08009c28                lv_indev_get_obj_act
 .text.lv_event_mark_deleted
                0x08009c34       0x1c lvgl\src\lv_core\lv_obj.o
 .text.refresh_children_position
                0x08009c50       0x44 lvgl\src\lv_core\lv_obj.o
 .text.lv_init  0x08009c94       0x88 lvgl\src\lv_core\lv_obj.o
                0x08009c94                lv_init
 .text.lv_obj_set_click
                0x08009d1c       0x12 lvgl\src\lv_core\lv_obj.o
                0x08009d1c                lv_obj_set_click
 .text.lv_obj_set_protect
                0x08009d2e        0xa lvgl\src\lv_core\lv_obj.o
                0x08009d2e                lv_obj_set_protect
 .text.lv_obj_clear_protect
                0x08009d38        0xa lvgl\src\lv_core\lv_obj.o
                0x08009d38                lv_obj_clear_protect
 .text.lv_obj_set_event_cb
                0x08009d42        0x4 lvgl\src\lv_core\lv_obj.o
                0x08009d42                lv_obj_set_event_cb
 *fill*         0x08009d46        0x2 
 .text.lv_event_send_func
                0x08009d48       0x90 lvgl\src\lv_core\lv_obj.o
                0x08009d48                lv_event_send_func
 .text.lv_event_send
                0x08009dd8       0x18 lvgl\src\lv_core\lv_obj.o
                0x08009dd8                lv_event_send
 .text.delete_children
                0x08009df0       0xac lvgl\src\lv_core\lv_obj.o
 .text.lv_obj_set_signal_cb
                0x08009e9c        0x4 lvgl\src\lv_core\lv_obj.o
                0x08009e9c                lv_obj_set_signal_cb
 .text.lv_obj_set_design_cb
                0x08009ea0        0x4 lvgl\src\lv_core\lv_obj.o
                0x08009ea0                lv_obj_set_design_cb
 .text.lv_obj_allocate_ext_attr
                0x08009ea4        0xe lvgl\src\lv_core\lv_obj.o
                0x08009ea4                lv_obj_allocate_ext_attr
 *fill*         0x08009eb2        0x2 
 .text.lv_obj_get_disp
                0x08009eb4       0x68 lvgl\src\lv_core\lv_obj.o
                0x08009eb4                lv_obj_get_disp
 .text.lv_obj_invalidate
                0x08009f1c       0x9e lvgl\src\lv_core\lv_obj.o
                0x08009f1c                lv_obj_invalidate
 .text.lv_obj_move_foreground
                0x08009fba       0x36 lvgl\src\lv_core\lv_obj.o
                0x08009fba                lv_obj_move_foreground
 .text.lv_obj_set_pos
                0x08009ff0       0x82 lvgl\src\lv_core\lv_obj.o
                0x08009ff0                lv_obj_set_pos
 .text.lv_obj_set_x
                0x0800a072       0x12 lvgl\src\lv_core\lv_obj.o
                0x0800a072                lv_obj_set_x
 .text.lv_obj_set_y
                0x0800a084       0x14 lvgl\src\lv_core\lv_obj.o
                0x0800a084                lv_obj_set_y
 .text.lv_obj_align
                0x0800a098      0x272 lvgl\src\lv_core\lv_obj.o
                0x0800a098                lv_obj_align
 .text.lv_obj_align_origo
                0x0800a30a      0x154 lvgl\src\lv_core\lv_obj.o
                0x0800a30a                lv_obj_align_origo
 .text.lv_obj_realign
                0x0800a45e       0x2a lvgl\src\lv_core\lv_obj.o
                0x0800a45e                lv_obj_realign
 .text.lv_obj_create
                0x0800a488      0x35c lvgl\src\lv_core\lv_obj.o
                0x0800a488                lv_obj_create
 .text.lv_obj_set_size
                0x0800a7e4       0x96 lvgl\src\lv_core\lv_obj.o
                0x0800a7e4                lv_obj_set_size
 .text.lv_obj_set_width
                0x0800a87a       0x12 lvgl\src\lv_core\lv_obj.o
                0x0800a87a                lv_obj_set_width
 .text.lv_obj_set_height
                0x0800a88c       0x14 lvgl\src\lv_core\lv_obj.o
                0x0800a88c                lv_obj_set_height
 .text.lv_obj_refresh_style
                0x0800a8a0       0x1a lvgl\src\lv_core\lv_obj.o
                0x0800a8a0                lv_obj_refresh_style
 .text.lv_obj_refresh_ext_draw_pad
                0x0800a8ba       0x16 lvgl\src\lv_core\lv_obj.o
                0x0800a8ba                lv_obj_refresh_ext_draw_pad
 .text.lv_obj_del
                0x0800a8d0       0xce lvgl\src\lv_core\lv_obj.o
                0x0800a8d0                lv_obj_del
 .text.lv_obj_get_parent
                0x0800a99e        0x4 lvgl\src\lv_core\lv_obj.o
                0x0800a99e                lv_obj_get_parent
 .text.lv_obj_get_child
                0x0800a9a2       0x14 lvgl\src\lv_core\lv_obj.o
                0x0800a9a2                lv_obj_get_child
 .text.refresh_children_style
                0x0800a9b6       0x40 lvgl\src\lv_core\lv_obj.o
 .text.lv_obj_set_style
                0x0800a9f6       0x12 lvgl\src\lv_core\lv_obj.o
                0x0800a9f6                lv_obj_set_style
 .text.lv_obj_get_coords
                0x0800aa08       0x12 lvgl\src\lv_core\lv_obj.o
                0x0800aa08                lv_obj_get_coords
 .text.lv_obj_get_width
                0x0800aa1a        0xc lvgl\src\lv_core\lv_obj.o
                0x0800aa1a                lv_obj_get_width
 .text.lv_obj_get_height
                0x0800aa26        0xc lvgl\src\lv_core\lv_obj.o
                0x0800aa26                lv_obj_get_height
 .text.lv_obj_get_auto_realign
                0x0800aa32        0xa lvgl\src\lv_core\lv_obj.o
                0x0800aa32                lv_obj_get_auto_realign
 .text.lv_obj_get_style
                0x0800aa3c       0x64 lvgl\src\lv_core\lv_obj.o
                0x0800aa3c                lv_obj_get_style
 .text.lv_obj_signal
                0x0800aaa0       0x50 lvgl\src\lv_core\lv_obj.o
 .text.lv_obj_get_width_fit
                0x0800aaf0       0x1c lvgl\src\lv_core\lv_obj.o
                0x0800aaf0                lv_obj_get_width_fit
 .text.lv_obj_get_hidden
                0x0800ab0c        0xa lvgl\src\lv_core\lv_obj.o
                0x0800ab0c                lv_obj_get_hidden
 .text.lv_obj_get_opa_scale
                0x0800ab16       0x1e lvgl\src\lv_core\lv_obj.o
                0x0800ab16                lv_obj_get_opa_scale
 .text.lv_obj_design
                0x0800ab34       0xac lvgl\src\lv_core\lv_obj.o
 .text.lv_obj_is_protected
                0x0800abe0        0xe lvgl\src\lv_core\lv_obj.o
                0x0800abe0                lv_obj_is_protected
 .text.lv_obj_get_signal_cb
                0x0800abee        0x4 lvgl\src\lv_core\lv_obj.o
                0x0800abee                lv_obj_get_signal_cb
 .text.lv_obj_get_design_cb
                0x0800abf2        0x4 lvgl\src\lv_core\lv_obj.o
                0x0800abf2                lv_obj_get_design_cb
 .text.lv_obj_get_ext_attr
                0x0800abf6        0x4 lvgl\src\lv_core\lv_obj.o
                0x0800abf6                lv_obj_get_ext_attr
 .text.lv_obj_get_user_data
                0x0800abfa        0x4 lvgl\src\lv_core\lv_obj.o
                0x0800abfa                lv_obj_get_user_data
 .text.lv_obj_set_user_data
                0x0800abfe       0x10 lvgl\src\lv_core\lv_obj.o
                0x0800abfe                lv_obj_set_user_data
 .text.lv_obj_get_group
                0x0800ac0e        0x4 lvgl\src\lv_core\lv_obj.o
                0x0800ac0e                lv_obj_get_group
 .text.lv_obj_is_focused
                0x0800ac12       0x18 lvgl\src\lv_core\lv_obj.o
                0x0800ac12                lv_obj_is_focused
 *fill*         0x0800ac2a        0x2 
 .text.lv_refr_vdb_flush
                0x0800ac2c       0x54 lvgl\src\lv_core\lv_refr.o
 .text.lv_refr_get_top_obj
                0x0800ac80       0x68 lvgl\src\lv_core\lv_refr.o
 .text.lv_refr_obj
                0x0800ace8       0xca lvgl\src\lv_core\lv_refr.o
 *fill*         0x0800adb2        0x2 
 .text.lv_refr_obj_and_children
                0x0800adb4       0x58 lvgl\src\lv_core\lv_refr.o
 .text.lv_refr_area_part
                0x0800ae0c       0x6c lvgl\src\lv_core\lv_refr.o
 .text.lv_refr_init
                0x0800ae78        0x2 lvgl\src\lv_core\lv_refr.o
                0x0800ae78                lv_refr_init
 .text.lv_inv_area
                0x0800ae7a       0xc4 lvgl\src\lv_core\lv_refr.o
                0x0800ae7a                lv_inv_area
 *fill*         0x0800af3e        0x2 
 .text.lv_refr_get_disp_refreshing
                0x0800af40        0xc lvgl\src\lv_core\lv_refr.o
                0x0800af40                lv_refr_get_disp_refreshing
 .text.lv_disp_refr_task
                0x0800af4c      0x3c4 lvgl\src\lv_core\lv_refr.o
                0x0800af4c                lv_disp_refr_task
 .text.lv_style_copy
                0x0800b310        0xa lvgl\src\lv_core\lv_style.o
                0x0800b310                lv_style_copy
 *fill*         0x0800b31a        0x2 
 .text.lv_style_init
                0x0800b31c      0x7f4 lvgl\src\lv_core\lv_style.o
                0x0800b31c                lv_style_init
 .text.lv_draw_get_buf
                0x0800bb10       0x70 lvgl\src\lv_draw\lv_draw.o
                0x0800bb10                lv_draw_get_buf
 .text.lv_draw_free_buf
                0x0800bb80       0x20 lvgl\src\lv_draw\lv_draw.o
                0x0800bb80                lv_draw_free_buf
 .text.lv_draw_aa_get_opa
                0x0800bba0       0x34 lvgl\src\lv_draw\lv_draw.o
                0x0800bba0                lv_draw_aa_get_opa
 .text.lv_color_mix
                0x0800bbd4       0x4c lvgl\src\lv_draw\lv_draw_basic.o
 .text.sw_color_fill
                0x0800bc20      0x12e lvgl\src\lv_draw\lv_draw_basic.o
 .text.lv_draw_px
                0x0800bd4e       0x92 lvgl\src\lv_draw\lv_draw_basic.o
                0x0800bd4e                lv_draw_px
 .text.lv_draw_fill
                0x0800bde0      0x1c0 lvgl\src\lv_draw\lv_draw_basic.o
                0x0800bde0                lv_draw_fill
 .text.lv_draw_letter
                0x0800bfa0      0x364 lvgl\src\lv_draw\lv_draw_basic.o
                0x0800bfa0                lv_draw_letter
 .text.lv_draw_map
                0x0800c304      0x314 lvgl\src\lv_draw\lv_draw_basic.o
                0x0800c304                lv_draw_map
 .text.lv_img_color_format_get_px_size
                0x0800c618       0x14 lvgl\src\lv_draw\lv_draw_img.o
                0x0800c618                lv_img_color_format_get_px_size
 .text.lv_img_color_format_is_chroma_keyed
                0x0800c62c       0x1a lvgl\src\lv_draw\lv_draw_img.o
                0x0800c62c                lv_img_color_format_is_chroma_keyed
 *fill*         0x0800c646        0x2 
 .text.lv_img_color_format_has_alpha
                0x0800c648       0x1c lvgl\src\lv_draw\lv_draw_img.o
                0x0800c648                lv_img_color_format_has_alpha
 .text.lv_draw_img
                0x0800c664      0x1f0 lvgl\src\lv_draw\lv_draw_img.o
                0x0800c664                lv_draw_img
 .text.lv_img_src_get_type
                0x0800c854       0x1a lvgl\src\lv_draw\lv_draw_img.o
                0x0800c854                lv_img_src_get_type
 *fill*         0x0800c86e        0x2 
 .text.hex_char_to_num
                0x0800c870       0x28 lvgl\src\lv_draw\lv_draw_label.o
 .text.lv_draw_label
                0x0800c898      0x47c lvgl\src\lv_draw\lv_draw_label.o
                0x0800c898                lv_draw_label
 .text.lv_color_mix
                0x0800cd14       0x4c lvgl\src\lv_draw\lv_draw_rect.o
 .text.lv_draw_cont_radius_corr
                0x0800cd60       0x3c lvgl\src\lv_draw\lv_draw_rect.o
 .text.antialias_get_opa_circ
                0x0800cd9c       0x48 lvgl\src\lv_draw\lv_draw_rect.o
 .text.lv_draw_rect
                0x0800cde4     0x1e4a lvgl\src\lv_draw\lv_draw_rect.o
                0x0800cde4                lv_draw_rect
 *fill*         0x0800ec2e        0x2 
 .text.lv_img_cache_open
                0x0800ec30      0x138 lvgl\src\lv_draw\lv_img_cache.o
                0x0800ec30                lv_img_cache_open
 .text.lv_img_cache_invalidate_src
                0x0800ed68       0x4c lvgl\src\lv_draw\lv_img_cache.o
                0x0800ed68                lv_img_cache_invalidate_src
 .text.lv_img_cache_set_size
                0x0800edb4       0x70 lvgl\src\lv_draw\lv_img_cache.o
                0x0800edb4                lv_img_cache_set_size
 .text.lv_img_decoder_built_in_close
                0x0800ee24       0x30 lvgl\src\lv_draw\lv_img_decoder.o
                0x0800ee24                lv_img_decoder_built_in_close
 .text.lv_img_decoder_built_in_open
                0x0800ee54      0x210 lvgl\src\lv_draw\lv_img_decoder.o
                0x0800ee54                lv_img_decoder_built_in_open
 .text.lv_img_decoder_built_in_info
                0x0800f064       0xcc lvgl\src\lv_draw\lv_img_decoder.o
                0x0800f064                lv_img_decoder_built_in_info
 .text.lv_img_decoder_built_in_read_line
                0x0800f130      0x34c lvgl\src\lv_draw\lv_img_decoder.o
                0x0800f130                lv_img_decoder_built_in_read_line
 .text.lv_img_decoder_get_info
                0x0800f47c       0x48 lvgl\src\lv_draw\lv_img_decoder.o
                0x0800f47c                lv_img_decoder_get_info
 .text.lv_img_decoder_open
                0x0800f4c4       0x74 lvgl\src\lv_draw\lv_img_decoder.o
                0x0800f4c4                lv_img_decoder_open
 .text.lv_img_decoder_read_line
                0x0800f538       0x1e lvgl\src\lv_draw\lv_img_decoder.o
                0x0800f538                lv_img_decoder_read_line
 .text.lv_img_decoder_close
                0x0800f556       0x14 lvgl\src\lv_draw\lv_img_decoder.o
                0x0800f556                lv_img_decoder_close
 *fill*         0x0800f56a        0x2 
 .text.lv_img_decoder_create
                0x0800f56c       0x34 lvgl\src\lv_draw\lv_img_decoder.o
                0x0800f56c                lv_img_decoder_create
 .text.lv_img_decoder_init
                0x0800f5a0       0x60 lvgl\src\lv_draw\lv_img_decoder.o
                0x0800f5a0                lv_img_decoder_init
 .text.lv_font_get_glyph_bitmap
                0x0800f600        0x8 lvgl\src\lv_font\lv_font.o
                0x0800f600                lv_font_get_glyph_bitmap
 .text.lv_font_get_glyph_dsc
                0x0800f608        0x8 lvgl\src\lv_font\lv_font.o
                0x0800f608                lv_font_get_glyph_dsc
 .text.lv_font_get_glyph_width
                0x0800f610       0x1a lvgl\src\lv_font\lv_font.o
                0x0800f610                lv_font_get_glyph_width
 .text.kern_pair_8_compare
                0x0800f62a       0x14 lvgl\src\lv_font\lv_font_fmt_txt.o
 .text.kern_pair_16_compare
                0x0800f63e       0x14 lvgl\src\lv_font\lv_font_fmt_txt.o
 .text.unicode_list_compare
                0x0800f652        0x8 lvgl\src\lv_font\lv_font_fmt_txt.o
 *fill*         0x0800f65a        0x2 
 .text.get_glyph_dsc_id.isra.0.part.1
                0x0800f65c       0xac lvgl\src\lv_font\lv_font_fmt_txt.o
 .text.lv_font_get_bitmap_fmt_txt
                0x0800f708       0x2c lvgl\src\lv_font\lv_font_fmt_txt.o
                0x0800f708                lv_font_get_bitmap_fmt_txt
 .text.lv_font_get_glyph_dsc_fmt_txt
                0x0800f734      0x114 lvgl\src\lv_font\lv_font_fmt_txt.o
                0x0800f734                lv_font_get_glyph_dsc_fmt_txt
 .text.lv_disp_drv_init
                0x0800f848       0x3a lvgl\src\lv_hal\lv_hal_disp.o
                0x0800f848                lv_disp_drv_init
 .text.lv_disp_buf_init
                0x0800f882       0x1c lvgl\src\lv_hal\lv_hal_disp.o
                0x0800f882                lv_disp_buf_init
 *fill*         0x0800f89e        0x2 
 .text.lv_disp_drv_register
                0x0800f8a0       0xdc lvgl\src\lv_hal\lv_hal_disp.o
                0x0800f8a0                lv_disp_drv_register
 .text.lv_disp_get_default
                0x0800f97c        0xc lvgl\src\lv_hal\lv_hal_disp.o
                0x0800f97c                lv_disp_get_default
 .text.lv_disp_get_hor_res
                0x0800f988       0x24 lvgl\src\lv_hal\lv_hal_disp.o
                0x0800f988                lv_disp_get_hor_res
 .text.lv_disp_get_ver_res
                0x0800f9ac       0x24 lvgl\src\lv_hal\lv_hal_disp.o
                0x0800f9ac                lv_disp_get_ver_res
 .text.lv_disp_get_antialiasing
                0x0800f9d0       0x1c lvgl\src\lv_hal\lv_hal_disp.o
                0x0800f9d0                lv_disp_get_antialiasing
 .text.lv_disp_flush_ready
                0x0800f9ec        0xc lvgl\src\lv_hal\lv_hal_disp.o
                0x0800f9ec                lv_disp_flush_ready
 .text.lv_disp_get_buf
                0x0800f9f8        0x4 lvgl\src\lv_hal\lv_hal_disp.o
                0x0800f9f8                lv_disp_get_buf
 .text.lv_disp_is_double_buf
                0x0800f9fc       0x12 lvgl\src\lv_hal\lv_hal_disp.o
                0x0800f9fc                lv_disp_is_double_buf
 .text.lv_disp_is_true_double_buf
                0x0800fa0e       0x24 lvgl\src\lv_hal\lv_hal_disp.o
                0x0800fa0e                lv_disp_is_true_double_buf
 *fill*         0x0800fa32        0x2 
 .text.lv_indev_get_next
                0x0800fa34       0x1c lvgl\src\lv_hal\lv_hal_indev.o
                0x0800fa34                lv_indev_get_next
 .text.lv_tick_inc
                0x0800fa50       0x18 lvgl\src\lv_hal\lv_hal_tick.o
                0x0800fa50                lv_tick_inc
 .text.lv_tick_get
                0x0800fa68       0x1c lvgl\src\lv_hal\lv_hal_tick.o
                0x0800fa68                lv_tick_get
 .text.lv_tick_elaps
                0x0800fa84        0xc lvgl\src\lv_hal\lv_hal_tick.o
                0x0800fa84                lv_tick_elaps
 .text.lv_anim_path_linear
                0x0800fa90       0x2a lvgl\src\lv_misc\lv_anim.o
                0x0800fa90                lv_anim_path_linear
 *fill*         0x0800faba        0x2 
 .text.anim_task
                0x0800fabc      0x110 lvgl\src\lv_misc\lv_anim.o
 .text.lv_anim_core_init
                0x0800fbcc       0x2c lvgl\src\lv_misc\lv_anim.o
                0x0800fbcc                lv_anim_core_init
 .text.lv_anim_del
                0x0800fbf8       0x58 lvgl\src\lv_misc\lv_anim.o
                0x0800fbf8                lv_anim_del
 .text.lv_anim_create
                0x0800fc50       0x84 lvgl\src\lv_misc\lv_anim.o
                0x0800fc50                lv_anim_create
 .text.lv_anim_speed_to_time
                0x0800fcd4       0x30 lvgl\src\lv_misc\lv_anim.o
                0x0800fcd4                lv_anim_speed_to_time
 .text.lv_area_set
                0x0800fd04       0x12 lvgl\src\lv_misc\lv_area.o
                0x0800fd04                lv_area_set
 .text.lv_area_set_height
                0x0800fd16        0xa lvgl\src\lv_misc\lv_area.o
                0x0800fd16                lv_area_set_height
 .text.lv_area_get_size
                0x0800fd20       0x1c lvgl\src\lv_misc\lv_area.o
                0x0800fd20                lv_area_get_size
 .text.lv_area_intersect
                0x0800fd3c       0x6a lvgl\src\lv_misc\lv_area.o
                0x0800fd3c                lv_area_intersect
 .text.lv_area_join
                0x0800fda6       0x4c lvgl\src\lv_misc\lv_area.o
                0x0800fda6                lv_area_join
 .text.lv_area_is_on
                0x0800fdf2       0x3e lvgl\src\lv_misc\lv_area.o
                0x0800fdf2                lv_area_is_on
 .text.lv_area_is_in
                0x0800fe30       0x3e lvgl\src\lv_misc\lv_area.o
                0x0800fe30                lv_area_is_in
 .text.lv_circ_init
                0x0800fe6e        0xe lvgl\src\lv_misc\lv_circ.o
                0x0800fe6e                lv_circ_init
 .text.lv_circ_cont
                0x0800fe7c       0x14 lvgl\src\lv_misc\lv_circ.o
                0x0800fe7c                lv_circ_cont
 .text.lv_circ_next
                0x0800fe90       0x34 lvgl\src\lv_misc\lv_circ.o
                0x0800fe90                lv_circ_next
 .text.lv_fs_get_real_path
                0x0800fec4       0x16 lvgl\src\lv_misc\lv_fs.o
 *fill*         0x0800feda        0x2 
 .text.lv_fs_init
                0x0800fedc       0x10 lvgl\src\lv_misc\lv_fs.o
                0x0800fedc                lv_fs_init
 .text.lv_fs_close
                0x0800feec       0x2a lvgl\src\lv_misc\lv_fs.o
                0x0800feec                lv_fs_close
 .text.lv_fs_read
                0x0800ff16       0x3c lvgl\src\lv_misc\lv_fs.o
                0x0800ff16                lv_fs_read
 .text.lv_fs_seek
                0x0800ff52       0x20 lvgl\src\lv_misc\lv_fs.o
                0x0800ff52                lv_fs_seek
 .text.lv_fs_drv_init
                0x0800ff72        0xc lvgl\src\lv_misc\lv_fs.o
                0x0800ff72                lv_fs_drv_init
 *fill*         0x0800ff7e        0x2 
 .text.lv_fs_drv_register
                0x0800ff80       0x34 lvgl\src\lv_misc\lv_fs.o
                0x0800ff80                lv_fs_drv_register
 .text.lv_fs_get_drv
                0x0800ffb4       0x28 lvgl\src\lv_misc\lv_fs.o
                0x0800ffb4                lv_fs_get_drv
 .text.lv_fs_open
                0x0800ffdc       0x98 lvgl\src\lv_misc\lv_fs.o
                0x0800ffdc                lv_fs_open
 .text.lv_fs_get_ext
                0x08010074       0x30 lvgl\src\lv_misc\lv_fs.o
                0x08010074                lv_fs_get_ext
 .text.node_set_next.isra.0
                0x080100a4       0x24 lvgl\src\lv_misc\lv_ll.o
 .text.node_set_prev.isra.2
                0x080100c8       0x22 lvgl\src\lv_misc\lv_ll.o
 .text.lv_ll_init
                0x080100ea       0x14 lvgl\src\lv_misc\lv_ll.o
                0x080100ea                lv_ll_init
 .text.lv_ll_ins_head
                0x080100fe       0x40 lvgl\src\lv_misc\lv_ll.o
                0x080100fe                lv_ll_ins_head
 .text.lv_ll_ins_tail
                0x0801013e       0x40 lvgl\src\lv_misc\lv_ll.o
                0x0801013e                lv_ll_ins_tail
 .text.lv_ll_get_head
                0x0801017e        0x8 lvgl\src\lv_misc\lv_ll.o
                0x0801017e                lv_ll_get_head
 .text.lv_ll_get_tail
                0x08010186        0x8 lvgl\src\lv_misc\lv_ll.o
                0x08010186                lv_ll_get_tail
 .text.lv_ll_get_next
                0x0801018e       0x1c lvgl\src\lv_misc\lv_ll.o
                0x0801018e                lv_ll_get_next
 .text.lv_ll_get_prev
                0x080101aa       0x1a lvgl\src\lv_misc\lv_ll.o
                0x080101aa                lv_ll_get_prev
 .text.lv_ll_ins_prev
                0x080101c4       0x64 lvgl\src\lv_misc\lv_ll.o
                0x080101c4                lv_ll_ins_prev
 .text.lv_ll_rem
                0x08010228       0x70 lvgl\src\lv_misc\lv_ll.o
                0x08010228                lv_ll_rem
 .text.lv_ll_chg_list
                0x08010298       0x6e lvgl\src\lv_misc\lv_ll.o
                0x08010298                lv_ll_chg_list
 .text.lv_ll_move_before
                0x08010306       0x96 lvgl\src\lv_misc\lv_ll.o
                0x08010306                lv_ll_move_before
 .text.lv_ll_is_empty
                0x0801039c       0x1a lvgl\src\lv_misc\lv_ll.o
                0x0801039c                lv_ll_is_empty
 *fill*         0x080103b6        0x2 
 .text.lv_log_register_print_cb
                0x080103b8        0xc lvgl\src\lv_misc\lv_log.o
                0x080103b8                lv_log_register_print_cb
 .text.lv_log_add
                0x080103c4       0x18 lvgl\src\lv_misc\lv_log.o
                0x080103c4                lv_log_add
 .text.ent_get_next
                0x080103dc       0x28 lvgl\src\lv_misc\lv_mem.o
 .text.ent_trunc
                0x08010404       0x46 lvgl\src\lv_misc\lv_mem.o
 *fill*         0x0801044a        0x2 
 .text.lv_mem_init
                0x0801044c       0x28 lvgl\src\lv_misc\lv_mem.o
                0x0801044c                lv_mem_init
 .text.lv_mem_alloc
                0x08010474       0x64 lvgl\src\lv_misc\lv_mem.o
                0x08010474                lv_mem_alloc
 .text.lv_mem_get_size
                0x080104d8       0x18 lvgl\src\lv_misc\lv_mem.o
                0x080104d8                lv_mem_get_size
 .text.lv_mem_free
                0x080104f0       0x54 lvgl\src\lv_misc\lv_mem.o
                0x080104f0                lv_mem_free
 .text.lv_mem_realloc
                0x08010544       0x74 lvgl\src\lv_misc\lv_mem.o
                0x08010544                lv_mem_realloc
 .text.lv_task_core_init
                0x080105b8       0x1c lvgl\src\lv_misc\lv_task.o
                0x080105b8                lv_task_core_init
 .text.lv_task_create_basic
                0x080105d4       0xa8 lvgl\src\lv_misc\lv_task.o
                0x080105d4                lv_task_create_basic
 .text.lv_task_del
                0x0801067c       0x30 lvgl\src\lv_misc\lv_task.o
                0x0801067c                lv_task_del
 .text.lv_task_exec
                0x080106ac       0x4c lvgl\src\lv_misc\lv_task.o
 .text.lv_task_handler
                0x080106f8      0x130 lvgl\src\lv_misc\lv_task.o
                0x080106f8                lv_task_handler
 .text.lv_task_set_prio
                0x08010828       0x50 lvgl\src\lv_misc\lv_task.o
                0x08010828                lv_task_set_prio
 .text.lv_task_create
                0x08010878       0x3c lvgl\src\lv_misc\lv_task.o
                0x08010878                lv_task_create
 .text.lv_task_ready
                0x080108b4       0x12 lvgl\src\lv_misc\lv_task.o
                0x080108b4                lv_task_ready
 .text.lv_txt_utf8_size
                0x080108c6       0x30 lvgl\src\lv_misc\lv_txt.o
 .text.lv_txt_utf8_next
                0x080108f6       0xe4 lvgl\src\lv_misc\lv_txt.o
 *fill*         0x080109da        0x2 
 .text.lv_txt_utf8_get_byte_id
                0x080109dc       0x24 lvgl\src\lv_misc\lv_txt.o
 .text.lv_txt_utf8_get_char_id
                0x08010a00       0x28 lvgl\src\lv_misc\lv_txt.o
 .text.lv_txt_utf8_get_length
                0x08010a28       0x28 lvgl\src\lv_misc\lv_txt.o
 .text.lv_txt_utf8_prev
                0x08010a50       0x48 lvgl\src\lv_misc\lv_txt.o
 .text.lv_txt_is_cmd
                0x08010a98       0x32 lvgl\src\lv_misc\lv_txt.o
                0x08010a98                lv_txt_is_cmd
 *fill*         0x08010aca        0x2 
 .text.lv_txt_get_next_line
                0x08010acc      0x10c lvgl\src\lv_misc\lv_txt.o
                0x08010acc                lv_txt_get_next_line
 .text.lv_txt_get_width
                0x08010bd8       0x94 lvgl\src\lv_misc\lv_txt.o
                0x08010bd8                lv_txt_get_width
 .text.lv_txt_get_size
                0x08010c6c       0xc0 lvgl\src\lv_misc\lv_txt.o
                0x08010c6c                lv_txt_get_size
 .text.lv_utils_bsearch
                0x08010d2c       0x3c lvgl\src\lv_misc\lv_utils.o
                0x08010d2c                lv_utils_bsearch
 .text.lv_bar_anim
                0x08010d68       0x14 lvgl\src\lv_objx\lv_bar.o
 .text.lv_bar_signal
                0x08010d7c       0x5c lvgl\src\lv_objx\lv_bar.o
 .text.lv_bar_set_value
                0x08010dd8       0xa0 lvgl\src\lv_objx\lv_bar.o
                0x08010dd8                lv_bar_set_value
 .text.lv_bar_anim_ready
                0x08010e78       0x1e lvgl\src\lv_objx\lv_bar.o
 .text.lv_bar_set_style
                0x08010e96       0x2a lvgl\src\lv_objx\lv_bar.o
                0x08010e96                lv_bar_set_style
 .text.lv_bar_create
                0x08010ec0      0x158 lvgl\src\lv_objx\lv_bar.o
                0x08010ec0                lv_bar_create
 .text.lv_bar_get_style
                0x08011018       0x22 lvgl\src\lv_objx\lv_bar.o
                0x08011018                lv_bar_get_style
 *fill*         0x0801103a        0x2 
 .text.lv_bar_design
                0x0801103c      0x288 lvgl\src\lv_objx\lv_bar.o
 .text.lv_btn_design
                0x080112c4       0x2c lvgl\src\lv_objx\lv_btn.o
 .text.lv_btn_set_state
                0x080112f0       0x2e lvgl\src\lv_objx\lv_btn.o
                0x080112f0                lv_btn_set_state
 .text.lv_btn_set_style
                0x0801131e       0x42 lvgl\src\lv_objx\lv_btn.o
                0x0801131e                lv_btn_set_style
 .text.lv_btn_create
                0x08011360      0x174 lvgl\src\lv_objx\lv_btn.o
                0x08011360                lv_btn_create
 .text.lv_btn_get_state
                0x080114d4        0xe lvgl\src\lv_objx\lv_btn.o
                0x080114d4                lv_btn_get_state
 .text.lv_btn_get_toggle
                0x080114e2        0xe lvgl\src\lv_objx\lv_btn.o
                0x080114e2                lv_btn_get_toggle
 .text.lv_btn_signal
                0x080114f0      0x14c lvgl\src\lv_objx\lv_btn.o
 .text.lv_btn_get_style
                0x0801163c       0x5a lvgl\src\lv_objx\lv_btn.o
                0x0801163c                lv_btn_get_style
 *fill*         0x08011696        0x2 
 .text.lv_cont_refr_autofit
                0x08011698      0x2f0 lvgl\src\lv_objx\lv_cont.o
 .text.lv_cont_create
                0x08011988      0x11c lvgl\src\lv_objx\lv_cont.o
                0x08011988                lv_cont_create
 .text.lv_cont_set_layout
                0x08011aa4       0x2a lvgl\src\lv_objx\lv_cont.o
                0x08011aa4                lv_cont_set_layout
 .text.lv_cont_get_layout
                0x08011ace        0xe lvgl\src\lv_objx\lv_cont.o
                0x08011ace                lv_cont_get_layout
 .text.lv_cont_refr_layout
                0x08011adc      0x55a lvgl\src\lv_objx\lv_cont.o
 *fill*         0x08012036        0x2 
 .text.lv_cont_signal
                0x08012038       0x88 lvgl\src\lv_objx\lv_cont.o
 .text.lv_img_design
                0x080120c0      0x17c lvgl\src\lv_objx\lv_img.o
 .text.lv_img_get_auto_size
                0x0801223c        0xe lvgl\src\lv_objx\lv_img.o
                0x0801223c                lv_img_get_auto_size
 *fill*         0x0801224a        0x2 
 .text.lv_img_set_src
                0x0801224c      0x16c lvgl\src\lv_objx\lv_img.o
                0x0801224c                lv_img_set_src
 .text.lv_img_create
                0x080123b8      0x118 lvgl\src\lv_objx\lv_img.o
                0x080123b8                lv_img_create
 .text.lv_img_signal
                0x080124d0       0x80 lvgl\src\lv_objx\lv_img.o
 .text.refr_img
                0x08012550       0x4e lvgl\src\lv_objx\lv_imgbtn.o
 *fill*         0x0801259e        0x2 
 .text.lv_imgbtn_signal
                0x080125a0       0x4c lvgl\src\lv_objx\lv_imgbtn.o
 .text.lv_imgbtn_design
                0x080125ec       0x6e lvgl\src\lv_objx\lv_imgbtn.o
 *fill*         0x0801265a        0x2 
 .text.lv_imgbtn_create
                0x0801265c       0xdc lvgl\src\lv_objx\lv_imgbtn.o
                0x0801265c                lv_imgbtn_create
 .text.lv_imgbtn_set_src
                0x08012738       0x1c lvgl\src\lv_objx\lv_imgbtn.o
                0x08012738                lv_imgbtn_set_src
 .text.lv_label_dot_tmp_free
                0x08012754       0x26 lvgl\src\lv_objx\lv_label.o
 *fill*         0x0801277a        0x2 
 .text.lv_label_revert_dots
                0x0801277c       0x6c lvgl\src\lv_objx\lv_label.o
 .text.lv_label_set_offset_y
                0x080127e8       0x14 lvgl\src\lv_objx\lv_label.o
 .text.lv_label_set_offset_x
                0x080127fc       0x14 lvgl\src\lv_objx\lv_label.o
 .text.lv_label_set_dot_tmp
                0x08012810       0x70 lvgl\src\lv_objx\lv_label.o
 .text.lv_label_design
                0x08012880      0x1e8 lvgl\src\lv_objx\lv_label.o
 .text.lv_label_set_align
                0x08012a68       0x2a lvgl\src\lv_objx\lv_label.o
                0x08012a68                lv_label_set_align
 .text.lv_label_set_body_draw
                0x08012a92       0x2c lvgl\src\lv_objx\lv_label.o
                0x08012a92                lv_label_set_body_draw
 .text.lv_label_get_text
                0x08012abe        0xa lvgl\src\lv_objx\lv_label.o
                0x08012abe                lv_label_get_text
 .text.lv_label_get_long_mode
                0x08012ac8        0xe lvgl\src\lv_objx\lv_label.o
                0x08012ac8                lv_label_get_long_mode
 .text.lv_label_get_align
                0x08012ad6        0xe lvgl\src\lv_objx\lv_label.o
                0x08012ad6                lv_label_get_align
 .text.lv_label_get_recolor
                0x08012ae4        0xe lvgl\src\lv_objx\lv_label.o
                0x08012ae4                lv_label_get_recolor
 .text.lv_label_get_body_draw
                0x08012af2        0xe lvgl\src\lv_objx\lv_label.o
                0x08012af2                lv_label_get_body_draw
 .text.lv_label_get_letter_on
                0x08012b00      0x17c lvgl\src\lv_objx\lv_label.o
                0x08012b00                lv_label_get_letter_on
 .text.lv_label_refr_text
                0x08012c7c      0x348 lvgl\src\lv_objx\lv_label.o
 .text.lv_label_signal
                0x08012fc4       0xf4 lvgl\src\lv_objx\lv_label.o
 .text.lv_label_set_text
                0x080130b8       0x98 lvgl\src\lv_objx\lv_label.o
                0x080130b8                lv_label_set_text
 .text.lv_label_set_static_text
                0x08013150       0x36 lvgl\src\lv_objx\lv_label.o
                0x08013150                lv_label_set_static_text
 *fill*         0x08013186        0x2 
 .text.lv_label_set_long_mode
                0x08013188       0x88 lvgl\src\lv_objx\lv_label.o
                0x08013188                lv_label_set_long_mode
 .text.lv_label_set_recolor
                0x08013210       0x2a lvgl\src\lv_objx\lv_label.o
                0x08013210                lv_label_set_recolor
 *fill*         0x0801323a        0x2 
 .text.lv_label_create
                0x0801323c      0x1d0 lvgl\src\lv_objx\lv_label.o
                0x0801323c                lv_label_create
 .text.lv_theme_get_current
                0x0801340c        0xc lvgl\src\lv_themes\lv_theme.o
                0x0801340c                lv_theme_get_current
 .text.Reset_Handler
                0x08013418       0x50 startup\startup_stm32g070xx.o
                0x08013418                Reset_Handler
 .text.Default_Handler
                0x08013468        0x2 startup\startup_stm32g070xx.o
                0x08013468                TIM1_CC_IRQHandler
                0x08013468                I2C1_IRQHandler
                0x08013468                RTC_TAMP_IRQHandler
                0x08013468                SPI1_IRQHandler
                0x08013468                USART3_4_IRQHandler
                0x08013468                EXTI2_3_IRQHandler
                0x08013468                ADC1_IRQHandler
                0x08013468                I2C2_IRQHandler
                0x08013468                TIM17_IRQHandler
                0x08013468                TIM16_IRQHandler
                0x08013468                TIM3_IRQHandler
                0x08013468                EXTI4_15_IRQHandler
                0x08013468                RCC_IRQHandler
                0x08013468                DMA1_Channel1_IRQHandler
                0x08013468                Default_Handler
                0x08013468                TIM14_IRQHandler
                0x08013468                TIM7_IRQHandler
                0x08013468                TIM15_IRQHandler
                0x08013468                EXTI0_1_IRQHandler
                0x08013468                SPI2_IRQHandler
                0x08013468                WWDG_IRQHandler
                0x08013468                DMA1_Ch4_7_DMAMUX1_OVR_IRQHandler
                0x08013468                DMA1_Channel2_3_IRQHandler
                0x08013468                USART2_IRQHandler
                0x08013468                FLASH_IRQHandler
                0x08013468                USART1_IRQHandler
                0x08013468                TIM1_BRK_UP_TRG_COM_IRQHandler
 *fill*         0x0801346a        0x2 
 .text.__errno  0x0801346c        0xc c:/program files (x86)/atollic/truestudio for stm32 9.3.0/armtools/bin/../lib/gcc/arm-atollic-eabi/6.3.1/../../../../arm-atollic-eabi/lib/armv6-m\libc.a(lib_a-errno.o)
                0x0801346c                __errno
 .text.__libc_init_array
                0x08013478       0x48 c:/program files (x86)/atollic/truestudio for stm32 9.3.0/armtools/bin/../lib/gcc/arm-atollic-eabi/6.3.1/../../../../arm-atollic-eabi/lib/armv6-m\libc.a(lib_a-init.o)
                0x08013478                __libc_init_array
 .text.malloc   0x080134c0       0x14 c:/program files (x86)/atollic/truestudio for stm32 9.3.0/armtools/bin/../lib/gcc/arm-atollic-eabi/6.3.1/../../../../arm-atollic-eabi/lib/armv6-m\libc.a(lib_a-malloc.o)
                0x080134c0                malloc
 .text.free     0x080134d4       0x14 c:/program files (x86)/atollic/truestudio for stm32 9.3.0/armtools/bin/../lib/gcc/arm-atollic-eabi/6.3.1/../../../../arm-atollic-eabi/lib/armv6-m\libc.a(lib_a-malloc.o)
                0x080134d4                free
 .text._malloc_r
                0x080134e8      0x408 c:/program files (x86)/atollic/truestudio for stm32 9.3.0/armtools/bin/../lib/gcc/arm-atollic-eabi/6.3.1/../../../../arm-atollic-eabi/lib/armv6-m\libc.a(lib_a-mallocr.o)
                0x080134e8                _malloc_r
 .text.memcpy   0x080138f0       0x12 c:/program files (x86)/atollic/truestudio for stm32 9.3.0/armtools/bin/../lib/gcc/arm-atollic-eabi/6.3.1/../../../../arm-atollic-eabi/lib/armv6-m\libc.a(lib_a-memcpy-stub.o)
                0x080138f0                memcpy
 .text.memset   0x08013902       0x10 c:/program files (x86)/atollic/truestudio for stm32 9.3.0/armtools/bin/../lib/gcc/arm-atollic-eabi/6.3.1/../../../../arm-atollic-eabi/lib/armv6-m\libc.a(lib_a-memset.o)
                0x08013902                memset
 *fill*         0x08013912        0x2 
 .text.__malloc_lock
                0x08013914       0x10 c:/program files (x86)/atollic/truestudio for stm32 9.3.0/armtools/bin/../lib/gcc/arm-atollic-eabi/6.3.1/../../../../arm-atollic-eabi/lib/armv6-m\libc.a(lib_a-mlock.o)
                0x08013914                __malloc_lock
 .text.__malloc_unlock
                0x08013924       0x10 c:/program files (x86)/atollic/truestudio for stm32 9.3.0/armtools/bin/../lib/gcc/arm-atollic-eabi/6.3.1/../../../../arm-atollic-eabi/lib/armv6-m\libc.a(lib_a-mlock.o)
                0x08013924                __malloc_unlock
 .text._sbrk_r  0x08013934       0x24 c:/program files (x86)/atollic/truestudio for stm32 9.3.0/armtools/bin/../lib/gcc/arm-atollic-eabi/6.3.1/../../../../arm-atollic-eabi/lib/armv6-m\libc.a(lib_a-sbrkr.o)
                0x08013934                _sbrk_r
 .text.sprintf  0x08013958       0x44 c:/program files (x86)/atollic/truestudio for stm32 9.3.0/armtools/bin/../lib/gcc/arm-atollic-eabi/6.3.1/../../../../arm-atollic-eabi/lib/armv6-m\libc.a(lib_a-sprintf.o)
                0x08013958                sprintf
 .text.strcpy   0x0801399c       0x10 c:/program files (x86)/atollic/truestudio for stm32 9.3.0/armtools/bin/../lib/gcc/arm-atollic-eabi/6.3.1/../../../../arm-atollic-eabi/lib/armv6-m\libc.a(lib_a-strcpy.o)
                0x0801399c                strcpy
 .text._svfprintf_r
                0x080139ac     0x10ec c:/program files (x86)/atollic/truestudio for stm32 9.3.0/armtools/bin/../lib/gcc/arm-atollic-eabi/6.3.1/../../../../arm-atollic-eabi/lib/armv6-m\libc.a(lib_a-svfprintf.o)
                0x080139ac                _svfprintf_r
 .text.quorem   0x08014a98      0x108 c:/program files (x86)/atollic/truestudio for stm32 9.3.0/armtools/bin/../lib/gcc/arm-atollic-eabi/6.3.1/../../../../arm-atollic-eabi/lib/armv6-m\libc.a(lib_a-dtoa.o)
 .text._dtoa_r  0x08014ba0      0xbd0 c:/program files (x86)/atollic/truestudio for stm32 9.3.0/armtools/bin/../lib/gcc/arm-atollic-eabi/6.3.1/../../../../arm-atollic-eabi/lib/armv6-m\libc.a(lib_a-dtoa.o)
                0x08014ba0                _dtoa_r
 .text._malloc_trim_r
                0x08015770       0xa8 c:/program files (x86)/atollic/truestudio for stm32 9.3.0/armtools/bin/../lib/gcc/arm-atollic-eabi/6.3.1/../../../../arm-atollic-eabi/lib/armv6-m\libc.a(lib_a-freer.o)
                0x08015770                _malloc_trim_r
 .text._free_r  0x08015818      0x168 c:/program files (x86)/atollic/truestudio for stm32 9.3.0/armtools/bin/../lib/gcc/arm-atollic-eabi/6.3.1/../../../../arm-atollic-eabi/lib/armv6-m\libc.a(lib_a-freer.o)
                0x08015818                _free_r
 .text._localeconv_r
                0x08015980       0x18 c:/program files (x86)/atollic/truestudio for stm32 9.3.0/armtools/bin/../lib/gcc/arm-atollic-eabi/6.3.1/../../../../arm-atollic-eabi/lib/armv6-m\libc.a(lib_a-localeconv.o)
                0x08015980                _localeconv_r
 .text.__retarget_lock_acquire_recursive
                0x08015998        0x2 c:/program files (x86)/atollic/truestudio for stm32 9.3.0/armtools/bin/../lib/gcc/arm-atollic-eabi/6.3.1/../../../../arm-atollic-eabi/lib/armv6-m\libc.a(lib_a-lock.o)
                0x08015998                __retarget_lock_acquire_recursive
 .text.__retarget_lock_release_recursive
                0x0801599a        0x2 c:/program files (x86)/atollic/truestudio for stm32 9.3.0/armtools/bin/../lib/gcc/arm-atollic-eabi/6.3.1/../../../../arm-atollic-eabi/lib/armv6-m\libc.a(lib_a-lock.o)
                0x0801599a                __retarget_lock_release_recursive
 .text.__ascii_mbtowc
                0x0801599c       0x24 c:/program files (x86)/atollic/truestudio for stm32 9.3.0/armtools/bin/../lib/gcc/arm-atollic-eabi/6.3.1/../../../../arm-atollic-eabi/lib/armv6-m\libc.a(lib_a-mbtowc_r.o)
                0x0801599c                __ascii_mbtowc
 .text.memchr   0x080159c0       0x16 c:/program files (x86)/atollic/truestudio for stm32 9.3.0/armtools/bin/../lib/gcc/arm-atollic-eabi/6.3.1/../../../../arm-atollic-eabi/lib/armv6-m\libc.a(lib_a-memchr-stub.o)
                0x080159c0                memchr