Archive member included to satisfy reference by file (symbol)

c:/program files (x86)/atollic/truestudio for stm32 9.3.0/armtools/bin/../lib/gcc/arm-atollic-eabi/6.3.1/../../../../arm-atollic-eabi/lib/armv6-m\libc.a(lib_a-errno.o)
                              Core\Src\syscalls.o (__errno)
c:/program files (x86)/atollic/truestudio for stm32 9.3.0/armtools/bin/../lib/gcc/arm-atollic-eabi/6.3.1/../../../../arm-atollic-eabi/lib/armv6-m\libc.a(lib_a-impure.o)
                              c:/program files (x86)/atollic/truestudio for stm32 9.3.0/armtools/bin/../lib/gcc/arm-atollic-eabi/6.3.1/../../../../arm-atollic-eabi/lib/armv6-m\libc.a(lib_a-errno.o) (_impure_ptr)
c:/program files (x86)/atollic/truestudio for stm32 9.3.0/armtools/bin/../lib/gcc/arm-atollic-eabi/6.3.1/../../../../arm-atollic-eabi/lib/armv6-m\libc.a(lib_a-init.o)
                              startup\startup_stm32g070xx.o (__libc_init_array)
c:/program files (x86)/atollic/truestudio for stm32 9.3.0/armtools/bin/../lib/gcc/arm-atollic-eabi/6.3.1/../../../../arm-atollic-eabi/lib/armv6-m\libc.a(lib_a-malloc.o)
                              Core\Src\stm32_adafruit_sd.o (malloc)
c:/program files (x86)/atollic/truestudio for stm32 9.3.0/armtools/bin/../lib/gcc/arm-atollic-eabi/6.3.1/../../../../arm-atollic-eabi/lib/armv6-m\libc.a(lib_a-mallocr.o)
                              c:/program files (x86)/atollic/truestudio for stm32 9.3.0/armtools/bin/../lib/gcc/arm-atollic-eabi/6.3.1/../../../../arm-atollic-eabi/lib/armv6-m\libc.a(lib_a-malloc.o) (_malloc_r)
c:/program files (x86)/atollic/truestudio for stm32 9.3.0/armtools/bin/../lib/gcc/arm-atollic-eabi/6.3.1/../../../../arm-atollic-eabi/lib/armv6-m\libc.a(lib_a-memcpy-stub.o)
                              lvgl\src\lv_core\lv_obj.o (memcpy)
c:/program files (x86)/atollic/truestudio for stm32 9.3.0/armtools/bin/../lib/gcc/arm-atollic-eabi/6.3.1/../../../../arm-atollic-eabi/lib/armv6-m\libc.a(lib_a-memset.o)
                              Core\Src\main.o (memset)
c:/program files (x86)/atollic/truestudio for stm32 9.3.0/armtools/bin/../lib/gcc/arm-atollic-eabi/6.3.1/../../../../arm-atollic-eabi/lib/armv6-m\libc.a(lib_a-mlock.o)
                              c:/program files (x86)/atollic/truestudio for stm32 9.3.0/armtools/bin/../lib/gcc/arm-atollic-eabi/6.3.1/../../../../arm-atollic-eabi/lib/armv6-m\libc.a(lib_a-mallocr.o) (__malloc_lock)
c:/program files (x86)/atollic/truestudio for stm32 9.3.0/armtools/bin/../lib/gcc/arm-atollic-eabi/6.3.1/../../../../arm-atollic-eabi/lib/armv6-m\libc.a(lib_a-sbrkr.o)
                              c:/program files (x86)/atollic/truestudio for stm32 9.3.0/armtools/bin/../lib/gcc/arm-atollic-eabi/6.3.1/../../../../arm-atollic-eabi/lib/armv6-m\libc.a(lib_a-mallocr.o) (_sbrk_r)
c:/program files (x86)/atollic/truestudio for stm32 9.3.0/armtools/bin/../lib/gcc/arm-atollic-eabi/6.3.1/../../../../arm-atollic-eabi/lib/armv6-m\libc.a(lib_a-sprintf.o)
                              Core\Src\main.o (sprintf)
c:/program files (x86)/atollic/truestudio for stm32 9.3.0/armtools/bin/../lib/gcc/arm-atollic-eabi/6.3.1/../../../../arm-atollic-eabi/lib/armv6-m\libc.a(lib_a-strcmp.o)
                              lvgl\src\lv_draw\lv_img_decoder.o (strcmp)
c:/program files (x86)/atollic/truestudio for stm32 9.3.0/armtools/bin/../lib/gcc/arm-atollic-eabi/6.3.1/../../../../arm-atollic-eabi/lib/armv6-m\libc.a(lib_a-strcpy.o)
                              Core\Src\main.o (strcpy)
c:/program files (x86)/atollic/truestudio for stm32 9.3.0/armtools/bin/../lib/gcc/arm-atollic-eabi/6.3.1/../../../../arm-atollic-eabi/lib/armv6-m\libc.a(lib_a-strlen.o)
                              Core\Src\main.o (strlen)
c:/program files (x86)/atollic/truestudio for stm32 9.3.0/armtools/bin/../lib/gcc/arm-atollic-eabi/6.3.1/../../../../arm-atollic-eabi/lib/armv6-m\libc.a(lib_a-svfprintf.o)
                              c:/program files (x86)/atollic/truestudio for stm32 9.3.0/armtools/bin/../lib/gcc/arm-atollic-eabi/6.3.1/../../../../arm-atollic-eabi/lib/armv6-m\libc.a(lib_a-sprintf.o) (_svfprintf_r)
c:/program files (x86)/atollic/truestudio for stm32 9.3.0/armtools/bin/../lib/gcc/arm-atollic-eabi/6.3.1/../../../../arm-atollic-eabi/lib/armv6-m\libc.a(lib_a-dtoa.o)
                              c:/program files (x86)/atollic/truestudio for stm32 9.3.0/armtools/bin/../lib/gcc/arm-atollic-eabi/6.3.1/../../../../arm-atollic-eabi/lib/armv6-m\libc.a(lib_a-svfprintf.o) (_dtoa_r)
c:/program files (x86)/atollic/truestudio for stm32 9.3.0/armtools/bin/../lib/gcc/arm-atollic-eabi/6.3.1/../../../../arm-atollic-eabi/lib/armv6-m\libc.a(lib_a-freer.o)
                              c:/program files (x86)/atollic/truestudio for stm32 9.3.0/armtools/bin/../lib/gcc/arm-atollic-eabi/6.3.1/../../../../arm-atollic-eabi/lib/armv6-m\libc.a(lib_a-malloc.o) (_free_r)
c:/program files (x86)/atollic/truestudio for stm32 9.3.0/armtools/bin/../lib/gcc/arm-atollic-eabi/6.3.1/../../../../arm-atollic-eabi/lib/armv6-m\libc.a(lib_a-localeconv.o)
[...]
Memory Configuration

Name             Origin             Length             Attributes
RAM              0x20000000         0x00009000         xrw
FLASH            0x08000000         0x00020000         xr
*default*        0x00000000         0xffffffff

Linker script and memory map

LOAD c:/program files (x86)/atollic/truestudio for stm32 9.3.0/armtools/bin/../lib/gcc/arm-atollic-eabi/6.3.1/armv6-m/crti.o
LOAD c:/program files (x86)/atollic/truestudio for stm32 9.3.0/armtools/bin/../lib/gcc/arm-atollic-eabi/6.3.1/armv6-m/crtbegin.o
LOAD Core\Src\ST7735.o
LOAD Core\Src\key.o
LOAD Core\Src\main.o
LOAD Core\Src\misc.o
LOAD Core\Src\stm32_adafruit_sd.o
LOAD Core\Src\stm32g0xx_hal_msp.o
LOAD Core\Src\stm32g0xx_hal_timebase_tim.o
LOAD Core\Src\stm32g0xx_it.o
LOAD Core\Src\stm32g0xx_nucleo.o
LOAD Core\Src\syscalls.o
LOAD Core\Src\system_stm32g0xx.o
LOAD Core\Src\w25qxx.o
LOAD Drivers\STM32G0xx_HAL_Driver\Src\stm32g0xx_hal.o
LOAD Drivers\STM32G0xx_HAL_Driver\Src\stm32g0xx_hal_adc.o
LOAD Drivers\STM32G0xx_HAL_Driver\Src\stm32g0xx_hal_adc_ex.o
LOAD Drivers\STM32G0xx_HAL_Driver\Src\stm32g0xx_hal_cortex.o
LOAD Drivers\STM32G0xx_HAL_Driver\Src\stm32g0xx_hal_dma.o
LOAD Drivers\STM32G0xx_HAL_Driver\Src\stm32g0xx_hal_dma_ex.o
LOAD Drivers\STM32G0xx_HAL_Driver\Src\stm32g0xx_hal_exti.o
LOAD Drivers\STM32G0xx_HAL_Driver\Src\stm32g0xx_hal_flash.o
LOAD Drivers\STM32G0xx_HAL_Driver\Src\stm32g0xx_hal_flash_ex.o
LOAD Drivers\STM32G0xx_HAL_Driver\Src\stm32g0xx_hal_gpio.o
LOAD Drivers\STM32G0xx_HAL_Driver\Src\stm32g0xx_hal_i2c.o
LOAD Drivers\STM32G0xx_HAL_Driver\Src\stm32g0xx_hal_i2c_ex.o
LOAD Drivers\STM32G0xx_HAL_Driver\Src\stm32g0xx_hal_pwr.o
LOAD Drivers\STM32G0xx_HAL_Driver\Src\stm32g0xx_hal_pwr_ex.o
LOAD Drivers\STM32G0xx_HAL_Driver\Src\stm32g0xx_hal_rcc.o
LOAD Drivers\STM32G0xx_HAL_Driver\Src\stm32g0xx_hal_rcc_ex.o
LOAD Drivers\STM32G0xx_HAL_Driver\Src\stm32g0xx_hal_rtc.o
LOAD Drivers\STM32G0xx_HAL_Driver\Src\stm32g0xx_hal_rtc_ex.o
LOAD Drivers\STM32G0xx_HAL_Driver\Src\stm32g0xx_hal_spi.o
LOAD Drivers\STM32G0xx_HAL_Driver\Src\stm32g0xx_hal_spi_ex.o
LOAD Drivers\STM32G0xx_HAL_Driver\Src\stm32g0xx_hal_tim.o
LOAD Drivers\STM32G0xx_HAL_Driver\Src\stm32g0xx_hal_tim_ex.o
LOAD Drivers\STM32G0xx_HAL_Driver\Src\stm32g0xx_hal_uart.o
LOAD Drivers\STM32G0xx_HAL_Driver\Src\stm32g0xx_hal_uart_ex.o
LOAD Drivers\STM32G0xx_HAL_Driver\Src\stm32g0xx_ll_adc.o
LOAD Drivers\STM32G0xx_HAL_Driver\Src\stm32g0xx_ll_rcc.o
LOAD FATFS\App\app_fatfs.o
LOAD FATFS\Target\sd_diskio.o
LOAD Middlewares\Third_Party\FatFs\src\diskio.o
LOAD Middlewares\Third_Party\FatFs\src\ff.o
LOAD Middlewares\Third_Party\FatFs\src\ff_gen_drv.o
LOAD Middlewares\Third_Party\FatFs\src\option\syscall.o
LOAD lvgl\porting\lv_port_disp_template.o
LOAD lvgl\porting\lv_port_fs_template.o
LOAD lvgl\porting\lv_port_indev_template.o
LOAD lvgl\src\lv_core\lv_disp.o
LOAD lvgl\src\lv_core\lv_group.o
LOAD lvgl\src\lv_core\lv_indev.o
LOAD lvgl\src\lv_core\lv_obj.o
LOAD lvgl\src\lv_core\lv_refr.o
LOAD lvgl\src\lv_core\lv_style.o
LOAD lvgl\src\lv_draw\lv_draw.o
LOAD lvgl\src\lv_draw\lv_draw_arc.o
LOAD lvgl\src\lv_draw\lv_draw_basic.o
LOAD lvgl\src\lv_draw\lv_draw_img.o
LOAD lvgl\src\lv_draw\lv_draw_label.o
LOAD lvgl\src\lv_draw\lv_draw_line.o
LOAD lvgl\src\lv_draw\lv_draw_rect.o
LOAD lvgl\src\lv_draw\lv_draw_triangle.o
LOAD lvgl\src\lv_draw\lv_img_cache.o
LOAD lvgl\src\lv_draw\lv_img_decoder.o
LOAD lvgl\src\lv_font\lv_font.o
LOAD lvgl\src\lv_font\lv_font_fmt_txt.o
LOAD lvgl\src\lv_font\lv_font_roboto_12.o
LOAD lvgl\src\lv_font\lv_font_roboto_16.o
LOAD lvgl\src\lv_font\lv_font_roboto_22.o
LOAD lvgl\src\lv_font\lv_font_roboto_28.o
LOAD lvgl\src\lv_font\lv_font_unscii_8.o
LOAD lvgl\src\lv_hal\lv_hal_disp.o
LOAD lvgl\src\lv_hal\lv_hal_indev.o
LOAD lvgl\src\lv_hal\lv_hal_tick.o
LOAD lvgl\src\lv_misc\lv_anim.o
LOAD lvgl\src\lv_misc\lv_area.o
LOAD lvgl\src\lv_misc\lv_async.o
LOAD lvgl\src\lv_misc\lv_circ.o
LOAD lvgl\src\lv_misc\lv_color.o
LOAD lvgl\src\lv_misc\lv_fs.o
LOAD lvgl\src\lv_misc\lv_gc.o
LOAD lvgl\src\lv_misc\lv_ll.o
LOAD lvgl\src\lv_misc\lv_log.o
LOAD lvgl\src\lv_misc\lv_math.o
LOAD lvgl\src\lv_misc\lv_mem.o
LOAD lvgl\src\lv_misc\lv_task.o
LOAD lvgl\src\lv_misc\lv_templ.o
LOAD lvgl\src\lv_misc\lv_txt.o
LOAD lvgl\src\lv_misc\lv_utils.o
LOAD lvgl\src\lv_objx\lv_arc.o
LOAD lvgl\src\lv_objx\lv_bar.o
LOAD lvgl\src\lv_objx\lv_btn.o
LOAD lvgl\src\lv_objx\lv_btnm.o
LOAD lvgl\src\lv_objx\lv_calendar.o
LOAD lvgl\src\lv_objx\lv_canvas.o
LOAD lvgl\src\lv_objx\lv_cb.o
LOAD lvgl\src\lv_objx\lv_chart.o
LOAD lvgl\src\lv_objx\lv_cont.o
LOAD lvgl\src\lv_objx\lv_ddlist.o
LOAD lvgl\src\lv_objx\lv_gauge.o
LOAD lvgl\src\lv_objx\lv_img.o
LOAD lvgl\src\lv_objx\lv_imgbtn.o
LOAD lvgl\src\lv_objx\lv_kb.o
LOAD lvgl\src\lv_objx\lv_label.o
LOAD lvgl\src\lv_objx\lv_led.o
LOAD lvgl\src\lv_objx\lv_line.o
LOAD lvgl\src\lv_objx\lv_list.o
LOAD lvgl\src\lv_objx\lv_lmeter.o
LOAD lvgl\src\lv_objx\lv_mbox.o
LOAD lvgl\src\lv_objx\lv_objx_templ.o
LOAD lvgl\src\lv_objx\lv_page.o
LOAD lvgl\src\lv_objx\lv_preload.o
LOAD lvgl\src\lv_objx\lv_roller.o
LOAD lvgl\src\lv_objx\lv_slider.o
LOAD lvgl\src\lv_objx\lv_spinbox.o
LOAD lvgl\src\lv_objx\lv_sw.o
LOAD lvgl\src\lv_objx\lv_ta.o
LOAD lvgl\src\lv_objx\lv_table.o
LOAD lvgl\src\lv_objx\lv_tabview.o
LOAD lvgl\src\lv_objx\lv_tileview.o
LOAD lvgl\src\lv_objx\lv_win.o
LOAD lvgl\src\lv_themes\lv_theme.o
LOAD lvgl\src\lv_themes\lv_theme_alien.o
LOAD lvgl\src\lv_themes\lv_theme_default.o
LOAD lvgl\src\lv_themes\lv_theme_material.o
LOAD lvgl\src\lv_themes\lv_theme_mono.o
LOAD lvgl\src\lv_themes\lv_theme_nemo.o
LOAD lvgl\src\lv_themes\lv_theme_night.o
LOAD lvgl\src\lv_themes\lv_theme_templ.o
LOAD lvgl\src\lv_themes\lv_theme_zen.o
LOAD startup\startup_stm32g070xx.o
                0x00000080                malloc_getpagesize_P = 0x80
START GROUP
LOAD c:/program files (x86)/atollic/truestudio for stm32 9.3.0/armtools/bin/../lib/gcc/arm-atollic-eabi/6.3.1/../../../../arm-atollic-eabi/lib/armv6-m\libc.a
LOAD c:/program files (x86)/atollic/truestudio for stm32 9.3.0/armtools/bin/../lib/gcc/arm-atollic-eabi/6.3.1/../../../../arm-atollic-eabi/lib/armv6-m\libm.a
END GROUP
START GROUP
LOAD c:/program files (x86)/atollic/truestudio for stm32 9.3.0/armtools/bin/../lib/gcc/arm-atollic-eabi/6.3.1/armv6-m\libgcc.a
LOAD c:/program files (x86)/atollic/truestudio for stm32 9.3.0/armtools/bin/../lib/gcc/arm-atollic-eabi/6.3.1/../../../../arm-atollic-eabi/lib/armv6-m\libc.a
END GROUP
START GROUP
LOAD c:/program files (x86)/atollic/truestudio for stm32 9.3.0/armtools/bin/../lib/gcc/arm-atollic-eabi/6.3.1/armv6-m\libgcc.a
LOAD c:/program files (x86)/atollic/truestudio for stm32 9.3.0/armtools/bin/../lib/gcc/arm-atollic-eabi/6.3.1/../../../../arm-atollic-eabi/lib/armv6-m\libc.a
LOAD c:/program files (x86)/atollic/truestudio for stm32 9.3.0/armtools/bin/../lib/gcc/arm-atollic-eabi/6.3.1/../../../../arm-atollic-eabi/lib/armv6-m\libnosys.a
END GROUP
LOAD c:/program files (x86)/atollic/truestudio for stm32 9.3.0/armtools/bin/../lib/gcc/arm-atollic-eabi/6.3.1/armv6-m/crtend.o
LOAD c:/program files (x86)/atollic/truestudio for stm32 9.3.0/armtools/bin/../lib/gcc/arm-atollic-eabi/6.3.1/armv6-m/crtn.o
                0x20009000                _estack = 0x20009000
                0x00000200                _Min_Heap_Size = 0x200
                0x00000400                _Min_Stack_Size = 0x400

.isr_vector     0x08000000       0xb8
                0x08000000                . = ALIGN (0x4)
 *(.isr_vector)
 .isr_vector    0x08000000       0xb8 startup\startup_stm32g070xx.o
                0x08000000                g_pfnVectors
                0x080000b8                . = ALIGN (0x4)

.text           0x080000b8    0x123b8
                0x080000b8                . = ALIGN (0x4)
 *(.text)
 .text          0x080000b8       0x48 c:/program files (x86)/atollic/truestudio for stm32 9.3.0/armtools/bin/../lib/gcc/arm-atollic-eabi/6.3.1/armv6-m/crtbegin.o
 .text          0x08000100       0x14 c:/program files (x86)/atollic/truestudio for stm32 9.3.0/armtools/bin/../lib/gcc/arm-atollic-eabi/6.3.1/../../../../arm-atollic-eabi/lib/armv6-m\libc.a(lib_a-strcmp.o)
                0x08000100                strcmp
 .text          0x08000114        0xe c:/program files (x86)/atollic/truestudio for stm32 9.3.0/armtools/bin/../lib/gcc/arm-atollic-eabi/6.3.1/../../../../arm-atollic-eabi/lib/armv6-m\libc.a(lib_a-strlen.o)
                0x08000114                strlen
 *fill*         0x08000122        0x2 
 .text          0x08000124       0x14 c:/program files (x86)/atollic/truestudio for stm32 9.3.0/armtools/bin/../lib/gcc/arm-atollic-eabi/6.3.1/armv6-m\libgcc.a(_thumb1_case_uqi.o)
                0x08000124                __gnu_thumb1_case_uqi
 .text          0x08000138       0x14 c:/program files (x86)/atollic/truestudio for stm32 9.3.0/armtools/bin/../lib/gcc/arm-atollic-eabi/6.3.1/armv6-m\libgcc.a(_thumb1_case_shi.o)
                0x08000138                __gnu_thumb1_case_shi
 .text          0x0800014c       0x14 c:/program files (x86)/atollic/truestudio for stm32 9.3.0/armtools/bin/../lib/gcc/arm-atollic-eabi/6.3.1/armv6-m\libgcc.a(_thumb1_case_uhi.o)
                0x0800014c                __gnu_thumb1_case_uhi
 .text          0x08000160      0x114 c:/program files (x86)/atollic/truestudio for stm32 9.3.0/armtools/bin/../lib/gcc/arm-atollic-eabi/6.3.1/armv6-m\libgcc.a(_udivsi3.o)
                0x08000160                __aeabi_uidiv
                0x08000160                __udivsi3
                0x0800026c                __aeabi_uidivmod
 .text          0x08000274      0x1d4 c:/program files (x86)/atollic/truestudio for stm32 9.3.0/armtools/bin/../lib/gcc/arm-atollic-eabi/6.3.1/armv6-m\libgcc.a(_divsi3.o)
                0x08000274                __divsi3
                0x08000274                __aeabi_idiv
                0x08000440                __aeabi_idivmod
 .text          0x08000448        0x4 c:/program files (x86)/atollic/truestudio for stm32 9.3.0/armtools/bin/../lib/gcc/arm-atollic-eabi/6.3.1/armv6-m\libgcc.a(_dvmd_tls.o)
                0x08000448                __aeabi_idiv0
                0x08000448                __aeabi_ldiv0
 .text          0x0800044c       0x7c c:/program files (x86)/atollic/truestudio for stm32 9.3.0/armtools/bin/../lib/gcc/arm-atollic-eabi/6.3.1/armv6-m\libgcc.a(_arm_cmpdf2.o)
                0x0800044c                __aeabi_cdrcmple
                0x0800045c                __aeabi_cdcmple
                0x0800045c                __aeabi_cdcmpeq
                0x0800046c                __aeabi_dcmpeq
                0x08000478                __aeabi_dcmplt
                0x0800048c                __aeabi_dcmple
                0x080004a0                __aeabi_dcmpgt
                0x080004b4                __aeabi_dcmpge
 .text          0x080004c8       0x40 c:/program files (x86)/atollic/truestudio for stm32 9.3.0/armtools/bin/../lib/gcc/arm-atollic-eabi/6.3.1/armv6-m\libgcc.a(_aeabi_uldivmod.o)
                0x080004c8                __aeabi_uldivmod
 .text          0x08000508       0x3c c:/program files (x86)/atollic/truestudio for stm32 9.3.0/armtools/bin/../lib/gcc/arm-atollic-eabi/6.3.1/armv6-m\libgcc.a(_fixunsdfsi.o)
                0x08000508                __aeabi_d2uiz
                0x08000508                __fixunsdfsi
 .text          0x08000544      0x180 c:/program files (x86)/atollic/truestudio for stm32 9.3.0/armtools/bin/../lib/gcc/arm-atollic-eabi/6.3.1/armv6-m\libgcc.a(_udivmoddi4.o)
                0x08000544                __udivmoddi4
 .text          0x080006c4      0x620 c:/program files (x86)/atollic/truestudio for stm32 9.3.0/armtools/bin/../lib/gcc/arm-atollic-eabi/6.3.1/armv6-m\libgcc.a(adddf3.o)
                0x080006c4                __aeabi_dadd
 .text          0x08000ce4      0x668 c:/program files (x86)/atollic/truestudio for stm32 9.3.0/armtools/bin/../lib/gcc/arm-atollic-eabi/6.3.1/armv6-m\libgcc.a(divdf3.o)
                0x08000ce4                __aeabi_ddiv
 .text          0x0800134c       0x74 c:/program files (x86)/atollic/truestudio for stm32 9.3.0/armtools/bin/../lib/gcc/arm-atollic-eabi/6.3.1/armv6-m\libgcc.a(eqdf2.o)
                0x0800134c                __nedf2
                0x0800134c                __eqdf2
 .text          0x080013c0       0xc8 c:/program files (x86)/atollic/truestudio for stm32 9.3.0/armtools/bin/../lib/gcc/arm-atollic-eabi/6.3.1/armv6-m\libgcc.a(gedf2.o)
                0x080013c0                __gedf2
                0x080013c0                __gtdf2
 .text          0x08001488       0xc4 c:/program files (x86)/atollic/truestudio for stm32 9.3.0/armtools/bin/../lib/gcc/arm-atollic-eabi/6.3.1/armv6-m\libgcc.a(ledf2.o)
                0x08001488                __ledf2
                0x08001488                __ltdf2
 .text          0x0800154c      0x500 c:/program files (x86)/atollic/truestudio for stm32 9.3.0/armtools/bin/../lib/gcc/arm-atollic-eabi/6.3.1/armv6-m\libgcc.a(muldf3.o)
                0x0800154c                __aeabi_dmul
 .text          0x08001a4c      0x62c c:/program files (x86)/atollic/truestudio for stm32 9.3.0/armtools/bin/../lib/gcc/arm-atollic-eabi/6.3.1/armv6-m\libgcc.a(subdf3.o)
                0x08001a4c                __aeabi_dsub
 .text          0x08002078       0x40 c:/program files (x86)/atollic/truestudio for stm32 9.3.0/armtools/bin/../lib/gcc/arm-atollic-eabi/6.3.1/armv6-m\libgcc.a(unorddf2.o)
                0x08002078                __aeabi_dcmpun
 .text          0x080020b8       0x68 c:/program files (x86)/atollic/truestudio for stm32 9.3.0/armtools/bin/../lib/gcc/arm-atollic-eabi/6.3.1/armv6-m\libgcc.a(fixdfsi.o)
                0x080020b8                __aeabi_d2iz
 .text          0x08002120       0x84 c:/program files (x86)/atollic/truestudio for stm32 9.3.0/armtools/bin/../lib/gcc/arm-atollic-eabi/6.3.1/armv6-m\libgcc.a(floatsidf.o)
                0x08002120                __aeabi_i2d
 .text          0x080021a4       0x70 c:/program files (x86)/atollic/truestudio for stm32 9.3.0/armtools/bin/../lib/gcc/arm-atollic-eabi/6.3.1/armv6-m\libgcc.a(floatunsidf.o)
                0x080021a4                __aeabi_ui2d
 .text          0x08002214       0x3c c:/program files (x86)/atollic/truestudio for stm32 9.3.0/armtools/bin/../lib/gcc/arm-atollic-eabi/6.3.1/armv6-m\libgcc.a(_clzsi2.o)
                0x08002214                __clzsi2
 .text          0x08002250       0x18 c:/program files (x86)/atollic/truestudio for stm32 9.3.0/armtools/bin/../lib/gcc/arm-atollic-eabi/6.3.1/armv6-m\libgcc.a(_clzdi2.o)
                0x08002250                __clzdi2
 *(.text*)
 .text.ST7735_write
                0x08002268       0x1c Core\Src\ST7735.o
                0x08002268                ST7735_write
 .text.ST7735_cmd
                0x08002284       0x1c Core\Src\ST7735.o
                0x08002284                ST7735_cmd
 .text.ST7735_data
                0x080022a0       0x1c Core\Src\ST7735.o
                0x080022a0                ST7735_data
 .text.ST7735_Orientation
                0x080022bc       0x64 Core\Src\ST7735.o
                0x080022bc                ST7735_Orientation
 .text.ST7735_Init
                0x08002320      0x118 Core\Src\ST7735.o
                0x08002320                ST7735_Init
 .text.ST7735_AddrSet
                0x08002438       0x6c Core\Src\ST7735.o
                0x08002438                ST7735_AddrSet
 .text.ST7735_Clear
                0x080024a4       0x6c Core\Src\ST7735.o
                0x080024a4                ST7735_Clear
 .text.ST7735_Flush_2
                0x08002510       0xd8 Core\Src\ST7735.o
                0x08002510                ST7735_Flush_2
 .text.ST7735_Flush_3
                0x080025e8        0x8 Core\Src\ST7735.o
                0x080025e8                ST7735_Flush_3
 .text.ClearLog
                0x080025f0       0x1c Core\Src\key.o
                0x080025f0                ClearLog
 .text.KeyboardInit
                0x0800260c       0x34 Core\Src\key.o
                0x0800260c                KeyboardInit
 .text.KeyboardSetMode
                0x08002640       0x38 Core\Src\key.o
                0x08002640                KeyboardSetMode
 .text.PushButton_Read
                0x08002678       0x40 Core\Src\key.o
                0x08002678                PushButton_Read
 .text.Evt_EnQueue
                0x080026b8       0x38 Core\Src\key.o
                0x080026b8                Evt_EnQueue
 .text.KeyboardRead
                0x080026f0      0x10c Core\Src\key.o
                0x080026f0                KeyboardRead
 .text.Key_Read
                0x080027fc       0x14 Core\Src\key.o
                0x080027fc                Key_Read
 .text.Evt_DeQueue
                0x08002810       0x3c Core\Src\key.o
                0x08002810                Evt_DeQueue
 .text.Evt_InitQueue
                0x0800284c       0x14 Core\Src\key.o
                0x0800284c                Evt_InitQueue
 .text.KeyboardEvent
                0x08002860        0xc Core\Src\key.o
                0x08002860                KeyboardEvent
 .text.ButtonEvent
                0x0800286c        0x8 Core\Src\key.o
                0x0800286c                ButtonEvent
 .text.SystemClock_Config
                0x08002874       0xa4 Core\Src\main.o
                0x08002874                SystemClock_Config
 .text.startup.main
                0x08002918      0x6e0 Core\Src\main.o
                0x08002918                main
 .text.HAL_TIM_PeriodElapsedCallback
                0x08002ff8       0x38 Core\Src\main.o
                0x08002ff8                HAL_TIM_PeriodElapsedCallback
 .text.Read_Encoder
                0x08003030       0xa4 Core\Src\misc.o
                0x08003030                Read_Encoder
 .text.tft_backlight
                0x080030d4       0x20 Core\Src\misc.o
                0x080030d4                tft_backlight
 .text.SD_ReadData
                0x080030f4       0x18 Core\Src\stm32_adafruit_sd.o
 .text.SD_SendCmd
                0x0800310c       0xdc Core\Src\stm32_adafruit_sd.o
 .text.SD_WaitData.constprop.0
                0x080031e8       0x28 Core\Src\stm32_adafruit_sd.o
 .text.BSP_SD_Init
                0x08003210      0x184 Core\Src\stm32_adafruit_sd.o
                0x08003210                BSP_SD_Init
 .text.BSP_SD_GetCardInfo
                0x08003394      0x38c Core\Src\stm32_adafruit_sd.o
                0x08003394                BSP_SD_GetCardInfo
 .text.BSP_SD_ReadBlocks
                0x08003720       0xe4 Core\Src\stm32_adafruit_sd.o
                0x08003720                BSP_SD_ReadBlocks
 .text.BSP_SD_WriteBlocks
                0x08003804      0x118 Core\Src\stm32_adafruit_sd.o
                0x08003804                BSP_SD_WriteBlocks
 .text.BSP_SD_GetCardState
                0x0800391c       0x34 Core\Src\stm32_adafruit_sd.o
                0x0800391c                BSP_SD_GetCardState
 .text.HAL_MspInit
                0x08003950       0x30 Core\Src\stm32g0xx_hal_msp.o
                0x08003950                HAL_MspInit
 .text.HAL_ADC_MspInit
                0x08003980       0x58 Core\Src\stm32g0xx_hal_msp.o
                0x08003980                HAL_ADC_MspInit
 .text.HAL_I2C_MspInit
                0x080039d8       0x68 Core\Src\stm32g0xx_hal_msp.o
                0x080039d8                HAL_I2C_MspInit
 .text.HAL_RTC_MspInit
                0x08003a40       0x34 Core\Src\stm32g0xx_hal_msp.o
                0x08003a40                HAL_RTC_MspInit
 .text.HAL_SPI_MspInit
                0x08003a74       0xcc Core\Src\stm32g0xx_hal_msp.o
                0x08003a74                HAL_SPI_MspInit
 .text.HAL_SPI_MspDeInit
                0x08003b40       0x60 Core\Src\stm32g0xx_hal_msp.o
                0x08003b40                HAL_SPI_MspDeInit
 .text.HAL_TIM_Base_MspInit
                0x08003ba0       0x84 Core\Src\stm32g0xx_hal_msp.o
                0x08003ba0                HAL_TIM_Base_MspInit
 .text.HAL_TIM_MspPostInit
                0x08003c24       0x4c Core\Src\stm32g0xx_hal_msp.o
                0x08003c24                HAL_TIM_MspPostInit
 .text.HAL_UART_MspInit
                0x08003c70       0xa0 Core\Src\stm32g0xx_hal_msp.o
                0x08003c70                HAL_UART_MspInit
 .text.HAL_InitTick
                0x08003d10       0x7c Core\Src\stm32g0xx_hal_timebase_tim.o
                0x08003d10                HAL_InitTick
 .text.NMI_Handler
                0x08003d8c        0x8 Core\Src\stm32g0xx_it.o
                0x08003d8c                NMI_Handler
 .text.HardFault_Handler
                0x08003d94        0x2 Core\Src\stm32g0xx_it.o
                0x08003d94                HardFault_Handler
 .text.SVC_Handler
                0x08003d96        0x2 Core\Src\stm32g0xx_it.o
                0x08003d96                SVC_Handler
 .text.PendSV_Handler
                0x08003d98        0x2 Core\Src\stm32g0xx_it.o
                0x08003d98                PendSV_Handler
 .text.SysTick_Handler
                0x08003d9a        0x2 Core\Src\stm32g0xx_it.o
                0x08003d9a                SysTick_Handler
 .text.TIM6_IRQHandler
                0x08003d9c       0x10 Core\Src\stm32g0xx_it.o
                0x08003d9c                TIM6_IRQHandler
 .text.SPIx_Init
                0x08003dac       0xd4 Core\Src\stm32g0xx_nucleo.o
 .text.SPIx_WriteReadData
                0x08003e80       0x30 Core\Src\stm32g0xx_nucleo.o
 .text.SD_IO_CSState
                0x08003eb0       0x1a Core\Src\stm32g0xx_nucleo.o
                0x08003eb0                SD_IO_CSState
 .text.SD_IO_WriteReadData
                0x08003eca        0x8 Core\Src\stm32g0xx_nucleo.o
                0x08003eca                SD_IO_WriteReadData
 .text.SD_IO_WriteByte
                0x08003ed2       0x1c Core\Src\stm32g0xx_nucleo.o
                0x08003ed2                SD_IO_WriteByte
 *fill*         0x08003eee        0x2 
 .text.SD_IO_Init
                0x08003ef0       0x8c Core\Src\stm32g0xx_nucleo.o
                0x08003ef0                SD_IO_Init
 .text._sbrk    0x08003f7c       0x34 Core\Src\syscalls.o
                0x08003f7c                _sbrk
 .text.SystemInit
                0x08003fb0       0x10 Core\Src\system_stm32g0xx.o
                0x08003fb0                SystemInit
 .text.HAL_Init
                0x08003fc0       0x28 Drivers\STM32G0xx_HAL_Driver\Src\stm32g0xx_hal.o
                0x08003fc0                HAL_Init
 .text.HAL_IncTick
                0x08003fe8       0x18 Drivers\STM32G0xx_HAL_Driver\Src\stm32g0xx_hal.o
                0x08003fe8                HAL_IncTick
 .text.HAL_GetTick
                0x08004000        0xc Drivers\STM32G0xx_HAL_Driver\Src\stm32g0xx_hal.o
                0x08004000                HAL_GetTick
 .text.HAL_Delay
                0x0800400c       0x24 Drivers\STM32G0xx_HAL_Driver\Src\stm32g0xx_hal.o
                0x0800400c                HAL_Delay
 .text.LL_ADC_REG_IsConversionOngoing
                0x08004030        0x8 Drivers\STM32G0xx_HAL_Driver\Src\stm32g0xx_hal_adc.o
 .text.HAL_ADC_Init
                0x08004038      0x270 Drivers\STM32G0xx_HAL_Driver\Src\stm32g0xx_hal_adc.o
                0x08004038                HAL_ADC_Init
 .text.HAL_ADC_ConfigChannel
                0x080042a8      0x238 Drivers\STM32G0xx_HAL_Driver\Src\stm32g0xx_hal_adc.o
                0x080042a8                HAL_ADC_ConfigChannel
 .text.HAL_NVIC_SetPriority
                0x080044e0       0x60 Drivers\STM32G0xx_HAL_Driver\Src\stm32g0xx_hal_cortex.o
                0x080044e0                HAL_NVIC_SetPriority
 .text.HAL_NVIC_EnableIRQ
                0x08004540       0x18 Drivers\STM32G0xx_HAL_Driver\Src\stm32g0xx_hal_cortex.o
                0x08004540                HAL_NVIC_EnableIRQ
 .text.HAL_GPIO_Init
                0x08004558      0x150 Drivers\STM32G0xx_HAL_Driver\Src\stm32g0xx_hal_gpio.o
                0x08004558                HAL_GPIO_Init
 .text.HAL_GPIO_DeInit
                0x080046a8       0xec Drivers\STM32G0xx_HAL_Driver\Src\stm32g0xx_hal_gpio.o
                0x080046a8                HAL_GPIO_DeInit
 .text.HAL_GPIO_ReadPin
                0x08004794        0xc Drivers\STM32G0xx_HAL_Driver\Src\stm32g0xx_hal_gpio.o
                0x08004794                HAL_GPIO_ReadPin
 .text.HAL_GPIO_WritePin
                0x080047a0        0xc Drivers\STM32G0xx_HAL_Driver\Src\stm32g0xx_hal_gpio.o
                0x080047a0                HAL_GPIO_WritePin
 .text.HAL_GPIO_TogglePin
                0x080047ac        0xe Drivers\STM32G0xx_HAL_Driver\Src\stm32g0xx_hal_gpio.o
                0x080047ac                HAL_GPIO_TogglePin
 *fill*         0x080047ba        0x2 
 .text.HAL_I2C_Init
                0x080047bc       0xac Drivers\STM32G0xx_HAL_Driver\Src\stm32g0xx_hal_i2c.o
                0x080047bc                HAL_I2C_Init
 .text.HAL_I2CEx_ConfigAnalogFilter
                0x08004868       0x4c Drivers\STM32G0xx_HAL_Driver\Src\stm32g0xx_hal_i2c_ex.o
                0x08004868                HAL_I2CEx_ConfigAnalogFilter
 .text.HAL_I2CEx_ConfigDigitalFilter
                0x080048b4       0x48 Drivers\STM32G0xx_HAL_Driver\Src\stm32g0xx_hal_i2c_ex.o
                0x080048b4                HAL_I2CEx_ConfigDigitalFilter
 .text.HAL_PWREx_ControlVoltageScaling
                0x080048fc       0x54 Drivers\STM32G0xx_HAL_Driver\Src\stm32g0xx_hal_pwr_ex.o
                0x080048fc                HAL_PWREx_ControlVoltageScaling
 .text.HAL_RCC_OscConfig
                0x08004950      0x440 Drivers\STM32G0xx_HAL_Driver\Src\stm32g0xx_hal_rcc.o
                0x08004950                HAL_RCC_OscConfig
 .text.HAL_RCC_GetSysClockFreq
                0x08004d90       0x8c Drivers\STM32G0xx_HAL_Driver\Src\stm32g0xx_hal_rcc.o
                0x08004d90                HAL_RCC_GetSysClockFreq
 .text.HAL_RCC_ClockConfig
                0x08004e1c      0x15c Drivers\STM32G0xx_HAL_Driver\Src\stm32g0xx_hal_rcc.o
                0x08004e1c                HAL_RCC_ClockConfig
 .text.HAL_RCC_GetPCLK1Freq
                0x08004f78       0x28 Drivers\STM32G0xx_HAL_Driver\Src\stm32g0xx_hal_rcc.o
                0x08004f78                HAL_RCC_GetPCLK1Freq
 .text.HAL_RCC_GetClockConfig
                0x08004fa0       0x34 Drivers\STM32G0xx_HAL_Driver\Src\stm32g0xx_hal_rcc.o
                0x08004fa0                HAL_RCC_GetClockConfig
 .text.HAL_RCC_EnableCSS
                0x08004fd4       0x14 Drivers\STM32G0xx_HAL_Driver\Src\stm32g0xx_hal_rcc.o
                0x08004fd4                HAL_RCC_EnableCSS
 .text.HAL_RCC_EnableLSECSS
                0x08004fe8       0x10 Drivers\STM32G0xx_HAL_Driver\Src\stm32g0xx_hal_rcc.o
                0x08004fe8                HAL_RCC_EnableLSECSS
 .text.HAL_RCC_CSSCallback
                0x08004ff8        0x2 Drivers\STM32G0xx_HAL_Driver\Src\stm32g0xx_hal_rcc.o
                0x08004ff8                HAL_RCC_CSSCallback
 .text.HAL_RCC_LSECSSCallback
                0x08004ffa        0x2 Drivers\STM32G0xx_HAL_Driver\Src\stm32g0xx_hal_rcc.o
                0x08004ffa                HAL_RCC_LSECSSCallback
 .text.HAL_RCC_NMI_IRQHandler
                0x08004ffc       0x24 Drivers\STM32G0xx_HAL_Driver\Src\stm32g0xx_hal_rcc.o
                0x08004ffc                HAL_RCC_NMI_IRQHandler
 .text.HAL_RCCEx_PeriphCLKConfig
                0x08005020      0x160 Drivers\STM32G0xx_HAL_Driver\Src\stm32g0xx_hal_rcc_ex.o
                0x08005020                HAL_RCCEx_PeriphCLKConfig
 .text.HAL_RTC_WaitForSynchro
                0x08005180       0x34 Drivers\STM32G0xx_HAL_Driver\Src\stm32g0xx_hal_rtc.o
                0x08005180                HAL_RTC_WaitForSynchro
 .text.RTC_EnterInitMode
                0x080051b4       0x46 Drivers\STM32G0xx_HAL_Driver\Src\stm32g0xx_hal_rtc.o
                0x080051b4                RTC_EnterInitMode
 *fill*         0x080051fa        0x2 
 .text.RTC_ExitInitMode
                0x080051fc       0x48 Drivers\STM32G0xx_HAL_Driver\Src\stm32g0xx_hal_rtc.o
                0x080051fc                RTC_ExitInitMode
 .text.HAL_RTC_Init
                0x08005244       0xa0 Drivers\STM32G0xx_HAL_Driver\Src\stm32g0xx_hal_rtc.o
                0x08005244                HAL_RTC_Init
 .text.SPI_WaitFifoStateUntilTimeout.part.1
                0x080052e4       0x60 Drivers\STM32G0xx_HAL_Driver\Src\stm32g0xx_hal_spi.o
 .text.SPI_WaitFlagStateUntilTimeout.constprop.10
                0x08005344       0x28 Drivers\STM32G0xx_HAL_Driver\Src\stm32g0xx_hal_spi.o
 .text.SPI_WaitFifoStateUntilTimeout.constprop.11
                0x0800536c       0x34 Drivers\STM32G0xx_HAL_Driver\Src\stm32g0xx_hal_spi.o
 .text.SPI_EndRxTxTransaction
                0x080053a0       0x46 Drivers\STM32G0xx_HAL_Driver\Src\stm32g0xx_hal_spi.o
 *fill*         0x080053e6        0x2 
 .text.HAL_SPI_Init
                0x080053e8       0xbc Drivers\STM32G0xx_HAL_Driver\Src\stm32g0xx_hal_spi.o
                0x080053e8                HAL_SPI_Init
 .text.HAL_SPI_DeInit
                0x080054a4       0x2e Drivers\STM32G0xx_HAL_Driver\Src\stm32g0xx_hal_spi.o
                0x080054a4                HAL_SPI_DeInit
 .text.HAL_SPI_Transmit
                0x080054d2      0x19e Drivers\STM32G0xx_HAL_Driver\Src\stm32g0xx_hal_spi.o
                0x080054d2                HAL_SPI_Transmit
 .text.HAL_SPI_TransmitReceive
                0x08005670      0x264 Drivers\STM32G0xx_HAL_Driver\Src\stm32g0xx_hal_spi.o
                0x08005670                HAL_SPI_TransmitReceive
 .text.HAL_SPI_GetState
                0x080058d4        0x8 Drivers\STM32G0xx_HAL_Driver\Src\stm32g0xx_hal_spi.o
                0x080058d4                HAL_SPI_GetState
 .text.TIM_OC1_SetConfig
                0x080058dc       0x8c Drivers\STM32G0xx_HAL_Driver\Src\stm32g0xx_hal_tim.o
 .text.TIM_OC3_SetConfig
                0x08005968       0x8c Drivers\STM32G0xx_HAL_Driver\Src\stm32g0xx_hal_tim.o
 .text.TIM_OC4_SetConfig
                0x080059f4       0x74 Drivers\STM32G0xx_HAL_Driver\Src\stm32g0xx_hal_tim.o
 .text.TIM_OC5_SetConfig
                0x08005a68       0x6c Drivers\STM32G0xx_HAL_Driver\Src\stm32g0xx_hal_tim.o
 .text.TIM_OC6_SetConfig
                0x08005ad4       0x74 Drivers\STM32G0xx_HAL_Driver\Src\stm32g0xx_hal_tim.o
 .text.HAL_TIM_Base_Start_IT
                0x08005b48       0x28 Drivers\STM32G0xx_HAL_Driver\Src\stm32g0xx_hal_tim.o
                0x08005b48                HAL_TIM_Base_Start_IT
 .text.HAL_TIM_PWM_MspInit
                0x08005b70        0x2 Drivers\STM32G0xx_HAL_Driver\Src\stm32g0xx_hal_tim.o
                0x08005b70                HAL_TIM_PWM_MspInit
 .text.HAL_TIM_IC_MspInit
                0x08005b72        0x2 Drivers\STM32G0xx_HAL_Driver\Src\stm32g0xx_hal_tim.o
                0x08005b72                HAL_TIM_IC_MspInit
 .text.HAL_TIM_OC_DelayElapsedCallback
                0x08005b74        0x2 Drivers\STM32G0xx_HAL_Driver\Src\stm32g0xx_hal_tim.o
                0x08005b74                HAL_TIM_OC_DelayElapsedCallback
 .text.HAL_TIM_IC_CaptureCallback
                0x08005b76        0x2 Drivers\STM32G0xx_HAL_Driver\Src\stm32g0xx_hal_tim.o
                0x08005b76                HAL_TIM_IC_CaptureCallback
 .text.HAL_TIM_PWM_PulseFinishedCallback
                0x08005b78        0x2 Drivers\STM32G0xx_HAL_Driver\Src\stm32g0xx_hal_tim.o
                0x08005b78                HAL_TIM_PWM_PulseFinishedCallback
 .text.HAL_TIM_TriggerCallback
                0x08005b7a        0x2 Drivers\STM32G0xx_HAL_Driver\Src\stm32g0xx_hal_tim.o
                0x08005b7a                HAL_TIM_TriggerCallback
 .text.HAL_TIM_IRQHandler
                0x08005b7c      0x168 Drivers\STM32G0xx_HAL_Driver\Src\stm32g0xx_hal_tim.o
                0x08005b7c                HAL_TIM_IRQHandler
 .text.TIM_Base_SetConfig
                0x08005ce4       0x90 Drivers\STM32G0xx_HAL_Driver\Src\stm32g0xx_hal_tim.o
                0x08005ce4                TIM_Base_SetConfig
 .text.HAL_TIM_Base_Init
                0x08005d74       0x36 Drivers\STM32G0xx_HAL_Driver\Src\stm32g0xx_hal_tim.o
                0x08005d74                HAL_TIM_Base_Init
 .text.HAL_TIM_PWM_Init
                0x08005daa       0x36 Drivers\STM32G0xx_HAL_Driver\Src\stm32g0xx_hal_tim.o
                0x08005daa                HAL_TIM_PWM_Init
 .text.HAL_TIM_IC_Init
                0x08005de0       0x36 Drivers\STM32G0xx_HAL_Driver\Src\stm32g0xx_hal_tim.o
                0x08005de0                HAL_TIM_IC_Init
 *fill*         0x08005e16        0x2 
 .text.TIM_OC2_SetConfig
                0x08005e18       0x80 Drivers\STM32G0xx_HAL_Driver\Src\stm32g0xx_hal_tim.o
                0x08005e18                TIM_OC2_SetConfig
 .text.HAL_TIM_PWM_ConfigChannel
                0x08005e98      0x118 Drivers\STM32G0xx_HAL_Driver\Src\stm32g0xx_hal_tim.o
                0x08005e98                HAL_TIM_PWM_ConfigChannel
 .text.TIM_TI1_SetConfig
                0x08005fb0       0x50 Drivers\STM32G0xx_HAL_Driver\Src\stm32g0xx_hal_tim.o
                0x08005fb0                TIM_TI1_SetConfig
 .text.HAL_TIM_IC_ConfigChannel
                0x08006000      0x13c Drivers\STM32G0xx_HAL_Driver\Src\stm32g0xx_hal_tim.o
                0x08006000                HAL_TIM_IC_ConfigChannel
 .text.TIM_ETR_SetConfig
                0x0800613c       0x18 Drivers\STM32G0xx_HAL_Driver\Src\stm32g0xx_hal_tim.o
                0x0800613c                TIM_ETR_SetConfig
 .text.HAL_TIM_ConfigClockSource
                0x08006154      0x12c Drivers\STM32G0xx_HAL_Driver\Src\stm32g0xx_hal_tim.o
                0x08006154                HAL_TIM_ConfigClockSource
 .text.TIM_CCxChannelCmd
                0x08006280       0x1a Drivers\STM32G0xx_HAL_Driver\Src\stm32g0xx_hal_tim.o
                0x08006280                TIM_CCxChannelCmd
 *fill*         0x0800629a        0x2 
 .text.HAL_TIM_PWM_Start
                0x0800629c       0x64 Drivers\STM32G0xx_HAL_Driver\Src\stm32g0xx_hal_tim.o
                0x0800629c                HAL_TIM_PWM_Start
 .text.HAL_TIMEx_MasterConfigSynchronization
                0x08006300       0x54 Drivers\STM32G0xx_HAL_Driver\Src\stm32g0xx_hal_tim_ex.o
                0x08006300                HAL_TIMEx_MasterConfigSynchronization
 .text.HAL_TIMEx_CommutCallback
                0x08006354        0x2 Drivers\STM32G0xx_HAL_Driver\Src\stm32g0xx_hal_tim_ex.o
                0x08006354                HAL_TIMEx_CommutCallback
 .text.HAL_TIMEx_BreakCallback
                0x08006356        0x2 Drivers\STM32G0xx_HAL_Driver\Src\stm32g0xx_hal_tim_ex.o
                0x08006356                HAL_TIMEx_BreakCallback
 .text.HAL_TIMEx_Break2Callback
                0x08006358        0x2 Drivers\STM32G0xx_HAL_Driver\Src\stm32g0xx_hal_tim_ex.o
                0x08006358                HAL_TIMEx_Break2Callback
 *fill*         0x0800635a        0x2 
 .text.UART_SetConfig
                0x0800635c      0x404 Drivers\STM32G0xx_HAL_Driver\Src\stm32g0xx_hal_uart.o
                0x0800635c                UART_SetConfig
 .text.UART_AdvFeatureConfig
                0x08006760       0xd0 Drivers\STM32G0xx_HAL_Driver\Src\stm32g0xx_hal_uart.o
                0x08006760                UART_AdvFeatureConfig
 .text.UART_WaitOnFlagUntilTimeout
                0x08006830       0x64 Drivers\STM32G0xx_HAL_Driver\Src\stm32g0xx_hal_uart.o
                0x08006830                UART_WaitOnFlagUntilTimeout
 .text.HAL_UART_Transmit
                0x08006894       0xd6 Drivers\STM32G0xx_HAL_Driver\Src\stm32g0xx_hal_uart.o
                0x08006894                HAL_UART_Transmit
 *fill*         0x0800696a        0x2 
 .text.UART_CheckIdleState
                0x0800696c       0x68 Drivers\STM32G0xx_HAL_Driver\Src\stm32g0xx_hal_uart.o
                0x0800696c                UART_CheckIdleState
 .text.HAL_UART_Init
                0x080069d4       0x68 Drivers\STM32G0xx_HAL_Driver\Src\stm32g0xx_hal_uart.o
                0x080069d4                HAL_UART_Init
 .text.UARTEx_SetNbDataToProcess
                0x08006a3c       0x7c Drivers\STM32G0xx_HAL_Driver\Src\stm32g0xx_hal_uart_ex.o
 .text.HAL_UARTEx_EnableFifoMode
                0x08006ab8       0x3c Drivers\STM32G0xx_HAL_Driver\Src\stm32g0xx_hal_uart_ex.o
                0x08006ab8                HAL_UARTEx_EnableFifoMode
 .text.HAL_UARTEx_SetTxFifoThreshold
                0x08006af4       0x42 Drivers\STM32G0xx_HAL_Driver\Src\stm32g0xx_hal_uart_ex.o
                0x08006af4                HAL_UARTEx_SetTxFifoThreshold
 *fill*         0x08006b36        0x2 
 .text.HAL_UARTEx_SetRxFifoThreshold
                0x08006b38       0x48 Drivers\STM32G0xx_HAL_Driver\Src\stm32g0xx_hal_uart_ex.o
                0x08006b38                HAL_UARTEx_SetRxFifoThreshold
 .text.MX_FATFS_Init
                0x08006b80       0x28 FATFS\App\app_fatfs.o
                0x08006b80                MX_FATFS_Init
 .text.MX_FATFS_Process
                0x08006ba8        0x4 FATFS\App\app_fatfs.o
                0x08006ba8                MX_FATFS_Process
 .text.get_fattime
                0x08006bac        0x4 FATFS\App\app_fatfs.o
                0x08006bac                get_fattime
 .text.SD_CheckStatus.isra.0
                0x08006bb0       0x20 FATFS\Target\sd_diskio.o
 .text.SD_initialize
                0x08006bd0       0x20 FATFS\Target\sd_diskio.o
                0x08006bd0                SD_initialize
 .text.SD_status
                0x08006bf0        0x8 FATFS\Target\sd_diskio.o
                0x08006bf0                SD_status
 .text.SD_read  0x08006bf8       0x24 FATFS\Target\sd_diskio.o
                0x08006bf8                SD_read
 .text.SD_ioctl
                0x08006c1c       0x4c FATFS\Target\sd_diskio.o
                0x08006c1c                SD_ioctl
 .text.SD_write
                0x08006c68       0x24 FATFS\Target\sd_diskio.o
                0x08006c68                SD_write
 .text.disk_status
                0x08006c8c       0x1c Middlewares\Third_Party\FatFs\src\diskio.o
                0x08006c8c                disk_status
 .text.disk_initialize
                0x08006ca8       0x28 Middlewares\Third_Party\FatFs\src\diskio.o
                0x08006ca8                disk_initialize
 .text.disk_read
                0x08006cd0       0x1c Middlewares\Third_Party\FatFs\src\diskio.o
                0x08006cd0                disk_read
 .text.disk_write
                0x08006cec       0x1c Middlewares\Third_Party\FatFs\src\diskio.o
                0x08006cec                disk_write
 .text.disk_ioctl
                0x08006d08       0x1c Middlewares\Third_Party\FatFs\src\diskio.o
                0x08006d08                disk_ioctl
 .text.ld_dword
                0x08006d24       0x16 Middlewares\Third_Party\FatFs\src\ff.o
 .text.st_dword
                0x08006d3a       0x10 Middlewares\Third_Party\FatFs\src\ff.o
 .text.mem_set  0x08006d4a        0xc Middlewares\Third_Party\FatFs\src\ff.o
 *fill*         0x08006d56        0x2 
 .text.chk_lock
                0x08006d58       0x5c Middlewares\Third_Party\FatFs\src\ff.o
 .text.inc_lock
                0x08006db4       0x84 Middlewares\Third_Party\FatFs\src\ff.o
 .text.dec_lock
                0x08006e38       0x34 Middlewares\Third_Party\FatFs\src\ff.o
 .text.clust2sect
                0x08006e6c       0x18 Middlewares\Third_Party\FatFs\src\ff.o
 .text.clmt_clust
                0x08006e84       0x2a Middlewares\Third_Party\FatFs\src\ff.o
 .text.get_ldnumber
                0x08006eae       0x2c Middlewares\Third_Party\FatFs\src\ff.o
 .text.validate
                0x08006eda       0x36 Middlewares\Third_Party\FatFs\src\ff.o
 .text.mem_cpy.part.0
                0x08006f10       0x10 Middlewares\Third_Party\FatFs\src\ff.o
 .text.ld_clust.isra.1
                0x08006f20       0x1e Middlewares\Third_Party\FatFs\src\ff.o
 .text.st_clust.isra.2
                0x08006f3e       0x16 Middlewares\Third_Party\FatFs\src\ff.o
 .text.sync_window.part.4
                0x08006f54       0x48 Middlewares\Third_Party\FatFs\src\ff.o
 .text.sync_window
                0x08006f9c       0x14 Middlewares\Third_Party\FatFs\src\ff.o
 .text.sync_fs  0x08006fb0       0xb0 Middlewares\Third_Party\FatFs\src\ff.o
 .text.move_window
                0x08007060       0x34 Middlewares\Third_Party\FatFs\src\ff.o
 .text.check_fs
                0x08007094       0x8c Middlewares\Third_Party\FatFs\src\ff.o
 .text.find_volume
                0x08007120      0x2e4 Middlewares\Third_Party\FatFs\src\ff.o
 .text.put_fat  0x08007404      0x108 Middlewares\Third_Party\FatFs\src\ff.o
 .text.get_fat.isra.8
                0x0800750c       0xc0 Middlewares\Third_Party\FatFs\src\ff.o
 .text.create_chain
                0x080075cc       0xb0 Middlewares\Third_Party\FatFs\src\ff.o
 .text.remove_chain
                0x0800767c       0x72 Middlewares\Third_Party\FatFs\src\ff.o
 .text.dir_sdi.constprop.11
                0x080076ee       0x6e Middlewares\Third_Party\FatFs\src\ff.o
 .text.dir_next
                0x0800775c       0xf0 Middlewares\Third_Party\FatFs\src\ff.o
 .text.follow_path
                0x0800784c      0x16c Middlewares\Third_Party\FatFs\src\ff.o
 .text.dir_register
                0x080079b8       0x62 Middlewares\Third_Party\FatFs\src\ff.o
 *fill*         0x08007a1a        0x2 
 .text.f_mount  0x08007a1c       0x68 Middlewares\Third_Party\FatFs\src\ff.o
                0x08007a1c                f_mount
 .text.f_open   0x08007a84      0x208 Middlewares\Third_Party\FatFs\src\ff.o
                0x08007a84                f_open
 .text.f_read   0x08007c8c      0x16c Middlewares\Third_Party\FatFs\src\ff.o
                0x08007c8c                f_read
 .text.f_write  0x08007df8      0x1a2 Middlewares\Third_Party\FatFs\src\ff.o
                0x08007df8                f_write
 .text.putc_bfd
                0x08007f9a       0x42 Middlewares\Third_Party\FatFs\src\ff.o
 .text.putc_flush
                0x08007fdc       0x2c Middlewares\Third_Party\FatFs\src\ff.o
 .text.f_sync   0x08008008       0x8e Middlewares\Third_Party\FatFs\src\ff.o
                0x08008008                f_sync
 .text.f_close  0x08008096       0x26 Middlewares\Third_Party\FatFs\src\ff.o
                0x08008096                f_close
 .text.f_getfree
                0x080080bc       0xdc Middlewares\Third_Party\FatFs\src\ff.o
                0x080080bc                f_getfree
 .text.f_gets   0x08008198       0x4e Middlewares\Third_Party\FatFs\src\ff.o
                0x08008198                f_gets
 .text.f_puts   0x080081e6       0x28 Middlewares\Third_Party\FatFs\src\ff.o
                0x080081e6                f_puts
 *fill*         0x0800820e        0x2 
 .text.FATFS_LinkDriverEx
                0x08008210       0x44 Middlewares\Third_Party\FatFs\src\ff_gen_drv.o
                0x08008210                FATFS_LinkDriverEx
 .text.FATFS_LinkDriver
                0x08008254        0xa Middlewares\Third_Party\FatFs\src\ff_gen_drv.o
                0x08008254                FATFS_LinkDriver
 .text.lv_disp_get_scr_act
                0x0800825e       0x14 lvgl\src\lv_core\lv_disp.o
                0x0800825e                lv_disp_get_scr_act
 .text.lv_disp_get_layer_top
                0x08008272       0x14 lvgl\src\lv_core\lv_disp.o
                0x08008272                lv_disp_get_layer_top
 .text.lv_disp_get_layer_sys
                0x08008286       0x14 lvgl\src\lv_core\lv_disp.o
                0x08008286                lv_disp_get_layer_sys
 .text.obj_to_foreground
                0x0800829a       0x28 lvgl\src\lv_core\lv_group.o
 .text.focus_next_core.part.0
                0x080082c2       0xda lvgl\src\lv_core\lv_group.o
 .text.lv_group_init
                0x0800839c       0x10 lvgl\src\lv_core\lv_group.o
                0x0800839c                lv_group_init
 .text.lv_group_focus_next
                0x080083ac       0x20 lvgl\src\lv_core\lv_group.o
                0x080083ac                lv_group_focus_next
 .text.lv_group_focus_prev
                0x080083cc       0x20 lvgl\src\lv_core\lv_group.o
                0x080083cc                lv_group_focus_prev
 .text.lv_group_refocus
                0x080083ec       0x2e lvgl\src\lv_core\lv_group.o
 .text.lv_group_add_obj
                0x0800841a       0x5a lvgl\src\lv_core\lv_group.o
                0x0800841a                lv_group_add_obj
 .text.lv_group_mod_style
                0x08008474       0x2c lvgl\src\lv_core\lv_group.o
                0x08008474                lv_group_mod_style
 .text.lv_group_get_focused
                0x080084a0       0x10 lvgl\src\lv_core\lv_group.o
                0x080084a0                lv_group_get_focused
 .text.lv_indev_reset.part.1
                0x080084b0       0x20 lvgl\src\lv_core\lv_indev.o
 .text.lv_indev_init
                0x080084d0        0x8 lvgl\src\lv_core\lv_indev.o
                0x080084d0                lv_indev_init
 .text.lv_indev_get_act
                0x080084d8        0xc lvgl\src\lv_core\lv_indev.o
                0x080084d8                lv_indev_get_act
 .text.refresh_children_position
                0x080084e4       0x44 lvgl\src\lv_core\lv_obj.o
 .text.lv_init  0x08008528       0x58 lvgl\src\lv_core\lv_obj.o
                0x08008528                lv_init
 .text.lv_obj_set_click
                0x08008580       0x12 lvgl\src\lv_core\lv_obj.o
                0x08008580                lv_obj_set_click
 *fill*         0x08008592        0x2 
 .text.lv_event_send_func
                0x08008594       0x90 lvgl\src\lv_core\lv_obj.o
                0x08008594                lv_event_send_func
 .text.lv_event_send
                0x08008624       0x18 lvgl\src\lv_core\lv_obj.o
                0x08008624                lv_event_send
 .text.lv_obj_set_signal_cb
                0x0800863c        0x4 lvgl\src\lv_core\lv_obj.o
                0x0800863c                lv_obj_set_signal_cb
 .text.lv_obj_set_design_cb
                0x08008640        0x4 lvgl\src\lv_core\lv_obj.o
                0x08008640                lv_obj_set_design_cb
 .text.lv_obj_allocate_ext_attr
                0x08008644        0xe lvgl\src\lv_core\lv_obj.o
                0x08008644                lv_obj_allocate_ext_attr
 *fill*         0x08008652        0x2 
 .text.lv_obj_get_disp
                0x08008654       0x50 lvgl\src\lv_core\lv_obj.o
                0x08008654                lv_obj_get_disp
 .text.lv_obj_invalidate
                0x080086a4       0x9e lvgl\src\lv_core\lv_obj.o
                0x080086a4                lv_obj_invalidate
 .text.lv_obj_move_foreground
                0x08008742       0x36 lvgl\src\lv_core\lv_obj.o
                0x08008742                lv_obj_move_foreground
 .text.lv_obj_set_pos
                0x08008778       0x82 lvgl\src\lv_core\lv_obj.o
                0x08008778                lv_obj_set_pos
 .text.lv_obj_set_x
                0x080087fa       0x12 lvgl\src\lv_core\lv_obj.o
                0x080087fa                lv_obj_set_x
 .text.lv_obj_set_y
                0x0800880c       0x14 lvgl\src\lv_core\lv_obj.o
                0x0800880c                lv_obj_set_y
 .text.lv_obj_align
                0x08008820      0x272 lvgl\src\lv_core\lv_obj.o
                0x08008820                lv_obj_align
 .text.lv_obj_align_origo
                0x08008a92      0x154 lvgl\src\lv_core\lv_obj.o
                0x08008a92                lv_obj_align_origo
 .text.lv_obj_realign
                0x08008be6       0x2a lvgl\src\lv_core\lv_obj.o
                0x08008be6                lv_obj_realign
 .text.lv_obj_create
                0x08008c10      0x290 lvgl\src\lv_core\lv_obj.o
                0x08008c10                lv_obj_create
 .text.lv_obj_set_size
                0x08008ea0       0x96 lvgl\src\lv_core\lv_obj.o
                0x08008ea0                lv_obj_set_size
 .text.lv_obj_set_height
                0x08008f36       0x14 lvgl\src\lv_core\lv_obj.o
                0x08008f36                lv_obj_set_height
 .text.lv_obj_refresh_style
                0x08008f4a       0x1a lvgl\src\lv_core\lv_obj.o
                0x08008f4a                lv_obj_refresh_style
 .text.lv_obj_refresh_ext_draw_pad
                0x08008f64       0x16 lvgl\src\lv_core\lv_obj.o
                0x08008f64                lv_obj_refresh_ext_draw_pad
 .text.lv_obj_get_parent
                0x08008f7a        0x4 lvgl\src\lv_core\lv_obj.o
                0x08008f7a                lv_obj_get_parent
 .text.lv_obj_get_child
                0x08008f7e       0x14 lvgl\src\lv_core\lv_obj.o
                0x08008f7e                lv_obj_get_child
 .text.refresh_children_style
                0x08008f92       0x40 lvgl\src\lv_core\lv_obj.o
 .text.lv_obj_set_style
                0x08008fd2       0x12 lvgl\src\lv_core\lv_obj.o
                0x08008fd2                lv_obj_set_style
 .text.lv_obj_get_coords
                0x08008fe4       0x12 lvgl\src\lv_core\lv_obj.o
                0x08008fe4                lv_obj_get_coords
 .text.lv_obj_get_width
                0x08008ff6        0xc lvgl\src\lv_core\lv_obj.o
                0x08008ff6                lv_obj_get_width
 .text.lv_obj_get_height
                0x08009002        0xc lvgl\src\lv_core\lv_obj.o
                0x08009002                lv_obj_get_height
 *fill*         0x0800900e        0x2 
 .text.lv_obj_get_style
                0x08009010       0x64 lvgl\src\lv_core\lv_obj.o
                0x08009010                lv_obj_get_style
 .text.lv_obj_signal
                0x08009074       0x50 lvgl\src\lv_core\lv_obj.o
 .text.lv_obj_get_hidden
                0x080090c4        0xa lvgl\src\lv_core\lv_obj.o
                0x080090c4                lv_obj_get_hidden
 .text.lv_obj_get_opa_scale
                0x080090ce       0x1e lvgl\src\lv_core\lv_obj.o
                0x080090ce                lv_obj_get_opa_scale
 .text.lv_obj_design
                0x080090ec       0xac lvgl\src\lv_core\lv_obj.o
 .text.lv_obj_get_signal_cb
                0x08009198        0x4 lvgl\src\lv_core\lv_obj.o
                0x08009198                lv_obj_get_signal_cb
 .text.lv_obj_get_ext_attr
                0x0800919c        0x4 lvgl\src\lv_core\lv_obj.o
                0x0800919c                lv_obj_get_ext_attr
 .text.lv_obj_get_group
                0x080091a0        0x4 lvgl\src\lv_core\lv_obj.o
                0x080091a0                lv_obj_get_group
 .text.lv_obj_is_focused
                0x080091a4       0x18 lvgl\src\lv_core\lv_obj.o
                0x080091a4                lv_obj_is_focused
 .text.lv_refr_vdb_flush
                0x080091bc       0x54 lvgl\src\lv_core\lv_refr.o
 .text.lv_refr_get_top_obj
                0x08009210       0x68 lvgl\src\lv_core\lv_refr.o
 .text.lv_refr_obj
                0x08009278       0xca lvgl\src\lv_core\lv_refr.o
 *fill*         0x08009342        0x2 
 .text.lv_refr_obj_and_children
                0x08009344       0x58 lvgl\src\lv_core\lv_refr.o
 .text.lv_refr_area_part
                0x0800939c       0x6c lvgl\src\lv_core\lv_refr.o
 .text.lv_refr_init
                0x08009408        0x2 lvgl\src\lv_core\lv_refr.o
                0x08009408                lv_refr_init
 .text.lv_inv_area
                0x0800940a       0xc2 lvgl\src\lv_core\lv_refr.o
                0x0800940a                lv_inv_area
 .text.lv_refr_get_disp_refreshing
                0x080094cc        0xc lvgl\src\lv_core\lv_refr.o
                0x080094cc                lv_refr_get_disp_refreshing
 .text.lv_disp_refr_task
                0x080094d8      0x390 lvgl\src\lv_core\lv_refr.o
                0x080094d8                lv_disp_refr_task
 .text.lv_style_copy
                0x08009868        0xa lvgl\src\lv_core\lv_style.o
                0x08009868                lv_style_copy
 *fill*         0x08009872        0x2 
 .text.lv_style_init
                0x08009874      0x7f4 lvgl\src\lv_core\lv_style.o
                0x08009874                lv_style_init
 .text.lv_draw_get_buf
                0x0800a068       0x40 lvgl\src\lv_draw\lv_draw.o
                0x0800a068                lv_draw_get_buf
 .text.lv_draw_free_buf
                0x0800a0a8       0x20 lvgl\src\lv_draw\lv_draw.o
                0x0800a0a8                lv_draw_free_buf
 .text.lv_draw_aa_get_opa
                0x0800a0c8       0x34 lvgl\src\lv_draw\lv_draw.o
                0x0800a0c8                lv_draw_aa_get_opa
 .text.lv_color_mix
                0x0800a0fc       0x4c lvgl\src\lv_draw\lv_draw_basic.o
 .text.sw_color_fill
                0x0800a148      0x12e lvgl\src\lv_draw\lv_draw_basic.o
 .text.lv_draw_px
                0x0800a276       0x92 lvgl\src\lv_draw\lv_draw_basic.o
                0x0800a276                lv_draw_px
 .text.lv_draw_fill
                0x0800a308      0x1c0 lvgl\src\lv_draw\lv_draw_basic.o
                0x0800a308                lv_draw_fill
 .text.lv_draw_letter
                0x0800a4c8      0x354 lvgl\src\lv_draw\lv_draw_basic.o
                0x0800a4c8                lv_draw_letter
 .text.lv_img_color_format_get_px_size
                0x0800a81c       0x14 lvgl\src\lv_draw\lv_draw_img.o
                0x0800a81c                lv_img_color_format_get_px_size
 .text.lv_img_src_get_type
                0x0800a830       0x1a lvgl\src\lv_draw\lv_draw_img.o
                0x0800a830                lv_img_src_get_type
 *fill*         0x0800a84a        0x2 
 .text.hex_char_to_num
                0x0800a84c       0x28 lvgl\src\lv_draw\lv_draw_label.o
 .text.lv_draw_label
                0x0800a874      0x47c lvgl\src\lv_draw\lv_draw_label.o
                0x0800a874                lv_draw_label
 .text.lv_color_mix
                0x0800acf0       0x4c lvgl\src\lv_draw\lv_draw_rect.o
 .text.lv_draw_cont_radius_corr
                0x0800ad3c       0x3c lvgl\src\lv_draw\lv_draw_rect.o
 .text.antialias_get_opa_circ
                0x0800ad78       0x48 lvgl\src\lv_draw\lv_draw_rect.o
 .text.lv_draw_rect
                0x0800adc0     0x1e4a lvgl\src\lv_draw\lv_draw_rect.o
                0x0800adc0                lv_draw_rect
 *fill*         0x0800cc0a        0x2 
 .text.lv_img_cache_invalidate_src
                0x0800cc0c       0x4c lvgl\src\lv_draw\lv_img_cache.o
                0x0800cc0c                lv_img_cache_invalidate_src
 .text.lv_img_cache_set_size
                0x0800cc58       0x5c lvgl\src\lv_draw\lv_img_cache.o
                0x0800cc58                lv_img_cache_set_size
 .text.lv_img_decoder_built_in_close
                0x0800ccb4       0x30 lvgl\src\lv_draw\lv_img_decoder.o
                0x0800ccb4                lv_img_decoder_built_in_close
 .text.lv_img_decoder_built_in_open
                0x0800cce4      0x14c lvgl\src\lv_draw\lv_img_decoder.o
                0x0800cce4                lv_img_decoder_built_in_open
 .text.lv_img_decoder_built_in_info
                0x0800ce30       0xb4 lvgl\src\lv_draw\lv_img_decoder.o
                0x0800ce30                lv_img_decoder_built_in_info
 .text.lv_img_decoder_built_in_read_line
                0x0800cee4      0x304 lvgl\src\lv_draw\lv_img_decoder.o
                0x0800cee4                lv_img_decoder_built_in_read_line
 .text.lv_img_decoder_close
                0x0800d1e8       0x14 lvgl\src\lv_draw\lv_img_decoder.o
                0x0800d1e8                lv_img_decoder_close
 .text.lv_img_decoder_create
                0x0800d1fc       0x20 lvgl\src\lv_draw\lv_img_decoder.o
                0x0800d1fc                lv_img_decoder_create
 .text.lv_img_decoder_init
                0x0800d21c       0x3c lvgl\src\lv_draw\lv_img_decoder.o
                0x0800d21c                lv_img_decoder_init
 .text.lv_font_get_glyph_bitmap
                0x0800d258        0x8 lvgl\src\lv_font\lv_font.o
                0x0800d258                lv_font_get_glyph_bitmap
 .text.lv_font_get_glyph_dsc
                0x0800d260        0x8 lvgl\src\lv_font\lv_font.o
                0x0800d260                lv_font_get_glyph_dsc
 .text.lv_font_get_glyph_width
                0x0800d268       0x1a lvgl\src\lv_font\lv_font.o
                0x0800d268                lv_font_get_glyph_width
 .text.kern_pair_8_compare
                0x0800d282       0x14 lvgl\src\lv_font\lv_font_fmt_txt.o
 .text.kern_pair_16_compare
                0x0800d296       0x14 lvgl\src\lv_font\lv_font_fmt_txt.o
 .text.unicode_list_compare
                0x0800d2aa        0x8 lvgl\src\lv_font\lv_font_fmt_txt.o
 *fill*         0x0800d2b2        0x2 
 .text.get_glyph_dsc_id.isra.0.part.1
                0x0800d2b4       0xac lvgl\src\lv_font\lv_font_fmt_txt.o
 .text.lv_font_get_bitmap_fmt_txt
                0x0800d360       0x2c lvgl\src\lv_font\lv_font_fmt_txt.o
                0x0800d360                lv_font_get_bitmap_fmt_txt
 .text.lv_font_get_glyph_dsc_fmt_txt
                0x0800d38c      0x114 lvgl\src\lv_font\lv_font_fmt_txt.o
                0x0800d38c                lv_font_get_glyph_dsc_fmt_txt
 .text.lv_disp_drv_init
                0x0800d4a0       0x38 lvgl\src\lv_hal\lv_hal_disp.o
                0x0800d4a0                lv_disp_drv_init
 .text.lv_disp_buf_init
                0x0800d4d8       0x1c lvgl\src\lv_hal\lv_hal_disp.o
                0x0800d4d8                lv_disp_buf_init
 .text.lv_disp_drv_register
                0x0800d4f4       0xbc lvgl\src\lv_hal\lv_hal_disp.o
                0x0800d4f4                lv_disp_drv_register
 .text.lv_disp_get_default
                0x0800d5b0        0xc lvgl\src\lv_hal\lv_hal_disp.o
                0x0800d5b0                lv_disp_get_default
 .text.lv_disp_get_hor_res
                0x0800d5bc       0x24 lvgl\src\lv_hal\lv_hal_disp.o
                0x0800d5bc                lv_disp_get_hor_res
 .text.lv_disp_get_ver_res
                0x0800d5e0       0x24 lvgl\src\lv_hal\lv_hal_disp.o
                0x0800d5e0                lv_disp_get_ver_res
 .text.lv_disp_get_antialiasing
                0x0800d604       0x1c lvgl\src\lv_hal\lv_hal_disp.o
                0x0800d604                lv_disp_get_antialiasing
 .text.lv_disp_flush_ready
                0x0800d620        0xc lvgl\src\lv_hal\lv_hal_disp.o
                0x0800d620                lv_disp_flush_ready
 .text.lv_disp_get_buf
                0x0800d62c        0x4 lvgl\src\lv_hal\lv_hal_disp.o
                0x0800d62c                lv_disp_get_buf
 .text.lv_disp_is_double_buf
                0x0800d630       0x12 lvgl\src\lv_hal\lv_hal_disp.o
                0x0800d630                lv_disp_is_double_buf
 .text.lv_disp_is_true_double_buf
                0x0800d642       0x24 lvgl\src\lv_hal\lv_hal_disp.o
                0x0800d642                lv_disp_is_true_double_buf
 *fill*         0x0800d666        0x2 
 .text.lv_indev_get_next
                0x0800d668       0x1c lvgl\src\lv_hal\lv_hal_indev.o
                0x0800d668                lv_indev_get_next
 .text.lv_tick_get
                0x0800d684       0x1c lvgl\src\lv_hal\lv_hal_tick.o
                0x0800d684                lv_tick_get
 .text.lv_tick_elaps
                0x0800d6a0        0xc lvgl\src\lv_hal\lv_hal_tick.o
                0x0800d6a0                lv_tick_elaps
 .text.lv_anim_path_linear
                0x0800d6ac       0x2a lvgl\src\lv_misc\lv_anim.o
                0x0800d6ac                lv_anim_path_linear
 *fill*         0x0800d6d6        0x2 
 .text.anim_task
                0x0800d6d8      0x110 lvgl\src\lv_misc\lv_anim.o
 .text.lv_anim_core_init
                0x0800d7e8       0x2c lvgl\src\lv_misc\lv_anim.o
                0x0800d7e8                lv_anim_core_init
 .text.lv_anim_del
                0x0800d814       0x58 lvgl\src\lv_misc\lv_anim.o
                0x0800d814                lv_anim_del
 .text.lv_anim_create
                0x0800d86c       0x4c lvgl\src\lv_misc\lv_anim.o
                0x0800d86c                lv_anim_create
 .text.lv_anim_speed_to_time
                0x0800d8b8       0x30 lvgl\src\lv_misc\lv_anim.o
                0x0800d8b8                lv_anim_speed_to_time
 .text.lv_area_set
                0x0800d8e8       0x12 lvgl\src\lv_misc\lv_area.o
                0x0800d8e8                lv_area_set
 .text.lv_area_get_size
                0x0800d8fa       0x1c lvgl\src\lv_misc\lv_area.o
                0x0800d8fa                lv_area_get_size
 .text.lv_area_intersect
                0x0800d916       0x6a lvgl\src\lv_misc\lv_area.o
                0x0800d916                lv_area_intersect
 .text.lv_area_join
                0x0800d980       0x4c lvgl\src\lv_misc\lv_area.o
                0x0800d980                lv_area_join
 .text.lv_area_is_on
                0x0800d9cc       0x3e lvgl\src\lv_misc\lv_area.o
                0x0800d9cc                lv_area_is_on
 .text.lv_area_is_in
                0x0800da0a       0x3e lvgl\src\lv_misc\lv_area.o
                0x0800da0a                lv_area_is_in
 .text.lv_circ_init
                0x0800da48        0xe lvgl\src\lv_misc\lv_circ.o
                0x0800da48                lv_circ_init
 .text.lv_circ_cont
                0x0800da56       0x14 lvgl\src\lv_misc\lv_circ.o
                0x0800da56                lv_circ_cont
 .text.lv_circ_next
                0x0800da6a       0x34 lvgl\src\lv_misc\lv_circ.o
                0x0800da6a                lv_circ_next
 .text.lv_fs_get_real_path
                0x0800da9e       0x16 lvgl\src\lv_misc\lv_fs.o
 .text.lv_fs_init
                0x0800dab4       0x10 lvgl\src\lv_misc\lv_fs.o
                0x0800dab4                lv_fs_init
 .text.lv_fs_close
                0x0800dac4       0x2a lvgl\src\lv_misc\lv_fs.o
                0x0800dac4                lv_fs_close
 .text.lv_fs_read
                0x0800daee       0x3c lvgl\src\lv_misc\lv_fs.o
                0x0800daee                lv_fs_read
 .text.lv_fs_seek
                0x0800db2a       0x20 lvgl\src\lv_misc\lv_fs.o
                0x0800db2a                lv_fs_seek
 *fill*         0x0800db4a        0x2 
 .text.lv_fs_get_drv
                0x0800db4c       0x28 lvgl\src\lv_misc\lv_fs.o
                0x0800db4c                lv_fs_get_drv
 .text.lv_fs_open
                0x0800db74       0x84 lvgl\src\lv_misc\lv_fs.o
                0x0800db74                lv_fs_open
 .text.lv_fs_get_ext
                0x0800dbf8       0x30 lvgl\src\lv_misc\lv_fs.o
                0x0800dbf8                lv_fs_get_ext
 .text.node_set_next.isra.0
                0x0800dc28       0x24 lvgl\src\lv_misc\lv_ll.o
 .text.node_set_prev.isra.2
                0x0800dc4c       0x22 lvgl\src\lv_misc\lv_ll.o
 .text.lv_ll_init
                0x0800dc6e       0x14 lvgl\src\lv_misc\lv_ll.o
                0x0800dc6e                lv_ll_init
 .text.lv_ll_ins_head
                0x0800dc82       0x40 lvgl\src\lv_misc\lv_ll.o
                0x0800dc82                lv_ll_ins_head
 .text.lv_ll_ins_tail
                0x0800dcc2       0x40 lvgl\src\lv_misc\lv_ll.o
                0x0800dcc2                lv_ll_ins_tail
 .text.lv_ll_get_head
                0x0800dd02        0x8 lvgl\src\lv_misc\lv_ll.o
                0x0800dd02                lv_ll_get_head
 .text.lv_ll_get_tail
                0x0800dd0a        0x8 lvgl\src\lv_misc\lv_ll.o
                0x0800dd0a                lv_ll_get_tail
 .text.lv_ll_get_next
                0x0800dd12       0x1c lvgl\src\lv_misc\lv_ll.o
                0x0800dd12                lv_ll_get_next
 .text.lv_ll_get_prev
                0x0800dd2e       0x1a lvgl\src\lv_misc\lv_ll.o
                0x0800dd2e                lv_ll_get_prev
 .text.lv_ll_ins_prev
                0x0800dd48       0x64 lvgl\src\lv_misc\lv_ll.o
                0x0800dd48                lv_ll_ins_prev
 .text.lv_ll_rem
                0x0800ddac       0x70 lvgl\src\lv_misc\lv_ll.o
                0x0800ddac                lv_ll_rem
 .text.lv_ll_chg_list
                0x0800de1c       0x6e lvgl\src\lv_misc\lv_ll.o
                0x0800de1c                lv_ll_chg_list
 .text.lv_ll_move_before
                0x0800de8a       0x96 lvgl\src\lv_misc\lv_ll.o
                0x0800de8a                lv_ll_move_before
 .text.ent_get_next
                0x0800df20       0x28 lvgl\src\lv_misc\lv_mem.o
 .text.ent_trunc
                0x0800df48       0x46 lvgl\src\lv_misc\lv_mem.o
 *fill*         0x0800df8e        0x2 
 .text.lv_mem_init
                0x0800df90       0x28 lvgl\src\lv_misc\lv_mem.o
                0x0800df90                lv_mem_init
 .text.lv_mem_alloc
                0x0800dfb8       0x50 lvgl\src\lv_misc\lv_mem.o
                0x0800dfb8                lv_mem_alloc
 .text.lv_mem_get_size
                0x0800e008       0x18 lvgl\src\lv_misc\lv_mem.o
                0x0800e008                lv_mem_get_size
 .text.lv_mem_free
                0x0800e020       0x54 lvgl\src\lv_misc\lv_mem.o
                0x0800e020                lv_mem_free
 .text.lv_mem_realloc
                0x0800e074       0x5a lvgl\src\lv_misc\lv_mem.o
                0x0800e074                lv_mem_realloc
 *fill*         0x0800e0ce        0x2 
 .text.lv_task_core_init
                0x0800e0d0       0x1c lvgl\src\lv_misc\lv_task.o
                0x0800e0d0                lv_task_core_init
 .text.lv_task_create_basic
                0x0800e0ec       0x7c lvgl\src\lv_misc\lv_task.o
                0x0800e0ec                lv_task_create_basic
 .text.lv_task_del
                0x0800e168       0x30 lvgl\src\lv_misc\lv_task.o
                0x0800e168                lv_task_del
 .text.lv_task_exec
                0x0800e198       0x4c lvgl\src\lv_misc\lv_task.o
 .text.lv_task_handler
                0x0800e1e4      0x10c lvgl\src\lv_misc\lv_task.o
                0x0800e1e4                lv_task_handler
 .text.lv_task_set_prio
                0x0800e2f0       0x50 lvgl\src\lv_misc\lv_task.o
                0x0800e2f0                lv_task_set_prio
 .text.lv_task_create
                0x0800e340       0x26 lvgl\src\lv_misc\lv_task.o
                0x0800e340                lv_task_create
 .text.lv_task_ready
                0x0800e366       0x12 lvgl\src\lv_misc\lv_task.o
                0x0800e366                lv_task_ready
 .text.lv_txt_utf8_size
                0x0800e378       0x30 lvgl\src\lv_misc\lv_txt.o
 .text.lv_txt_utf8_next
                0x0800e3a8       0xe4 lvgl\src\lv_misc\lv_txt.o
 .text.lv_txt_utf8_get_byte_id
                0x0800e48c       0x24 lvgl\src\lv_misc\lv_txt.o
 .text.lv_txt_utf8_get_char_id
                0x0800e4b0       0x28 lvgl\src\lv_misc\lv_txt.o
 .text.lv_txt_utf8_get_length
                0x0800e4d8       0x28 lvgl\src\lv_misc\lv_txt.o
 .text.lv_txt_utf8_prev
                0x0800e500       0x48 lvgl\src\lv_misc\lv_txt.o
 .text.lv_txt_is_cmd
                0x0800e548       0x32 lvgl\src\lv_misc\lv_txt.o
                0x0800e548                lv_txt_is_cmd
 *fill*         0x0800e57a        0x2 
 .text.lv_txt_get_next_line
                0x0800e57c      0x10c lvgl\src\lv_misc\lv_txt.o
                0x0800e57c                lv_txt_get_next_line
 .text.lv_txt_get_width
                0x0800e688       0x94 lvgl\src\lv_misc\lv_txt.o
                0x0800e688                lv_txt_get_width
 .text.lv_txt_get_size
                0x0800e71c       0xc0 lvgl\src\lv_misc\lv_txt.o
                0x0800e71c                lv_txt_get_size
 .text.lv_utils_bsearch
                0x0800e7dc       0x3c lvgl\src\lv_misc\lv_utils.o
                0x0800e7dc                lv_utils_bsearch
 .text.lv_label_dot_tmp_free
                0x0800e818       0x26 lvgl\src\lv_objx\lv_label.o
 *fill*         0x0800e83e        0x2 
 .text.lv_label_revert_dots
                0x0800e840       0x6c lvgl\src\lv_objx\lv_label.o
 .text.lv_label_set_offset_y
                0x0800e8ac       0x14 lvgl\src\lv_objx\lv_label.o
 .text.lv_label_set_offset_x
                0x0800e8c0       0x14 lvgl\src\lv_objx\lv_label.o
 .text.lv_label_set_dot_tmp
                0x0800e8d4       0x54 lvgl\src\lv_objx\lv_label.o
 .text.lv_label_design
                0x0800e928      0x1e8 lvgl\src\lv_objx\lv_label.o
 .text.lv_label_set_align
                0x0800eb10       0x2a lvgl\src\lv_objx\lv_label.o
                0x0800eb10                lv_label_set_align
 .text.lv_label_set_body_draw
                0x0800eb3a       0x2c lvgl\src\lv_objx\lv_label.o
                0x0800eb3a                lv_label_set_body_draw
 .text.lv_label_get_text
                0x0800eb66        0xa lvgl\src\lv_objx\lv_label.o
                0x0800eb66                lv_label_get_text
 .text.lv_label_get_long_mode
                0x0800eb70        0xe lvgl\src\lv_objx\lv_label.o
                0x0800eb70                lv_label_get_long_mode
 .text.lv_label_get_align
                0x0800eb7e        0xe lvgl\src\lv_objx\lv_label.o
                0x0800eb7e                lv_label_get_align
 .text.lv_label_get_recolor
                0x0800eb8c        0xe lvgl\src\lv_objx\lv_label.o
                0x0800eb8c                lv_label_get_recolor
 .text.lv_label_get_body_draw
                0x0800eb9a        0xe lvgl\src\lv_objx\lv_label.o
                0x0800eb9a                lv_label_get_body_draw
 .text.lv_label_get_letter_on
                0x0800eba8      0x17c lvgl\src\lv_objx\lv_label.o
                0x0800eba8                lv_label_get_letter_on
 .text.lv_label_refr_text
                0x0800ed24      0x348 lvgl\src\lv_objx\lv_label.o
 .text.lv_label_signal
                0x0800f06c       0xf4 lvgl\src\lv_objx\lv_label.o
 .text.lv_label_set_text
                0x0800f160       0x78 lvgl\src\lv_objx\lv_label.o
                0x0800f160                lv_label_set_text
 .text.lv_label_set_static_text
                0x0800f1d8       0x36 lvgl\src\lv_objx\lv_label.o
                0x0800f1d8                lv_label_set_static_text
 *fill*         0x0800f20e        0x2 
 .text.lv_label_set_long_mode
                0x0800f210       0x88 lvgl\src\lv_objx\lv_label.o
                0x0800f210                lv_label_set_long_mode
 .text.lv_label_set_recolor
                0x0800f298       0x2a lvgl\src\lv_objx\lv_label.o
                0x0800f298                lv_label_set_recolor
 *fill*         0x0800f2c2        0x2 
 .text.lv_label_create
                0x0800f2c4      0x17c lvgl\src\lv_objx\lv_label.o
                0x0800f2c4                lv_label_create
 .text.lv_theme_get_current
                0x0800f440        0xc lvgl\src\lv_themes\lv_theme.o
                0x0800f440                lv_theme_get_current
 .text.Reset_Handler
                0x0800f44c       0x50 startup\startup_stm32g070xx.o
                0x0800f44c                Reset_Handler
 .text.Default_Handler
                0x0800f49c        0x2 startup\startup_stm32g070xx.o
                0x0800f49c                TIM1_CC_IRQHandler
                0x0800f49c                I2C1_IRQHandler
                0x0800f49c                RTC_TAMP_IRQHandler
                0x0800f49c                SPI1_IRQHandler
                0x0800f49c                USART3_4_IRQHandler
                0x0800f49c                EXTI2_3_IRQHandler
                0x0800f49c                ADC1_IRQHandler
                0x0800f49c                I2C2_IRQHandler
                0x0800f49c                TIM17_IRQHandler
                0x0800f49c                TIM16_IRQHandler
                0x0800f49c                TIM3_IRQHandler
                0x0800f49c                EXTI4_15_IRQHandler
                0x0800f49c                RCC_IRQHandler
                0x0800f49c                DMA1_Channel1_IRQHandler
                0x0800f49c                Default_Handler
                0x0800f49c                TIM14_IRQHandler
                0x0800f49c                TIM7_IRQHandler
                0x0800f49c                TIM15_IRQHandler
                0x0800f49c                EXTI0_1_IRQHandler
                0x0800f49c                SPI2_IRQHandler
                0x0800f49c                WWDG_IRQHandler
                0x0800f49c                DMA1_Ch4_7_DMAMUX1_OVR_IRQHandler
                0x0800f49c                DMA1_Channel2_3_IRQHandler
                0x0800f49c                USART2_IRQHandler
                0x0800f49c                FLASH_IRQHandler
                0x0800f49c                USART1_IRQHandler
                0x0800f49c                TIM1_BRK_UP_TRG_COM_IRQHandler
 *fill*         0x0800f49e        0x2 
 .text.__errno  0x0800f4a0        0xc c:/program files (x86)/atollic/truestudio for stm32 9.3.0/armtools/bin/../lib/gcc/arm-atollic-eabi/6.3.1/../../../../arm-atollic-eabi/lib/armv6-m\libc.a(lib_a-errno.o)
                0x0800f4a0                __errno
 .text.__libc_init_array
                0x0800f4ac       0x48 c:/program files (x86)/atollic/truestudio for stm32 9.3.0/armtools/bin/../lib/gcc/arm-atollic-eabi/6.3.1/../../../../arm-atollic-eabi/lib/armv6-m\libc.a(lib_a-init.o)
                0x0800f4ac                __libc_init_array
 .text.malloc   0x0800f4f4       0x14 c:/program files (x86)/atollic/truestudio for stm32 9.3.0/armtools/bin/../lib/gcc/arm-atollic-eabi/6.3.1/../../../../arm-atollic-eabi/lib/armv6-m\libc.a(lib_a-malloc.o)
                0x0800f4f4                malloc
 .text.free     0x0800f508       0x14 c:/program files (x86)/atollic/truestudio for stm32 9.3.0/armtools/bin/../lib/gcc/arm-atollic-eabi/6.3.1/../../../../arm-atollic-eabi/lib/armv6-m\libc.a(lib_a-malloc.o)
                0x0800f508                free
 .text._malloc_r
                0x0800f51c      0x408 c:/program files (x86)/atollic/truestudio for stm32 9.3.0/armtools/bin/../lib/gcc/arm-atollic-eabi/6.3.1/../../../../arm-atollic-eabi/lib/armv6-m\libc.a(lib_a-mallocr.o)
                0x0800f51c                _malloc_r
 .text.memcpy   0x0800f924       0x12 c:/program files (x86)/atollic/truestudio for stm32 9.3.0/armtools/bin/../lib/gcc/arm-atollic-eabi/6.3.1/../../../../arm-atollic-eabi/lib/armv6-m\libc.a(lib_a-memcpy-stub.o)
                0x0800f924                memcpy
 .text.memset   0x0800f936       0x10 c:/program files (x86)/atollic/truestudio for stm32 9.3.0/armtools/bin/../lib/gcc/arm-atollic-eabi/6.3.1/../../../../arm-atollic-eabi/lib/armv6-m\libc.a(lib_a-memset.o)
                0x0800f936                memset
 *fill*         0x0800f946        0x2 
 .text.__malloc_lock
                0x0800f948       0x10 c:/program files (x86)/atollic/truestudio for stm32 9.3.0/armtools/bin/../lib/gcc/arm-atollic-eabi/6.3.1/../../../../arm-atollic-eabi/lib/armv6-m\libc.a(lib_a-mlock.o)
                0x0800f948                __malloc_lock
 .text.__malloc_unlock
                0x0800f958       0x10 c:/program files (x86)/atollic/truestudio for stm32 9.3.0/armtools/bin/../lib/gcc/arm-atollic-eabi/6.3.1/../../../../arm-atollic-eabi/lib/armv6-m\libc.a(lib_a-mlock.o)
                0x0800f958                __malloc_unlock
 .text._sbrk_r  0x0800f968       0x24 c:/program files (x86)/atollic/truestudio for stm32 9.3.0/armtools/bin/../lib/gcc/arm-atollic-eabi/6.3.1/../../../../arm-atollic-eabi/lib/armv6-m\libc.a(lib_a-sbrkr.o)
                0x0800f968                _sbrk_r
 .text.sprintf  0x0800f98c       0x44 c:/program files (x86)/atollic/truestudio for stm32 9.3.0/armtools/bin/../lib/gcc/arm-atollic-eabi/6.3.1/../../../../arm-atollic-eabi/lib/armv6-m\libc.a(lib_a-sprintf.o)
                0x0800f98c                sprintf
 .text.strcpy   0x0800f9d0       0x10 c:/program files (x86)/atollic/truestudio for stm32 9.3.0/armtools/bin/../lib/gcc/arm-atollic-eabi/6.3.1/../../../../arm-atollic-eabi/lib/armv6-m\libc.a(lib_a-strcpy.o)
                0x0800f9d0                strcpy
 .text._svfprintf_r
                0x0800f9e0     0x10ec c:/program files (x86)/atollic/truestudio for stm32 9.3.0/armtools/bin/../lib/gcc/arm-atollic-eabi/6.3.1/../../../../arm-atollic-eabi/lib/armv6-m\libc.a(lib_a-svfprintf.o)
                0x0800f9e0                _svfprintf_r
 .text.quorem   0x08010acc      0x108 c:/program files (x86)/atollic/truestudio for stm32 9.3.0/armtools/bin/../lib/gcc/arm-atollic-eabi/6.3.1/../../../../arm-atollic-eabi/lib/armv6-m\libc.a(lib_a-dtoa.o)
 .text._dtoa_r  0x08010bd4      0xbd0 c:/program files (x86)/atollic/truestudio for stm32 9.3.0/armtools/bin/../lib/gcc/arm-atollic-eabi/6.3.1/../../../../arm-atollic-eabi/lib/armv6-m\libc.a(lib_a-dtoa.o)
                0x08010bd4                _dtoa_r
 .text._malloc_trim_r
                0x080117a4       0xa8 c:/program files (x86)/atollic/truestudio for stm32 9.3.0/armtools/bin/../lib/gcc/arm-atollic-eabi/6.3.1/../../../../arm-atollic-eabi/lib/armv6-m\libc.a(lib_a-freer.o)
                0x080117a4                _malloc_trim_r
 .text._free_r  0x0801184c      0x168 c:/program files (x86)/atollic/truestudio for stm32 9.3.0/armtools/bin/../lib/gcc/arm-atollic-eabi/6.3.1/../../../../arm-atollic-eabi/lib/armv6-m\libc.a(lib_a-freer.o)
                0x0801184c                _free_r
 .text._localeconv_r
                0x080119b4       0x18 c:/program files (x86)/atollic/truestudio for stm32 9.3.0/armtools/bin/../lib/gcc/arm-atollic-eabi/6.3.1/../../../../arm-atollic-eabi/lib/armv6-m\libc.a(lib_a-localeconv.o)
                0x080119b4                _localeconv_r
 .text.__retarget_lock_acquire_recursive
                0x080119cc        0x2 c:/program files (x86)/atollic/truestudio for stm32 9.3.0/armtools/bin/../lib/gcc/arm-atollic-eabi/6.3.1/../../../../arm-atollic-eabi/lib/armv6-m\libc.a(lib_a-lock.o)
                0x080119cc                __retarget_lock_acquire_recursive
 .text.__retarget_lock_release_recursive
                0x080119ce        0x2 c:/program files (x86)/atollic/truestudio for stm32 9.3.0/armtools/bin/../lib/gcc/arm-atollic-eabi/6.3.1/../../../../arm-atollic-eabi/lib/armv6-m\libc.a(lib_a-lock.o)
                0x080119ce                __retarget_lock_release_recursive
 .text.memchr   0x080119d0       0x16 c:/program files (x86)/atollic/truestudio for stm32 9.3.0/armtools/bin/../lib/gcc/arm-atollic-eabi/6.3.1/../../../../arm-atollic-eabi/lib/armv6-m\libc.a(lib_a-memchr-stub.o)
                0x080119d0                memchr
 .text._Balloc  0x080119e6       0x70 c:/program files (x86)/atollic/truestudio for stm32 9.3.0/armtools/bin/../lib/gcc/arm-atollic-eabi/6.3.1/../../../../arm-atollic-eabi/lib/armv6-m\libc.a(lib_a-mprec.o)
                0x080119e6                _Balloc
 .text._Bfree   0x08011a56       0x32 c:/program files (x86)/atollic/truestudio for stm32 9.3.0/armtools/bin/../lib/gcc/arm-atollic-eabi/6.3.1/../../../../arm-atollic-eabi/lib/armv6-m\libc.a(lib_a-mprec.o)
                0x08011a56                _Bfree
 .text.__multadd
                0x08011a88       0x78 c:/program files (x86)/atollic/truestudio for stm32 9.3.0/armtools/bin/../lib/gcc/arm-atollic-eabi/6.3.1/../../../../arm-atollic-eabi/lib/armv6-m\libc.a(lib_a-mprec.o)
                0x08011a88                __multadd
 .text.__hi0bits
                0x08011b00       0x34 c:/program files (x86)/atollic/truestudio for stm32 9.3.0/armtools/bin/../lib/gcc/arm-atollic-eabi/6.3.1/../../../../arm-atollic-eabi/lib/armv6-m\libc.a(lib_a-mprec.o)
                0x08011b00                __hi0bits
 .text.__lo0bits
                0x08011b34       0x5e c:/program files (x86)/atollic/truestudio for stm32 9.3.0/armtools/bin/../lib/gcc/arm-atollic-eabi/6.3.1/../../../../arm-atollic-eabi/lib/armv6-m\libc.a(lib_a-mprec.o)
                0x08011b34                __lo0bits
 .text.__i2b    0x08011b92       0x12 c:/program files (x86)/atollic/truestudio for stm32 9.3.0/armtools/bin/../lib/gcc/arm-atollic-eabi/6.3.1/../../../../arm-atollic-eabi/lib/armv6-m\libc.a(lib_a-mprec.o)
                0x08011b92                __i2b
 .text.__multiply
                0x08011ba4      0x11e c:/program files (x86)/atollic/truestudio for stm32 9.3.0/armtools/bin/../lib/gcc/arm-atollic-eabi/6.3.1/../../../../arm-atollic-eabi/lib/armv6-m\libc.a(lib_a-mprec.o)
                0x08011ba4                __multiply
 *fill*         0x08011cc2        0x2 
 .text.__pow5mult
                0x08011cc4       0xa4 c:/program files (x86)/atollic/truestudio for stm32 9.3.0/armtools/bin/../lib/gcc/arm-atollic-eabi/6.3.1/../../../../arm-atollic-eabi/lib/armv6-m\libc.a(lib_a-mprec.o)
                0x08011cc4                __pow5mult
 .text.__lshift
                0x08011d68       0xa2 c:/program files (x86)/atollic/truestudio for stm32 9.3.0/armtools/bin/../lib/gcc/arm-atollic-eabi/6.3.1/../../../../arm-atollic-eabi/lib/armv6-m\libc.a(lib_a-mprec.o)
                0x08011d68                __lshift
 .text.__mcmp   0x08011e0a       0x32 c:/program files (x86)/atollic/truestudio for stm32 9.3.0/armtools/bin/../lib/gcc/arm-atollic-eabi/6.3.1/../../../../arm-atollic-eabi/lib/armv6-m\libc.a(lib_a-mprec.o)
                0x08011e0a                __mcmp
 .text.__mdiff  0x08011e3c       0xc8 c:/program files (x86)/atollic/truestudio for stm32 9.3.0/armtools/bin/../lib/gcc/arm-atollic-eabi/6.3.1/../../../../arm-atollic-eabi/lib/armv6-m\libc.a(lib_a-mprec.o)
                0x08011e3c                __mdiff
 .text.__d2b    0x08011f04       0xa8 c:/program files (x86)/atollic/truestudio for stm32 9.3.0/armtools/bin/../lib/gcc/arm-atollic-eabi/6.3.1/../../../../arm-atollic-eabi/lib/armv6-m\libc.a(lib_a-mprec.o)
                0x08011f04                __d2b
 .text.__ssprint_r
                0x08011fac       0xfc c:/program files (x86)/atollic/truestudio for stm32 9.3.0/armtools/bin/../lib/gcc/arm-atollic-eabi/6.3.1/../../../../arm-atollic-eabi/lib/armv6-m\libc.a(lib_a-svfiprintf.o)
                0x08011fac                __ssprint_r
 .text._calloc_r
                0x080120a8       0x58 c:/program files (x86)/atollic/truestudio for stm32 9.3.0/armtools/bin/../lib/gcc/arm-atollic-eabi/6.3.1/../../../../arm-atollic-eabi/lib/armv6-m\libc.a(lib_a-callocr.o)
                0x080120a8                _calloc_r
 .text.__ascii_mbtowc
                0x08012100       0x24 c:/program files (x86)/atollic/truestudio for stm32 9.3.0/armtools/bin/../lib/gcc/arm-atollic-eabi/6.3.1/../../../../arm-atollic-eabi/lib/armv6-m\libc.a(lib_a-mbtowc_r.o)
                0x08012100                __ascii_mbtowc
 .text.memmove  0x08012124       0x24 c:/program files (x86)/atollic/truestudio for stm32 9.3.0/armtools/bin/../lib/gcc/arm-atollic-eabi/6.3.1/../../../../arm-atollic-eabi/lib/armv6-m\libc.a(lib_a-memmove.o)
                0x08012124                memmove
 .text._realloc_r
                0x08012148      0x2f8 c:/program files (x86)/atollic/truestudio for stm32 9.3.0/armtools/bin/../lib/gcc/arm-atollic-eabi/6.3.1/../../../../arm-atollic-eabi/lib/armv6-m\libc.a(lib_a-reallocr.o)
                0x08012148                _realloc_r
 .text.__ascii_wctomb
                0x08012440       0x18 c:/program files (x86)/atollic/truestudio for stm32 9.3.0/armtools/bin/../lib/gcc/arm-atollic-eabi/6.3.1/../../../../arm-atollic-eabi/lib/armv6-m\libc.a(lib_a-wctomb_r.o)
                0x08012440                __ascii_wctomb
 *(.glue_7)
 .glue_7        0x08012458        0x0 linker stubs
 *(.glue_7t)
 .glue_7t       0x08012458        0x0 linker stubs
 *(.eh_frame)
 .eh_frame      0x08012458        0x0 c:/program files (x86)/atollic/truestudio for stm32 9.3.0/armtools/bin/../lib/gcc/arm-atollic-eabi/6.3.1/armv6-m/crtbegin.o
 *(.init)
 .init          0x08012458        0x4 c:/program files (x86)/atollic/truestudio for stm32 9.3.0/armtools/bin/../lib/gcc/arm-atollic-eabi/6.3.1/armv6-m/crti.o
                0x08012458                _init
 .init          0x0801245c        0x8 c:/program files (x86)/atollic/truestudio for stm32 9.3.0/armtools/bin/../lib/gcc/arm-atollic-eabi/6.3.1/armv6-m/crtn.o
 *(.fini)
 .fini          0x08012464        0x4 c:/program files (x86)/atollic/truestudio for stm32 9.3.0/armtools/bin/../lib/gcc/arm-atollic-eabi/6.3.1/armv6-m/crti.o
                0x08012464                _fini
 .fini          0x08012468        0x8 c:/program files (x86)/atollic/truestudio for stm32 9.3.0/armtools/bin/../lib/gcc/arm-atollic-eabi/6.3.1/armv6-m/crtn.o
                0x08012470                . = ALIGN (0x4)
                0x08012470                _etext = .

.vfp11_veneer   0x08012470        0x0
 .vfp11_veneer  0x08012470        0x0 linker stubs

.v4_bx          0x08012470        0x0
 .v4_bx         0x08012470        0x0 linker stubs

.iplt           0x08012470        0x0
 .iplt          0x08012470        0x0 c:/program files (x86)/atollic/truestudio for stm32 9.3.0/armtools/bin/../lib/gcc/arm-atollic-eabi/6.3.1/armv6-m/crtbegin.o

.rodata         0x08012470     0x34f0
                0x08012470                . = ALIGN (0x4)
 *(.rodata)
 .rodata        0x08012470        0x6 lvgl\src\lv_core\lv_style.o
 .rodata        0x08012476       0x10 lvgl\src\lv_draw\lv_draw_basic.o
 .rodata        0x08012486       0x10 lvgl\src\lv_draw\lv_img_decoder.o
 *fill*         0x08012496        0x2 
 .rodata        0x08012498       0x40 c:/program files (x86)/atollic/truestudio for stm32 9.3.0/armtools/bin/../lib/gcc/arm-atollic-eabi/6.3.1/armv6-m\libgcc.a(divdf3.o)
 .rodata        0x080124d8       0x40 c:/program files (x86)/atollic/truestudio for stm32 9.3.0/armtools/bin/../lib/gcc/arm-atollic-eabi/6.3.1/armv6-m\libgcc.a(muldf3.o)
 *(.rodata*)
 .rodata.main.str1.1
                0x08012518      0x252 Core\Src\main.o
                                0x253 (size before relaxing)
 .rodata.Read_Encoder.str1.1
                0x0801276a       0x31 Core\Src\misc.o
 *fill*         0x0801279b        0x1 
 .rodata.AHBPrescTable
                0x0801279c       0x40 Core\Src\system_stm32g0xx.o
                0x0801279c                AHBPrescTable
 .rodata.APBPrescTable
                0x080127dc       0x20 Core\Src\system_stm32g0xx.o
                0x080127dc                APBPrescTable
 .rodata.CSWTCH.256
                0x080127fc        0x4 Drivers\STM32G0xx_HAL_Driver\Src\stm32g0xx_hal_uart.o
 .rodata.CSWTCH.257
                0x08012800        0xd Drivers\STM32G0xx_HAL_Driver\Src\stm32g0xx_hal_uart.o
 *fill*         0x0801280d        0x3 
 .rodata.SD_Driver
                0x08012810       0x14 FATFS\Target\sd_diskio.o
                0x08012810                SD_Driver
 .rodata.ExCvt  0x08012824       0x80 Middlewares\Third_Party\FatFs\src\ff.o
 .rodata.follow_path.str1.1
                0x080128a4        0xf Middlewares\Third_Party\FatFs\src\ff.o
 .rodata.lv_obj_signal.str1.1
                0x080128b3        0x7 lvgl\src\lv_core\lv_obj.o
 .rodata.seg1.6420
                0x080128ba        0x1 lvgl\src\lv_draw\lv_draw.o
 .rodata.seg2.6421
                0x080128bb        0x2 lvgl\src\lv_draw\lv_draw.o
 .rodata.seg3.6422
                0x080128bd        0x3 lvgl\src\lv_draw\lv_draw.o
 .rodata.seg4.6423
                0x080128c0        0x4 lvgl\src\lv_draw\lv_draw.o
 .rodata.seg5.6424
                0x080128c4        0x5 lvgl\src\lv_draw\lv_draw.o
 .rodata.seg6.6425
                0x080128c9        0x6 lvgl\src\lv_draw\lv_draw.o
 .rodata.seg7.6426
                0x080128cf        0x7 lvgl\src\lv_draw\lv_draw.o
 .rodata.seg8.6427
                0x080128d6        0x8 lvgl\src\lv_draw\lv_draw.o
 *fill*         0x080128de        0x2 
 .rodata.seg_map.6428
                0x080128e0       0x20 lvgl\src\lv_draw\lv_draw.o
 .rodata.CSWTCH.18
                0x08012900        0xb lvgl\src\lv_draw\lv_draw_img.o
 .rodata.CSWTCH.19
                0x0801290b        0x6 lvgl\src\lv_draw\lv_draw_label.o
 .rodata.opa_map2.6571
                0x08012911        0x2 lvgl\src\lv_draw\lv_draw_rect.o
 .rodata.opa_map3.6572
                0x08012913        0x3 lvgl\src\lv_draw\lv_draw_rect.o
 .rodata.opa_map4.6573
                0x08012916        0x4 lvgl\src\lv_draw\lv_draw_rect.o
 .rodata.opa_map8.6574
                0x0801291a        0x8 lvgl\src\lv_draw\lv_draw_rect.o
 .rodata.lv_img_decoder_built_in_open.str1.1
                0x08012922        0x4 lvgl\src\lv_draw\lv_img_decoder.o
 *fill*         0x08012926        0x2 
 .rodata.cmaps  0x08012928       0x28 lvgl\src\lv_font\lv_font_roboto_16.o
 .rodata.glyph_dsc
                0x08012950      0x490 lvgl\src\lv_font\lv_font_roboto_16.o
 .rodata.gylph_bitmap
                0x08012de0     0x22e3 lvgl\src\lv_font\lv_font_roboto_16.o
 .rodata.kern_pair_glyph_ids
                0x080150c3      0x3c8 lvgl\src\lv_font\lv_font_roboto_16.o
 .rodata.kern_pair_values
                0x0801548b      0x1e4 lvgl\src\lv_font\lv_font_roboto_16.o
 *fill*         0x0801566f        0x1 
 .rodata.kern_pairs
                0x08015670        0xc lvgl\src\lv_font\lv_font_roboto_16.o
 .rodata.unicode_list_1
                0x0801567c       0x64 lvgl\src\lv_font\lv_font_roboto_16.o
 .rodata.lv_fs_get_ext.str1.1
                0x080156e0        0x1 lvgl\src\lv_misc\lv_fs.o
 .rodata.lv_txt_get_next_line.str1.1
                0x080156e0        0x8 lvgl\src\lv_misc\lv_txt.o
 .rodata.lv_label_create.str1.1
                0x080156e8        0x5 lvgl\src\lv_objx\lv_label.o
 .rodata.lv_label_signal.str1.1
                0x080156ed        0x9 lvgl\src\lv_objx\lv_label.o
 .rodata._svfprintf_r.str1.1
                0x080156f6       0x34 c:/program files (x86)/atollic/truestudio for stm32 9.3.0/armtools/bin/../lib/gcc/arm-atollic-eabi/6.3.1/../../../../arm-atollic-eabi/lib/armv6-m\libc.a(lib_a-svfprintf.o)
 .rodata.blanks.7236
                0x0801572a       0x10 c:/program files (x86)/atollic/truestudio for stm32 9.3.0/armtools/bin/../lib/gcc/arm-atollic-eabi/6.3.1/../../../../arm-atollic-eabi/lib/armv6-m\libc.a(lib_a-svfprintf.o)
 .rodata.zeroes.7237
                0x0801573a       0x10 c:/program files (x86)/atollic/truestudio for stm32 9.3.0/armtools/bin/../lib/gcc/arm-atollic-eabi/6.3.1/../../../../arm-atollic-eabi/lib/armv6-m\libc.a(lib_a-svfprintf.o)
 .rodata._dtoa_r.str1.1
                0x0801574a        0xd c:/program files (x86)/atollic/truestudio for stm32 9.3.0/armtools/bin/../lib/gcc/arm-atollic-eabi/6.3.1/../../../../arm-atollic-eabi/lib/armv6-m\libc.a(lib_a-dtoa.o)
                                  0xf (size before relaxing)
 *fill*         0x08015757        0x1 
 .rodata.__mprec_bigtens
                0x08015758       0x28 c:/program files (x86)/atollic/truestudio for stm32 9.3.0/armtools/bin/../lib/gcc/arm-atollic-eabi/6.3.1/../../../../arm-atollic-eabi/lib/armv6-m\libc.a(lib_a-mprec.o)
                0x08015758                __mprec_bigtens
 .rodata.__mprec_tens
                0x08015780       0xc8 c:/program files (x86)/atollic/truestudio for stm32 9.3.0/armtools/bin/../lib/gcc/arm-atollic-eabi/6.3.1/../../../../arm-atollic-eabi/lib/armv6-m\libc.a(lib_a-mprec.o)
                0x08015780                __mprec_tens
 .rodata.p05.6073
                0x08015848        0xc c:/program files (x86)/atollic/truestudio for stm32 9.3.0/armtools/bin/../lib/gcc/arm-atollic-eabi/6.3.1/../../../../arm-atollic-eabi/lib/armv6-m\libc.a(lib_a-mprec.o)
 .rodata._setlocale_r.str1.1
                0x08015854        0x8 c:/program files (x86)/atollic/truestudio for stm32 9.3.0/armtools/bin/../lib/gcc/arm-atollic-eabi/6.3.1/../../../../arm-atollic-eabi/lib/armv6-m\libc.a(lib_a-locale.o)
                                  0x9 (size before relaxing)
 .rodata.str1.1
                0x0801585c        0x2 c:/program files (x86)/atollic/truestudio for stm32 9.3.0/armtools/bin/../lib/gcc/arm-atollic-eabi/6.3.1/../../../../arm-atollic-eabi/lib/armv6-m\libc.a(lib_a-locale.o)
 .rodata._ctype_
                0x0801585e      0x101 c:/program files (x86)/atollic/truestudio for stm32 9.3.0/armtools/bin/../lib/gcc/arm-atollic-eabi/6.3.1/../../../../arm-atollic-eabi/lib/armv6-m\libc.a(lib_a-ctype_.o)
                0x0801585e                _ctype_
                0x08015960                . = ALIGN (0x4)
 *fill*         0x0801595f        0x1 

.ARM.extab
 *(.ARM.extab* .gnu.linkonce.armextab.*)

.ARM            0x08015960        0x8
                0x08015960                __exidx_start = .
 *(.ARM.exidx*)
 .ARM.exidx     0x08015960        0x8 c:/program files (x86)/atollic/truestudio for stm32 9.3.0/armtools/bin/../lib/gcc/arm-atollic-eabi/6.3.1/armv6-m\libgcc.a(_udivmoddi4.o)
                0x08015968                __exidx_end = .

.rel.dyn        0x08015968        0x0
 .rel.iplt      0x08015968        0x0 c:/program files (x86)/atollic/truestudio for stm32 9.3.0/armtools/bin/../lib/gcc/arm-atollic-eabi/6.3.1/armv6-m/crtbegin.o

.preinit_array  0x08015968        0x0
                0x08015968                PROVIDE (__preinit_array_start, .)
 *(.preinit_array*)
                0x08015968                PROVIDE (__preinit_array_end, .)

.init_array     0x08015968        0x4
                0x08015968                PROVIDE (__init_array_start, .)
 *(SORT(.init_array.*))
 *(.init_array*)
 .init_array    0x08015968        0x4 c:/program files (x86)/atollic/truestudio for stm32 9.3.0/armtools/bin/../lib/gcc/arm-atollic-eabi/6.3.1/armv6-m/crtbegin.o
                0x0801596c                PROVIDE (__init_array_end, .)

.fini_array     0x0801596c        0x4
                [!provide]                PROVIDE (__fini_array_start, .)
 *(SORT(.fini_array.*))
 *(.fini_array*)
 .fini_array    0x0801596c        0x4 c:/program files (x86)/atollic/truestudio for stm32 9.3.0/armtools/bin/../lib/gcc/arm-atollic-eabi/6.3.1/armv6-m/crtbegin.o
                [!provide]                PROVIDE (__fini_array_end, .)
                0x08015970                _sidata = LOADADDR (.data)

.data           0x20000000      0x6c8 load address 0x08015970
                0x20000000                . = ALIGN (0x4)
                0x20000000                _sdata = .
 *(.data)
 *(.data*)
 .data.SpixTimeout
                0x20000000        0x4 Core\Src\stm32g0xx_nucleo.o
                0x20000000                SpixTimeout
 .data.SystemCoreClock
                0x20000004        0x4 Core\Src\system_stm32g0xx.o
                0x20000004                SystemCoreClock
 .data.uwTickFreq
                0x20000008        0x4 Drivers\STM32G0xx_HAL_Driver\Src\stm32g0xx_hal.o
                0x20000008                uwTickFreq
 .data.uwTickPrio
                0x2000000c        0x4 Drivers\STM32G0xx_HAL_Driver\Src\stm32g0xx_hal.o
                0x2000000c                uwTickPrio
 .data.Stat     0x20000010        0x1 FATFS\Target\sd_diskio.o
 *fill*         0x20000011        0x1 
 .data.last_width.6244
                0x20000012        0x2 lvgl\src\lv_draw\lv_draw_basic.o
 .data.font_dsc
                0x20000014       0x1c lvgl\src\lv_font\lv_font_roboto_16.o
 .data.lv_font_roboto_16
                0x20000030       0x10 lvgl\src\lv_font\lv_font_roboto_16.o
                0x20000030                lv_font_roboto_16
 .data.lv_encoded_get_char_id
                0x20000040        0x4 lvgl\src\lv_misc\lv_txt.o
                0x20000040                lv_encoded_get_char_id
 .data.lv_txt_encoded_get_byte_id