lv_btnm.c:598:13:lv_btnm_design	176	static
lv_btnm.c:998:17:get_button_from_point	40	static
lv_btnm.c:1022:13:invalidate_button_area	32	static
lv_btnm.c:280:6:lv_btnm_set_pressed	16	static
lv_btnm.c:298:6:lv_btnm_set_style	16	static
lv_btnm.c:332:6:lv_btnm_set_recolor	16	static
lv_btnm.c:345:6:lv_btnm_set_btn_ctrl	16	static
lv_btnm.c:360:6:lv_btnm_clear_btn_ctrl	16	static
lv_btnm.c:375:6:lv_btnm_set_btn_ctrl_all	24	static
lv_btnm.c:390:6:lv_btnm_clear_btn_ctrl_all	24	static
lv_btnm.c:446:15:lv_btnm_get_map_array	8	static
lv_btnm.c:457:6:lv_btnm_get_recolor	8	static
lv_btnm.c:470:10:lv_btnm_get_active_btn	8	static
lv_btnm.c:498:10:lv_btnm_get_pressed_btn	8	static
lv_btnm.c:511:14:lv_btnm_get_btn_text	32	static
lv_btnm.c:482:14:lv_btnm_get_active_btn_text	8	static
lv_btnm.c:540:6:lv_btnm_get_btn_ctrl	16	static
lv_btnm.c:1067:13:make_one_button_toggled	16	static
lv_btnm.c:428:6:lv_btnm_set_one_toggle	16	static
lv_btnm.c:554:20:lv_btnm_get_style	16	static
lv_btnm.c:143:6:lv_btnm_set_map	104	static
lv_btnm.c:67:12:lv_btnm_create	24	static
lv_btnm.c:266:6:lv_btnm_set_ctrl_map	16	static
lv_btnm.c:408:6:lv_btnm_set_btn_width	16	static
lv_btnm.c:709:17:lv_btnm_signal	48	static
lv_btnm.c:577:6:lv_btnm_get_one_toggle	8	static
