lv_color.h:326:26:lv_color_mix	20	static
lv_canvas.c:778:17:lv_canvas_signal	16	static
lv_canvas.c:50:12:lv_canvas_create	24	static
lv_canvas.c:112:6:lv_canvas_set_buffer	32	static
lv_canvas.c:132:6:lv_canvas_set_px	24	static
lv_canvas.c:150:6:lv_canvas_set_palette	16	static
lv_canvas.c:164:6:lv_canvas_set_style	8	static
lv_canvas.c:182:12:lv_canvas_get_px	24	static
lv_canvas.c:195:16:lv_canvas_get_img	8	static
lv_canvas.c:208:20:lv_canvas_get_style	8	static
lv_canvas.c:234:6:lv_canvas_copy_buf	40	static
lv_canvas.c:266:6:lv_canvas_rotate	152	static
lv_canvas.c:431:6:lv_canvas_fill_bg	32	static
lv_canvas.c:453:6:lv_canvas_draw_rect	440	static
lv_canvas.c:512:6:lv_canvas_draw_text	472	static
lv_canvas.c:567:6:lv_canvas_draw_img	456	static
lv_canvas.c:620:6:lv_canvas_draw_line	448	static
lv_canvas.c:672:6:lv_canvas_draw_polygon	448	static
lv_canvas.c:724:6:lv_canvas_draw_arc	456	static
