lv_ddlist.c:915:13:lv_ddlist_pos_current_option	32	static
lv_ddlist.c:904:13:lv_ddlist_adjust_height	8	static
lv_ddlist.c:889:13:lv_ddlist_anim_finish	16	static
lv_ddlist.c:879:13:lv_ddlist_anim_ready_cb	8	static
lv_ddlist.c:810:13:lv_ddlist_refr_size	72	static
lv_ddlist.c:742:17:release_handler	48	static
lv_ddlist.c:605:17:lv_ddlist_signal	32	static
lv_page.h:188:20:lv_page_set_scrl_fit2	24	static
lv_ddlist.c:936:13:lv_ddlist_refr_width	8	static
lv_ddlist.c:163:6:lv_ddlist_set_options	32	static
lv_ddlist.c:195:6:lv_ddlist_set_selected	16	static
lv_ddlist.c:216:6:lv_ddlist_set_fix_height	16	static
lv_ddlist.c:231:6:lv_ddlist_set_fix_width	24	static
lv_ddlist.c:248:6:lv_ddlist_set_draw_arrow	8	static
lv_ddlist.c:261:6:lv_ddlist_set_stay_open	8	static
lv_ddlist.c:275:6:lv_ddlist_set_style	16	static
lv_ddlist.c:71:12:lv_ddlist_create	40	static
lv_ddlist.c:293:6:lv_ddlist_set_align	24	static
lv_ddlist.c:313:14:lv_ddlist_get_options	8	static
lv_ddlist.c:324:10:lv_ddlist_get_selected	8	static
lv_ddlist.c:337:6:lv_ddlist_get_selected_str	32	static
lv_ddlist.c:367:12:lv_ddlist_get_fix_height	8	static
lv_ddlist.c:377:6:lv_ddlist_get_draw_arrow	8	static
lv_ddlist.c:388:6:lv_ddlist_get_stay_open	8	static
lv_ddlist.c:401:20:lv_ddlist_get_style	16	static
lv_ddlist.c:495:13:lv_ddlist_design	152	static
lv_ddlist.c:708:17:lv_ddlist_scrl_signal	24	static
lv_ddlist.c:416:18:lv_ddlist_get_align	8	static
lv_ddlist.c:432:6:lv_ddlist_open	16	static
lv_ddlist.c:448:6:lv_ddlist_close	16	static
