lv_img.c:322:13:lv_img_design	136	static
lv_img.c:202:6:lv_img_set_auto_size	8	static
lv_img.c:215:6:lv_img_set_offset_x	16	static
lv_img.c:231:6:lv_img_set_offset_y	16	static
lv_img.c:250:14:lv_img_get_src	8	static
lv_img.c:262:14:lv_img_get_file_name	8	static
lv_img.c:277:6:lv_img_get_auto_size	8	static
lv_img.c:122:6:lv_img_set_src	56	static
lv_img.c:56:12:lv_img_create	32	static
lv_img.c:380:17:lv_img_signal	32	static
lv_img.c:289:12:lv_img_get_offset_x	8	static
lv_img.c:301:12:lv_img_get_offset_y	8	static
