lv_label.c:1211:13:lv_label_dot_tmp_free	16	static
lv_label.c:1124:13:lv_label_revert_dots	24	static
lv_label.c:1153:13:lv_label_set_offset_y	16	static
lv_label.c:1146:13:lv_label_set_offset_x	16	static
lv_label.c:1168:13:lv_label_set_dot_tmp	24	static
lv_label.c:813:13:lv_label_design	96	static
lv_label.c:303:6:lv_label_set_align	16	static
lv_label.c:335:6:lv_label_set_body_draw	16	static
lv_label.c:369:6:lv_label_set_text_sel_start	0	static
lv_label.c:381:6:lv_label_set_text_sel_end	0	static
lv_label.c:402:8:lv_label_get_text	8	static
lv_label.c:414:22:lv_label_get_long_mode	8	static
lv_label.c:425:18:lv_label_get_align	8	static
lv_label.c:436:6:lv_label_get_recolor	8	static
lv_label.c:447:6:lv_label_get_body_draw	8	static
lv_label.c:458:10:lv_label_get_anim_speed	8	static
lv_label.c:476:6:lv_label_get_letter_pos	72	static
lv_label.c:545:10:lv_label_get_letter_on	80	static
lv_label.c:965:13:lv_label_refr_text	104	static
lv_label.c:914:17:lv_label_signal	32	static
lv_label.c:170:6:lv_label_set_text	32	static
lv_label.c:213:6:lv_label_set_array_text	32	static
lv_label.c:247:6:lv_label_set_static_text	24	static
lv_label.c:270:6:lv_label_set_long_mode	24	static
lv_label.c:319:6:lv_label_set_recolor	16	static
lv_label.c:69:12:lv_label_create	32	static
lv_label.c:352:6:lv_label_set_anim_speed	16	static
lv_label.c:626:10:lv_label_get_text_sel_start	0	static
lv_label.c:643:10:lv_label_get_text_sel_end	0	static
lv_label.c:660:6:lv_label_is_char_under_pos	80	static
lv_label.c:749:6:lv_label_ins_text	32	static
lv_label.c:782:6:lv_label_cut_text	16	static
