lv_list.c:908:13:lv_list_is_list_btn	48	static
lv_list.c:157:6:lv_list_clean	8	static
lv_list.c:268:6:lv_list_set_single_mode	8	static
lv_list.c:283:6:lv_list_set_btn_selected	16	static
lv_list.c:176:12:lv_list_add_btn	40	static
lv_list.c:377:6:lv_list_get_single_mode	8	static
lv_list.c:401:12:lv_list_get_btn_label	56	static
lv_list.c:389:14:lv_list_get_btn_text	8	static
lv_list.c:419:12:lv_list_get_btn_img	56	static
lv_list.c:442:12:lv_list_get_prev_btn	16	static
lv_list.c:322:6:lv_list_set_style	32	static
lv_list.c:467:12:lv_list_get_next_btn	16	static
lv_list.c:70:12:lv_list_create	40	static
lv_list.c:678:17:lv_list_signal	32	static
lv_list.c:241:6:lv_list_remove	24	static
lv_list.c:492:9:lv_list_get_btn_index	16	static
lv_list.c:515:10:lv_list_get_size	8	static
lv_list.c:527:12:lv_list_get_btn_selected	8	static
lv_list.c:830:17:lv_list_btn_signal	32	static
lv_list.c:541:20:lv_list_get_style	16	static
lv_list.c:569:6:lv_list_up	72	static
lv_list.c:614:6:lv_list_down	56	static
lv_list.c:655:6:lv_list_focus	16	static
