lv_roller.c:673:13:inf_normalize	32	static
lv_roller.c:700:13:scroll_anim_ready_cb	8	static
lv_roller.c:598:13:refr_position	80	static
lv_roller.c:479:17:lv_roller_scrl_signal	40	static
lv_roller.c:649:13:refr_height	40	static
lv_roller.c:305:13:lv_roller_design	144	static
lv_roller.c:176:6:lv_roller_set_align	8	static
lv_roller.c:207:6:lv_roller_set_visible_row_count	16	static
lv_roller.c:62:12:lv_roller_create	32	static
lv_roller.c:222:6:lv_roller_set_style	8	static
lv_roller.c:239:10:lv_roller_get_selected	16	static
lv_roller.c:190:6:lv_roller_set_selected	16	static
lv_roller.c:384:17:lv_roller_signal	24	static
lv_roller.c:135:6:lv_roller_set_options	48	static
lv_roller.c:255:18:lv_roller_get_align	8	static
lv_roller.c:268:6:lv_roller_get_hor_fit	8	static
lv_roller.c:279:20:lv_roller_get_style	8	static
