ST7735.c:21:6:ST7735_write	16	static
ST7735.c:26:6:ST7735_write_color	16	static
ST7735.c:35:6:ST7735_cmd	8	static
ST7735.c:40:6:ST7735_data	8	static
ST7735.c:45:10:RGB565	0	static
ST7735.c:121:6:ST7735_Orientation	8	static
ST7735.c:49:6:ST7735_Init	8	static
ST7735.c:149:6:ST7735_AddrSet	32	static
ST7735.c:167:6:ST7735_Clear	32	static
ST7735.c:244:6:ST7735_Flush_2	40	static
ST7735.c:184:6:ST7735_Flush_3	8	static
ST7735.c:285:6:ST7735_flush	32	static
ST7735.c:313:6:ST7735_Pixel	24	static
ST7735.c:321:6:ST7735_HLine	32	static
ST7735.c:336:6:ST7735_VLine	32	static
ST7735.c:351:6:ST7735_Line	56	static
ST7735.c:400:6:ST7735_Rect	32	static
ST7735.c:407:6:ST7735_FillRect	40	static
ST7735.c:448:6:ST7735_PutStr5x7	24	static
ST7735.c:455:6:HAL_SPI_TxCpltCallback	8	static
ST7735.c:461:6:HAL_SPI_ErrorCallback	0	static
