ST7735.c:23:6:ST7735_write	16	static
ST7735.c:28:6:ST7735_write_color	16	static
ST7735.c:37:6:ST7735_cmd	8	static
ST7735.c:42:6:ST7735_data	8	static
ST7735.c:47:10:RGB565	0	static
ST7735.c:123:6:ST7735_Orientation	8	static
ST7735.c:51:6:ST7735_Init	8	static
ST7735.c:151:6:ST7735_AddrSet	32	static
ST7735.c:169:6:ST7735_Clear	32	static
ST7735.c:246:6:ST7735_Flush_2	40	static
ST7735.c:186:6:ST7735_Flush_3	8	static
ST7735.c:287:6:ST7735_flush	32	static
ST7735.c:315:6:ST7735_Pixel	24	static
ST7735.c:323:6:ST7735_HLine	32	static
ST7735.c:338:6:ST7735_VLine	32	static
ST7735.c:353:6:ST7735_Line	56	static
ST7735.c:402:6:ST7735_Rect	32	static
ST7735.c:409:6:ST7735_FillRect	40	static
ST7735.c:425:6:ST7735_PutChar5x7	40	static
ST7735.c:450:6:ST7735_PutStr5x7	24	static
ST7735.c:457:6:HAL_SPI_TxCpltCallback	8	static
ST7735.c:463:6:HAL_SPI_ErrorCallback	8	static
