stm32g0xx_hal_msp.c:66:6:HAL_MspInit	8	static
stm32g0xx_hal_msp.c:88:6:HAL_ADC_MspInit	40	static
stm32g0xx_hal_msp.c:122:6:HAL_ADC_MspDeInit	8	static
stm32g0xx_hal_msp.c:151:6:HAL_I2C_MspInit	40	static
stm32g0xx_hal_msp.c:187:6:HAL_I2C_MspDeInit	8	static
stm32g0xx_hal_msp.c:216:6:HAL_RTC_MspInit	8	static
stm32g0xx_hal_msp.c:239:6:HAL_RTC_MspDeInit	0	static
stm32g0xx_hal_msp.c:262:6:HAL_SPI_MspInit	48	static
stm32g0xx_hal_msp.c:332:6:HAL_SPI_MspDeInit	8	static
stm32g0xx_hal_msp.c:383:6:HAL_TIM_Base_MspInit	40	static
stm32g0xx_hal_msp.c:423:6:HAL_TIM_MspPostInit	32	static
stm32g0xx_hal_msp.c:456:6:HAL_TIM_Base_MspDeInit	8	static
stm32g0xx_hal_msp.c:495:6:HAL_UART_MspInit	48	static
stm32g0xx_hal_msp.c:555:6:HAL_UART_MspDeInit	8	static
