w25qxx.c:26:9:W25qxx_Spi	32	static
w25qxx.c:35:10:W25qxx_ReadID	32	static
w25qxx.c:49:6:W25qxx_ReadUniqID	8	static
w25qxx.c:61:6:W25qxx_WriteEnable	16	static
w25qxx.c:70:6:W25qxx_WriteDisable	16	static
w25qxx.c:79:9:W25qxx_ReadStatusRegister	16	static
w25qxx.c:108:6:W25qxx_WriteStatusRegister	16	static
w25qxx.c:131:6:W25qxx_WaitForWriteEnd	16	static
w25qxx.c:146:6:W25qxx_Init	8	static
w25qxx.c:266:6:W25qxx_EraseChip	16	static
w25qxx.c:288:6:W25qxx_EraseSector	16	static
w25qxx.c:323:6:W25qxx_EraseBlock	16	static
w25qxx.c:361:10:W25qxx_PageToSector	8	static
w25qxx.c:367:10:W25qxx_PageToBlock	8	static
w25qxx.c:373:10:W25qxx_SectorToBlock	8	static
w25qxx.c:379:10:W25qxx_SectorToPage	8	static
w25qxx.c:385:10:W25qxx_BlockToPage	8	static
w25qxx.c:391:7:W25qxx_IsEmptyPage	64	static
w25qxx.c:462:7:W25qxx_IsEmptySector	64	static
w25qxx.c:532:7:W25qxx_IsEmptyBlock	64	static
w25qxx.c:602:6:W25qxx_WriteByte	16	static
w25qxx.c:630:7:W25qxx_WritePage	32	static
w25qxx.c:677:7:W25qxx_WriteSector	32	static
w25qxx.c:717:7:W25qxx_WriteBlock	32	static
w25qxx.c:757:7:W25qxx_ReadByte	16	static
w25qxx.c:783:6:W25qxx_ReadBytes	24	static
w25qxx.c:822:7:W25qxx_ReadPage	32	static
w25qxx.c:867:7:W25qxx_ReadSector	32	static
w25qxx.c:907:7:W25qxx_ReadBlock	32	static
w25qxx.c:947:6:HAL_SPI_RxCpltCallback	0	static
