lv_img_decoder.c:477:6:lv_img_decoder_built_in_close	16	static
lv_img_decoder.c:303:10:lv_img_decoder_built_in_open	40	static
lv_img_decoder.c:254:10:lv_img_decoder_built_in_info	32	static
lv_img_decoder.c:443:10:lv_img_decoder_built_in_read_line	232	static
lv_img_decoder.c:88:10:lv_img_decoder_get_info	32	static
lv_img_decoder.c:118:10:lv_img_decoder_open	24	static
lv_img_decoder.c:162:10:lv_img_decoder_read_line	24	static
lv_img_decoder.c:174:6:lv_img_decoder_close	8	static
lv_img_decoder.c:185:20:lv_img_decoder_create	8	static
lv_img_decoder.c:61:6:lv_img_decoder_init	8	static
lv_img_decoder.c:201:6:lv_img_decoder_delete	8	static
lv_img_decoder.c:212:6:lv_img_decoder_set_info_cb	0	static
lv_img_decoder.c:222:6:lv_img_decoder_set_open_cb	0	static
lv_img_decoder.c:232:6:lv_img_decoder_set_read_line_cb	0	static
lv_img_decoder.c:242:6:lv_img_decoder_set_close_cb	0	static
