lv_indev.c:1226:13:indev_reset_check	0	static
lv_indev.c:988:19:indev_search_obj	24	static
lv_indev.c:683:13:indev_proc_press	48	static
lv_indev.c:826:13:indev_proc_release	48	static
lv_indev.c:963:13:indev_proc_reset_query_handler	16	static
lv_indev.c:151:6:lv_indev_reset.part.1	8	static
lv_indev.c:64:6:lv_indev_init	8	static
lv_indev.c:73:6:lv_indev_read_task	64	static
lv_indev.c:131:14:lv_indev_get_act	0	static
lv_indev.c:141:17:lv_indev_get_type	0	static
lv_indev.c:151:6:lv_indev_reset	8	static
lv_indev.c:169:6:lv_indev_reset_long_press	8	static
lv_indev.c:181:6:lv_indev_enable	0	static
lv_indev.c:193:6:lv_indev_set_cursor	16	static
lv_indev.c:208:6:lv_indev_set_group	0	static
lv_indev.c:222:6:lv_indev_set_button_points	0	static
lv_indev.c:234:6:lv_indev_get_point	0	static
lv_indev.c:250:10:lv_indev_get_key	0	static
lv_indev.c:264:6:lv_indev_is_dragging	0	static
lv_indev.c:277:6:lv_indev_get_vect	0	static
lv_indev.c:298:6:lv_indev_wait_release	0	static
lv_indev.c:309:13:lv_indev_get_read_task	0	static
lv_indev.c:323:12:lv_indev_get_obj_act	0	static
