screen_audio.c:792:13:btn_audio	24	static
screen_audio.c:773:13:btn_stereo	16	static
screen_audio.c:837:13:btn_processador	16	static
screen_audio.c:820:13:btn_emphase	16	static
screen_audio.c:856:13:btn_clipper	16	static
screen_audio.c:875:13:btn_mp3	8	static
screen_audio.c:764:13:btn_event_esc	8	static
screen_audio.c:623:6:btn_next	16	static
screen_audio.c:95:6:screen_audio	32	static
screen_audio.c:704:13:btn_event_prev1	8	static
screen_audio.c:653:6:btn_next1	16	static
screen_audio.c:683:6:btn_prev1	16	static
screen_audio.c:292:6:screen_audio_1	32	static
screen_audio.c:644:13:btn_event_next	8	static
screen_audio.c:734:13:btn_event_prev2	8	static
screen_audio.c:713:6:btn_prev2	16	static
screen_audio.c:440:6:screen_audio_2	32	static
screen_audio.c:674:13:btn_event_next1	8	static
screen_audio.c:743:6:btn_esc	16	static
screen_audio.c:913:6:update_sel_button_Audio	16	static
screen_audio.c:975:6:update_sel_button_Audio_1	16	static
screen_audio.c:1011:6:update_sel_button_Audio_2	16	static
screen_audio.c:1093:6:ButtonEventTelaAudio	16	static
screen_audio.c:1152:6:ButtonEventTelaAudio_1	16	static
screen_audio.c:1208:6:ButtonEventTelaAudio_2	24	static
