screen_rf.c:525:13:btn_power	8	static
screen_rf.c:481:13:btn_event_esc_rf	8	static
screen_rf.c:753:13:event_handler_swr	56	static
screen_rf.c:855:13:event_handler_target	56	static
screen_rf.c:233:6:create_vumeter_swr	32	static
screen_rf.c:260:6:create_vumeter_pwr	32	static
screen_rf.c:287:6:update_vumeter_swr	24	static
screen_rf.c:877:13:update_rf	8	static
screen_rf.c:310:6:update_vumeter_fwd	24	static
screen_rf.c:882:13:update_rf_1	8	static
screen_rf.c:333:6:update_vumeter_pwr	24	static
screen_rf.c:345:6:print_pwr	32	static
screen_rf.c:157:6:screen_RF_2	16	static
screen_rf.c:632:13:btn_event_next_rf1	8	static
screen_rf.c:366:6:print_reflected	32	static
screen_rf.c:400:6:print_forward	32	static
screen_rf.c:433:6:create_vumeter_fwd	32	static
screen_rf.c:460:6:btn_esc_rf	16	static
screen_rf.c:580:6:btn_next_rf	16	static
screen_rf.c:611:6:btn_next_rf1	16	static
screen_rf.c:675:6:prog_swr	48	static
screen_rf.c:91:6:screen_rf	16	static
screen_rf.c:775:6:prog_target	48	static
screen_rf.c:124:6:screen_RF_1	16	static
screen_rf.c:601:13:btn_event_next_rf	8	static
screen_rf.c:887:6:update_style_roller_rf	16	static
screen_rf.c:911:6:update_style_roller_rf_1	16	static
screen_rf.c:935:6:ButtonEventTelaRF	64	static
screen_rf.c:1036:6:ButtonEventTelaRF_1	64	static
screen_rf.c:1135:6:ButtonEventTelaRF_2	16	static
